******************************************************************************
              TMS320C55x Linker PC v4.4.1                      
******************************************************************************
>> Linked Sun Apr 09 02:10:24 2017

OUTPUT FILE NAME:   <char_transmitter.out>
ENTRY POINT SYMBOL: "_c_int00"  address: 000149b6


MEMORY CONFIGURATION

         name            origin    length      used     unused   attr    fill
                        (bytes)   (bytes)    (bytes)   (bytes)
----------------------  --------  ---------  --------  --------  ----  --------
  MMR                   00000000   000000c0  00000000  000000c0  RWIX
  DARAM0                000000c0   00001f40  00000ea0  000010a0  RWIX
  DARAM1                00002000   00002000  00000000  00002000  RWIX
  DARAM2                00004000   00002000  00000000  00002000  RWIX
  DARAM3                00006000   00002000  00000000  00002000  RWIX
  DARAM4                00008000   00002000  00000400  00001c00  RWIX
  DARAM5                0000a000   00002000  00000750  000018b0  RWIX
  DARAM6                0000c000   00002000  00000000  00002000  RWIX
  DARAM7                0000e000   00002000  00000000  00002000  RWIX
  SARAM0                00010000   00002000  00002000  00000000  RWIX
  SARAM1                00012000   00002000  00001fff  00000001  RWIX
  SARAM2                00014000   00002000  00000ace  00001532  RWIX
  SARAM3                00016000   00002000  00000000  00002000  RWIX
  SARAM4                00018000   00002000  00000000  00002000  RWIX
  SARAM5                0001a000   00002000  00000000  00002000  RWIX
  SARAM6                0001c000   00002000  00000000  00002000  RWIX
  SARAM7                0001e000   00002000  00000000  00002000  RWIX
  SARAM8                00020000   00002000  00000000  00002000  RWIX
  SARAM9                00022000   00002000  00000000  00002000  RWIX
  SARAM10               00024000   00002000  00000000  00002000  RWIX
  SARAM11               00026000   00002000  00000000  00002000  RWIX
  SARAM12               00028000   00002000  00000000  00002000  RWIX
  SARAM13               0002a000   00002000  00000000  00002000  RWIX
  SARAM14               0002c000   00002000  00000000  00002000  RWIX
  SARAM15               0002e000   00002000  00000000  00002000  RWIX
  SARAM16               00030000   00002000  00000000  00002000  RWIX
  SARAM17               00032000   00002000  00000000  00002000  RWIX
  SARAM18               00034000   00002000  00000000  00002000  RWIX
  SARAM19               00036000   00002000  00000000  00002000  RWIX
  SARAM20               00038000   00002000  00000000  00002000  RWIX
  SARAM21               0003a000   00002000  00000000  00002000  RWIX
  SARAM22               0003c000   00002000  00000000  00002000  RWIX
  SARAM23               0003e000   00002000  00000000  00002000  RWIX
  SARAM24               00040000   00002000  00000000  00002000  RWIX
  SARAM25               00042000   00002000  00000000  00002000  RWIX
  SARAM26               00044000   00002000  00000000  00002000  RWIX
  SARAM27               00046000   00002000  00000000  00002000  RWIX
  SARAM28               00048000   00002000  00000000  00002000  RWIX
  SARAM29               0004a000   00002000  00000000  00002000  RWIX
  SARAM30               0004c000   00002000  00000000  00002000  RWIX
  SARAM31               0004e000   00002000  00000000  00002000  RWIX
  CS0                   00050000   007b0000  00000000  007b0000  RWIX
  CS2                   00800000   00400000  00000000  00400000  RWIX
  CS3                   00c00000   00200000  00000000  00200000  RWIX
  CS4                   00e00000   00100000  00000000  00100000  RWIX
  CS5                   00f00000   000e0000  00000000  000e0000  RWIX
  ROM                   00fe0000   0001ff00  00000000  0001ff00  RWIX
  VECS                  00ffff00   00000100  00000100  00000000  RWIX


SECTION ALLOCATION MAP
(Addresses surrounded by []'s are displayed for convenience only!)

output                                                          attributes/
section   page  orgn(bytes) orgn(words) len(bytes) len(words)   input sections
--------  ----  ----------- ----------- ---------- ----------   --------------
.sysstack 
*            0   [ 000000c0 ]  00000060          *   00000200   UNINITIALIZED
                 [ 000000c0 ]  00000060          *   00000200   --HOLE--

.cinit       0   [ 000004c0 ]  00000260          *   000001c8   
                 [ 000004c0 ]  00000260          *   00000150   char_transmitter.obj (.cinit)
                 [ 00000760 ]  000003b0          *   0000002d   rts55x.lib : lowlev.obj (.cinit)
                 [ 000007ba ]  000003dd          *   0000002a              : defs.obj (.cinit)
                 [ 0000080e ]  00000407          *   0000000a              : _lock.obj (.cinit)
                 [ 00000822 ]  00000411          *   0000000a              : exit.obj (.cinit)
                 [ 00000836 ]  0000041b          *   00000004              : fopen.obj (.cinit)
                 [ 0000083e ]  0000041f          *   00000004              : memory.obj (.cinit)
                 [ 00000846 ]  00000423          *   00000004   usbstk5515bsl.lib : usbstk5515_i2c.obj (.cinit)
                 [ 0000084e ]  00000427          *   00000001   --HOLE-- [fill = 0]

.const       0   [ 00000850 ]  00000428          *   00000168   
                 [ 00000850 ]  00000428          *   00000101   rts55x.lib : ctype.obj (.const:__ctypes_)
                 [ 00000a52 ]  00000529          *   00000001   --HOLE-- [fill = 0]
                 [ 00000a54 ]  0000052a          *   00000028   char_transmitter.obj (.const:.string)
                 [ 00000aa4 ]  00000552          *   00000024   rts55x.lib : _printfi.obj (.const:.string)
                 [ 00000aec ]  00000576          *   0000000c              : _printfi.obj (.const)
                 [ 00000b04 ]  00000582          *   00000008              : divd.obj (.const:_initial_approx$1)
                 [ 00000b14 ]  0000058a          *   00000002              : fputs.obj (.const:.string)
                 [ 00000b18 ]  0000058c          *   00000002              : divd.obj (.const)
                 [ 00000b1c ]  0000058e          *   00000002              : fltlid.obj (.const)

.cio         0   [ 00000b20 ]  00000590          *   00000120   UNINITIALIZED
                 [ 00000b20 ]  00000590          *   00000120   rts55x.lib : trgmsg.obj (.cio)

.stack       0   [ 00000d60 ]  000006b0          *   00000100   UNINITIALIZED
                 [ 00000d60 ]  000006b0          *   00000100   --HOLE--

.sysmem      0   [ 00008000 ]  00004000          *   00000200   UNINITIALIZED
                 [ 00008000 ]  00004000          *   00000200   --HOLE--

.data        0   [ 00008000 ]  00004000          *   00000000   UNINITIALIZED

.bss         0   [ 0000a000 ]  00005000          *   000003a8   UNINITIALIZED
                 [ 0000a000 ]  00005000          *   0000013d   char_transmitter.obj (.bss)
                 [ 0000a27a ]  0000513d          *   00000001   rts55x.lib : fopen.obj (.bss)
                 [ 0000a27c ]  0000513e          *   00000119              : defs.obj (.bss)
                 [ 0000a4ae ]  00005257          *   000000d0              : trgdrv.obj (.bss)
                 [ 0000a64e ]  00005327          *   00000001   usbstk5515bsl.lib : usbstk5515_i2c.obj (.bss)
                 [ 0000a650 ]  00005328          *   00000071   rts55x.lib : lowlev.obj (.bss)
                 [ 0000a732 ]  00005399          *   00000001   --HOLE--
                 [ 0000a734 ]  0000539a          *   00000006              : memory.obj (.bss)
                 [ 0000a740 ]  000053a0          *   00000004              : _lock.obj (.bss)
                 [ 0000a748 ]  000053a4          *   00000004              : exit.obj (.bss)

.text.1      0     00010000  [ 00008000 ] 00002000          *   
                   00010000  [ 00008000 ] 00001598          *   rts55x.lib : _printfi.obj (.text)
                   00011598  [ 00008acc ] 00000653          *   char_transmitter.obj (.text)
                   00011beb  [ 00008df5+] 0000036c          *   rts55x.lib : divd.obj (.text)
                   00011f57  [ 00008fab+] 000000a6          *              : fputc.obj (.text)
                   00011ffd  [ 00008ffe+] 00000002          *              : vectors.obj (.text)
                   00011fff  [ 00008fff ] 00000001          *   --HOLE-- [fill = 20]

.text.2      0     00012000  [ 00009000 ] 00001fff          *   
                   00012000  [ 00009000 ] 00000543          *   rts55x.lib : lowlev.obj (.text)
                   00012543  [ 000092a1+] 00000528          *              : trgdrv.obj (.text)
                   00012a6b  [ 00009535+] 000004b5          *              : memory.obj (.text)
                   00012f20  [ 00009790 ] 0000027f          *              : fopen.obj (.text)
                   0001319f  [ 000098cf+] 0000025e          *              : llmpy.obj (.text)
                   000133fd  [ 000099fe+] 00000259          *              : addd.obj (.text)
                   00013656  [ 00009b2b ] 000001ea          *              : cmpd.obj (.text)
                   00013840  [ 00009c20 ] 00000163          *              : fputs.obj (.text)
                   000139a3  [ 00009cd1+] 00000156          *   usbstk5515bsl.lib : usbstk5515_gpio.obj (.text)
                   00013af9  [ 00009d7c+] 0000014c          *   rts55x.lib : mpyd.obj (.text)
                   00013c45  [ 00009e22+] 0000013e          *   usbstk5515bsl.lib : usbstk5515_i2c.obj (.text)
                   00013d83  [ 00009ec1+] 000000e6          *   rts55x.lib : setvbuf.obj (.text)
                   00013e69  [ 00009f34+] 000000dd          *              : _io_perm.obj (.text)
                   00013f46  [ 00009fa3 ] 000000ae          *              : _bufread.obj (.text)
                   00013ff4  [ 00009ffa ] 0000000a          *              : remove.obj (.text)
                   00013ffe  [ 00009fff ] 00000001          *   --HOLE-- [fill = 20]

.text.3      0     00014000  [ 0000a000 ] 00000ace          *   
                   00014000  [ 0000a000 ] 000000c8          *   rts55x.lib : frcmpyd_div.obj (.text)
                   000140c8  [ 0000a064 ] 000000c2          *              : fflush.obj (.text)
                   0001418a  [ 0000a0c5 ] 000000ba          *              : trgmsg.obj (.text:CIO_breakpoint)
                   00014244  [ 0000a122 ] 000000a1          *              : divul.obj (.text)
                   000142e5  [ 0000a172+] 0000009b          *              : fgetc.obj (.text)
                   00014380  [ 0000a1c0 ] 0000007d          *              : ltoa.obj (.text)
                   000143fd  [ 0000a1fe+] 0000007b          *              : fclose.obj (.text)
                   00014478  [ 0000a23c ] 00000076          *              : frcmpyd.obj (.text)
                   000144ee  [ 0000a277 ] 00000072          *              : remul.obj (.text)
                   00014560  [ 0000a2b0 ] 0000006f          *              : fixdli.obj (.text)
                   000145cf  [ 0000a2e7+] 0000006d          *              : trgmsg.obj (.text)
                   0001463c  [ 0000a31e ] 0000006b          *              : fseek.obj (.text)
                   000146a7  [ 0000a353+] 00000067          *              : fltlid.obj (.text)
                   0001470e  [ 0000a387 ] 0000005c          *              : atoi.obj (.text)
                   0001476a  [ 0000a3b5 ] 00000054          *   usbstk5515bsl.lib : usbstk5515.obj (.text)
                   000147be  [ 0000a3df ] 00000050          *   rts55x.lib : printf.obj (.text)
                   0001480e  [ 0000a407 ] 0000004d          *              : autoinit.obj (.text)
                   0001485b  [ 0000a42d+] 0000004b          *              : args_main.obj (.text)
                   000148a6  [ 0000a453 ] 0000004b          *              : remli.obj (.text)
                   000148f1  [ 0000a478+] 00000048          *              : divli.obj (.text)
                   00014939  [ 0000a49c+] 0000003f          *              : memcpy.obj (.text)
                   00014978  [ 0000a4bc ] 0000003e          *              : exit.obj (.text)
                   000149b6  [ 0000a4db ] 00000034          *              : boot.obj (.text)
                   000149ea  [ 0000a4f5 ] 0000002a          *              : fixdi.obj (.text)
                   00014a14  [ 0000a50a ] 0000002a          *              : udiv.obj (.text)
                   00014a3e  [ 0000a51f ] 00000023          *              : memccpy.obj (.text)
                   00014a61  [ 0000a530+] 0000001c          *              : isinf.obj (.text)
                   00014a7d  [ 0000a53e+] 00000014          *              : subd.obj (.text)
                   00014a91  [ 0000a548+] 00000013          *              : lmpy.obj (.text)
                   00014aa4  [ 0000a552 ] 00000012          *              : _lock.obj (.text)
                   00014ab6  [ 0000a55b ] 00000010          *              : negd.obj (.text)
                   00014ac6  [ 0000a563 ] 00000007          *              : exit.obj (.text:CIO_breakpoint)
                   00014acd  [ 0000a566 ] 00000001          *   --HOLE-- [fill = 20]

vectors      0     00ffff00  [ 007fff80 ] 00000100          *   NOLOAD SECTION
                   00ffff00  [ 007fff80 ] 00000100          *   rts55x.lib : vectors.obj (vectors)


GLOBAL SYMBOLS: SORTED ALPHABETICALLY BY Name 

abs. value/
byte addr   word addr   name
---------   ---------   ----
00000002                $TI_capability$C5500$CallingConvention
00000002                $TI_capability$C5500$MemoryModel
00000001                $TI_capability_requires_rev3
            00005000    .bss
            00004000    .data
ffffffff                .text
00014ac7                C$$EXIT
0001423f                C$$IO$$
00014a91                I$$LMPY
00014a14                I$$UDIV
00014a29                I$$UMOD
00011847                _AIC3204_config
000117da                _AIC3204_rget
00011825                _AIC3204_rset
00012a0d                _HOSTclock
000129a2                _HOSTclose
000128ed                _HOSTlseek
0001284e                _HOSTopen
000127c1                _HOSTread
00012713                _HOSTrename
000126b5                _HOSTtime
0001264b                _HOSTunlink
000125be                _HOSTwrite
            00005000    _LEFT_DATA
            00005001    _RIGHT_DATA
00ffff00                _Reset
00013aa1                _USBSTK5515_GPIO_getInput
000139a3                _USBSTK5515_GPIO_init
000139a7                _USBSTK5515_GPIO_setDirection
00013a24                _USBSTK5515_GPIO_setOutput
00013c64                _USBSTK5515_I2C_close
00013c45                _USBSTK5515_I2C_init
00013d0a                _USBSTK5515_I2C_read
00013c6d                _USBSTK5515_I2C_reset
00013c7b                _USBSTK5515_I2C_write
000147b0                _USBSTK5515_init
0001476a                _USBSTK5515_wait
0001479e                _USBSTK5515_waitusec
            00000590    __CIOBUF_
            000007b0    __STACK_END
00000200                __STACK_SIZE
00000400                __SYSMEM_SIZE
00000400                __SYSSTACK_SIZE
ffffffff                ___binit__
            00005000    ___bss__
ffffffff                ___c_args__
            00000260    ___cinit__
            00004000    ___data__
            00004000    ___edata__
            000053a8    ___end__
ffffffff                ___etext__
00014a61                ___isinf
ffffffff                ___pinit__
ffffffff                ___text__
000133fd                __addd
0001485b                __args_main
00013f46                __buff_read
00013041                __cleanup
            000053a4    __cleanup_ptr
000137e8                __cmpd
            00000428    __ctypes_
00011c0d                __divd
000148f1                __divli
000133c8                __divlli
00014a14                __divu
00014244                __divul
000132d4                __divull
000140c8                __doflush
            000053a6    __dtors_ptr
000137b4                __eqld
000149ea                __fixdi
00014560                __fixdli
000146a7                __fltlid
00014478                __frcmpyd
00014000                __frcmpyd_div
            00005256    __ft_end
            0000513e    __ftable
0001376a                __geqd
0001371f                __gtrd
000136d2                __leqd
            000053a0    __lock
0001368a                __lssd
00013af9                __mpyd
00014a91                __mpyli
0001321c                __mpylli
00014ab6                __negd
00013656                __neqd
00014ab4                __nop
00011356                __printfi
00013ee9                __rd_ok
00014aac                __register_lock
00014aa4                __register_unlock
000148a6                __remli
000131ed                __remlli
00014a29                __remu
000144ee                __remul
0001319f                __remull
            000006b0    __stack
00014a7d                __subd
            00004000    __sys_memory
            00000060    __sysstack
            000051b6    __tmpnams
            000053a2    __unlock
00013e69                __wrt_ok
00014ac6                _abort
00012453                _add_device
0001470e                _atoi
0001480e                _auto_init
000149b6                _c_int00
00012efa                _calloc
00012ef2                _chkheap
000123e0                _close
00011654                _convert_to_ascii
            00005012    _data_count
            00005075    _data_one
            00005002    _data_to_send
            00005015    _data_zero
00014978                _exit
000143fd                _fclose
00014131                _fflush
000142e5                _fgetc
000123d7                _find_registered_device
00013164                _fopen
00011f57                _fputc
00013840                _fputs
00012a6b                _free
00012e9c                _free_memory
0001309b                _freopen
0001463c                _fseek
000142e5                _getc
00014371                _getchar
00012543                _getenv
000119e5                _getline
            00005327    _i2c_timeout
00012371                _lseek
00014380                _ltoa
00011a96                _main
00012b9c                _malloc
00012e42                _max_free
00014a3e                _memccpy
00014939                _memcpy
00012b37                _minit
000122b2                _open
000147be                _printf
00011f57                _putc
00011fee                _putchar
00013975                _puts
00012204                _read
000145cf                _readmsg
00012c91                _realloc
00013ff4                _remove
000121ce                _remove_device
00012175                _rename
00011598                _send_one
000115f6                _send_zero
00013d83                _setvbuf
000116d8                _transmit
00012142                _unlink
            00005013    _values_sent
00012000                _write
0001418a                _writemsg
            00005014    _xmit_seq
ffffffff                binit
            00000260    cinit
            00004000    edata
            000053a8    end
ffffffff                etext
ffffffff                pinit


GLOBAL SYMBOLS: SORTED BY Symbol Address 

abs. value/
byte addr   word addr   name
---------   ---------   ----
00000001                $TI_capability_requires_rev3
00000002                $TI_capability$C5500$CallingConvention
00000002                $TI_capability$C5500$MemoryModel
            00000060    __sysstack
00000200                __STACK_SIZE
00000400                __SYSMEM_SIZE
00000400                __SYSSTACK_SIZE
            00000260    ___cinit__
            00000260    cinit
            00000428    __ctypes_
            00000590    __CIOBUF_
            000006b0    __stack
            000007b0    __STACK_END
            00004000    .data
            00004000    ___data__
            00004000    ___edata__
            00004000    __sys_memory
            00004000    edata
            00005000    .bss
            00005000    _LEFT_DATA
            00005000    ___bss__
            00005001    _RIGHT_DATA
            00005002    _data_to_send
            00005012    _data_count
            00005013    _values_sent
            00005014    _xmit_seq
            00005015    _data_zero
            00005075    _data_one
            0000513e    __ftable
            000051b6    __tmpnams
            00005256    __ft_end
            00005327    _i2c_timeout
            000053a0    __lock
            000053a2    __unlock
            000053a4    __cleanup_ptr
            000053a6    __dtors_ptr
            000053a8    ___end__
            000053a8    end
00011356                __printfi
00011598                _send_one
000115f6                _send_zero
00011654                _convert_to_ascii
000116d8                _transmit
000117da                _AIC3204_rget
00011825                _AIC3204_rset
00011847                _AIC3204_config
000119e5                _getline
00011a96                _main
00011c0d                __divd
00011f57                _fputc
00011f57                _putc
00011fee                _putchar
00012000                _write
00012142                _unlink
00012175                _rename
000121ce                _remove_device
00012204                _read
000122b2                _open
00012371                _lseek
000123d7                _find_registered_device
000123e0                _close
00012453                _add_device
00012543                _getenv
000125be                _HOSTwrite
0001264b                _HOSTunlink
000126b5                _HOSTtime
00012713                _HOSTrename
000127c1                _HOSTread
0001284e                _HOSTopen
000128ed                _HOSTlseek
000129a2                _HOSTclose
00012a0d                _HOSTclock
00012a6b                _free
00012b37                _minit
00012b9c                _malloc
00012c91                _realloc
00012e42                _max_free
00012e9c                _free_memory
00012ef2                _chkheap
00012efa                _calloc
00013041                __cleanup
0001309b                _freopen
00013164                _fopen
0001319f                __remull
000131ed                __remlli
0001321c                __mpylli
000132d4                __divull
000133c8                __divlli
000133fd                __addd
00013656                __neqd
0001368a                __lssd
000136d2                __leqd
0001371f                __gtrd
0001376a                __geqd
000137b4                __eqld
000137e8                __cmpd
00013840                _fputs
00013975                _puts
000139a3                _USBSTK5515_GPIO_init
000139a7                _USBSTK5515_GPIO_setDirection
00013a24                _USBSTK5515_GPIO_setOutput
00013aa1                _USBSTK5515_GPIO_getInput
00013af9                __mpyd
00013c45                _USBSTK5515_I2C_init
00013c64                _USBSTK5515_I2C_close
00013c6d                _USBSTK5515_I2C_reset
00013c7b                _USBSTK5515_I2C_write
00013d0a                _USBSTK5515_I2C_read
00013d83                _setvbuf
00013e69                __wrt_ok
00013ee9                __rd_ok
00013f46                __buff_read
00013ff4                _remove
00014000                __frcmpyd_div
000140c8                __doflush
00014131                _fflush
0001418a                _writemsg
0001423f                C$$IO$$
00014244                __divul
000142e5                _fgetc
000142e5                _getc
00014371                _getchar
00014380                _ltoa
000143fd                _fclose
00014478                __frcmpyd
000144ee                __remul
00014560                __fixdli
000145cf                _readmsg
0001463c                _fseek
000146a7                __fltlid
0001470e                _atoi
0001476a                _USBSTK5515_wait
0001479e                _USBSTK5515_waitusec
000147b0                _USBSTK5515_init
000147be                _printf
0001480e                _auto_init
0001485b                __args_main
000148a6                __remli
000148f1                __divli
00014939                _memcpy
00014978                _exit
000149b6                _c_int00
000149ea                __fixdi
00014a14                I$$UDIV
00014a14                __divu
00014a29                I$$UMOD
00014a29                __remu
00014a3e                _memccpy
00014a61                ___isinf
00014a7d                __subd
00014a91                I$$LMPY
00014a91                __mpyli
00014aa4                __register_unlock
00014aac                __register_lock
00014ab4                __nop
00014ab6                __negd
00014ac6                _abort
00014ac7                C$$EXIT
00ffff00                _Reset
ffffffff                .text
ffffffff                ___binit__
ffffffff                ___c_args__
ffffffff                ___etext__
ffffffff                ___pinit__
ffffffff                ___text__
ffffffff                binit
ffffffff                etext
ffffffff                pinit

[168 symbols]
