<?xml version="1.0"?>
<link_info>
   <banner>TMS320C55x Linker PC v4.4.1</banner>
   <copyright>Copyright (c) 1996-2012 Texas Instruments Incorporated</copyright>
   <link_time>0x58e94ab8</link_time>
   <output_file>char_transmitter.out</output_file>
   <entry_point>
      <name>_c_int00</name>
      <address>0x149b6</address>
   </entry_point>
   <input_file_list>
      <input_file id="fl-2">
         <path>.\</path>
         <kind>object</kind>
         <file>char_transmitter.obj</file>
         <name>char_transmitter.obj</name>
      </input_file>
      <input_file id="fl-8">
         <path>C:\Program Files (x86)\Texas Instruments\ccsv4\tools\compiler\c5500\lib\</path>
         <kind>archive</kind>
         <file>rts55x.lib</file>
         <name>boot.obj</name>
      </input_file>
      <input_file id="fl-9">
         <path>C:\Program Files (x86)\Texas Instruments\ccsv4\tools\compiler\c5500\lib\</path>
         <kind>archive</kind>
         <file>rts55x.lib</file>
         <name>exit.obj</name>
      </input_file>
      <input_file id="fl-a">
         <path>C:\Program Files (x86)\Texas Instruments\ccsv4\tools\compiler\c5500\lib\</path>
         <kind>archive</kind>
         <file>rts55x.lib</file>
         <name>memory.obj</name>
      </input_file>
      <input_file id="fl-b">
         <path>C:\Program Files (x86)\Texas Instruments\ccsv4\tools\compiler\c5500\lib\</path>
         <kind>archive</kind>
         <file>rts55x.lib</file>
         <name>vectors.obj</name>
      </input_file>
      <input_file id="fl-c">
         <path>C:\Program Files (x86)\Texas Instruments\ccsv4\tools\compiler\c5500\lib\</path>
         <kind>archive</kind>
         <file>rts55x.lib</file>
         <name>_lock.obj</name>
      </input_file>
      <input_file id="fl-d">
         <path>C:\Program Files (x86)\Texas Instruments\ccsv4\tools\compiler\c5500\lib\</path>
         <kind>archive</kind>
         <file>rts55x.lib</file>
         <name>args_main.obj</name>
      </input_file>
      <input_file id="fl-e">
         <path>C:\Program Files (x86)\Texas Instruments\ccsv4\tools\compiler\c5500\lib\</path>
         <kind>archive</kind>
         <file>rts55x.lib</file>
         <name>defs.obj</name>
      </input_file>
      <input_file id="fl-f">
         <path>C:\Program Files (x86)\Texas Instruments\ccsv4\tools\compiler\c5500\lib\</path>
         <kind>archive</kind>
         <file>rts55x.lib</file>
         <name>fgetc.obj</name>
      </input_file>
      <input_file id="fl-10">
         <path>C:\Program Files (x86)\Texas Instruments\ccsv4\tools\compiler\c5500\lib\</path>
         <kind>archive</kind>
         <file>rts55x.lib</file>
         <name>fputs.obj</name>
      </input_file>
      <input_file id="fl-11">
         <path>C:\Program Files (x86)\Texas Instruments\ccsv4\tools\compiler\c5500\lib\</path>
         <kind>archive</kind>
         <file>rts55x.lib</file>
         <name>lowlev.obj</name>
      </input_file>
      <input_file id="fl-12">
         <path>C:\Program Files (x86)\Texas Instruments\ccsv4\tools\compiler\c5500\lib\</path>
         <kind>archive</kind>
         <file>rts55x.lib</file>
         <name>printf.obj</name>
      </input_file>
      <input_file id="fl-13">
         <path>C:\Program Files (x86)\Texas Instruments\ccsv4\tools\compiler\c5500\lib\</path>
         <kind>archive</kind>
         <file>rts55x.lib</file>
         <name>setvbuf.obj</name>
      </input_file>
      <input_file id="fl-14">
         <path>C:\Program Files (x86)\Texas Instruments\ccsv4\tools\compiler\c5500\lib\</path>
         <kind>archive</kind>
         <file>rts55x.lib</file>
         <name>trgdrv.obj</name>
      </input_file>
      <input_file id="fl-15">
         <path>C:\Program Files (x86)\Texas Instruments\ccsv4\tools\compiler\c5500\lib\</path>
         <kind>archive</kind>
         <file>rts55x.lib</file>
         <name>autoinit.obj</name>
      </input_file>
      <input_file id="fl-16">
         <path>C:\Program Files (x86)\Texas Instruments\ccsv4\tools\compiler\c5500\lib\</path>
         <kind>archive</kind>
         <file>rts55x.lib</file>
         <name>memcpy.obj</name>
      </input_file>
      <input_file id="fl-17">
         <path>C:\Program Files (x86)\Texas Instruments\ccsv4\tools\compiler\c5500\lib\</path>
         <kind>archive</kind>
         <file>rts55x.lib</file>
         <name>trgmsg.obj</name>
      </input_file>
      <input_file id="fl-18">
         <path>C:\Program Files (x86)\Texas Instruments\ccsv4\tools\compiler\c5500\lib\</path>
         <kind>archive</kind>
         <file>rts55x.lib</file>
         <name>_bufread.obj</name>
      </input_file>
      <input_file id="fl-19">
         <path>C:\Program Files (x86)\Texas Instruments\ccsv4\tools\compiler\c5500\lib\</path>
         <kind>archive</kind>
         <file>rts55x.lib</file>
         <name>_io_perm.obj</name>
      </input_file>
      <input_file id="fl-1a">
         <path>C:\Program Files (x86)\Texas Instruments\ccsv4\tools\compiler\c5500\lib\</path>
         <kind>archive</kind>
         <file>rts55x.lib</file>
         <name>_printfi.obj</name>
      </input_file>
      <input_file id="fl-1b">
         <path>C:\Program Files (x86)\Texas Instruments\ccsv4\tools\compiler\c5500\lib\</path>
         <kind>archive</kind>
         <file>rts55x.lib</file>
         <name>atoi.obj</name>
      </input_file>
      <input_file id="fl-1c">
         <path>C:\Program Files (x86)\Texas Instruments\ccsv4\tools\compiler\c5500\lib\</path>
         <kind>archive</kind>
         <file>rts55x.lib</file>
         <name>ctype.obj</name>
      </input_file>
      <input_file id="fl-1d">
         <path>C:\Program Files (x86)\Texas Instruments\ccsv4\tools\compiler\c5500\lib\</path>
         <kind>archive</kind>
         <file>rts55x.lib</file>
         <name>fflush.obj</name>
      </input_file>
      <input_file id="fl-1e">
         <path>C:\Program Files (x86)\Texas Instruments\ccsv4\tools\compiler\c5500\lib\</path>
         <kind>archive</kind>
         <file>rts55x.lib</file>
         <name>fopen.obj</name>
      </input_file>
      <input_file id="fl-1f">
         <path>C:\Program Files (x86)\Texas Instruments\ccsv4\tools\compiler\c5500\lib\</path>
         <kind>archive</kind>
         <file>rts55x.lib</file>
         <name>fputc.obj</name>
      </input_file>
      <input_file id="fl-20">
         <path>C:\Program Files (x86)\Texas Instruments\ccsv4\tools\compiler\c5500\lib\</path>
         <kind>archive</kind>
         <file>rts55x.lib</file>
         <name>fseek.obj</name>
      </input_file>
      <input_file id="fl-21">
         <path>C:\Program Files (x86)\Texas Instruments\ccsv4\tools\compiler\c5500\lib\</path>
         <kind>archive</kind>
         <file>rts55x.lib</file>
         <name>ltoa.obj</name>
      </input_file>
      <input_file id="fl-22">
         <path>C:\Program Files (x86)\Texas Instruments\ccsv4\tools\compiler\c5500\lib\</path>
         <kind>archive</kind>
         <file>rts55x.lib</file>
         <name>memccpy.obj</name>
      </input_file>
      <input_file id="fl-23">
         <path>C:\Program Files (x86)\Texas Instruments\ccsv4\tools\compiler\c5500\lib\</path>
         <kind>archive</kind>
         <file>rts55x.lib</file>
         <name>llmpy.obj</name>
      </input_file>
      <input_file id="fl-24">
         <path>C:\Program Files (x86)\Texas Instruments\ccsv4\tools\compiler\c5500\lib\</path>
         <kind>archive</kind>
         <file>rts55x.lib</file>
         <name>udiv.obj</name>
      </input_file>
      <input_file id="fl-25">
         <path>C:\Program Files (x86)\Texas Instruments\ccsv4\tools\compiler\c5500\lib\</path>
         <kind>archive</kind>
         <file>rts55x.lib</file>
         <name>cmpd.obj</name>
      </input_file>
      <input_file id="fl-26">
         <path>C:\Program Files (x86)\Texas Instruments\ccsv4\tools\compiler\c5500\lib\</path>
         <kind>archive</kind>
         <file>rts55x.lib</file>
         <name>divd.obj</name>
      </input_file>
      <input_file id="fl-27">
         <path>C:\Program Files (x86)\Texas Instruments\ccsv4\tools\compiler\c5500\lib\</path>
         <kind>archive</kind>
         <file>rts55x.lib</file>
         <name>divli.obj</name>
      </input_file>
      <input_file id="fl-28">
         <path>C:\Program Files (x86)\Texas Instruments\ccsv4\tools\compiler\c5500\lib\</path>
         <kind>archive</kind>
         <file>rts55x.lib</file>
         <name>divul.obj</name>
      </input_file>
      <input_file id="fl-29">
         <path>C:\Program Files (x86)\Texas Instruments\ccsv4\tools\compiler\c5500\lib\</path>
         <kind>archive</kind>
         <file>rts55x.lib</file>
         <name>fixdi.obj</name>
      </input_file>
      <input_file id="fl-2a">
         <path>C:\Program Files (x86)\Texas Instruments\ccsv4\tools\compiler\c5500\lib\</path>
         <kind>archive</kind>
         <file>rts55x.lib</file>
         <name>fixdli.obj</name>
      </input_file>
      <input_file id="fl-2b">
         <path>C:\Program Files (x86)\Texas Instruments\ccsv4\tools\compiler\c5500\lib\</path>
         <kind>archive</kind>
         <file>rts55x.lib</file>
         <name>fltlid.obj</name>
      </input_file>
      <input_file id="fl-2c">
         <path>C:\Program Files (x86)\Texas Instruments\ccsv4\tools\compiler\c5500\lib\</path>
         <kind>archive</kind>
         <file>rts55x.lib</file>
         <name>frcmpyd_div.obj</name>
      </input_file>
      <input_file id="fl-2d">
         <path>C:\Program Files (x86)\Texas Instruments\ccsv4\tools\compiler\c5500\lib\</path>
         <kind>archive</kind>
         <file>rts55x.lib</file>
         <name>isinf.obj</name>
      </input_file>
      <input_file id="fl-2e">
         <path>C:\Program Files (x86)\Texas Instruments\ccsv4\tools\compiler\c5500\lib\</path>
         <kind>archive</kind>
         <file>rts55x.lib</file>
         <name>mpyd.obj</name>
      </input_file>
      <input_file id="fl-2f">
         <path>C:\Program Files (x86)\Texas Instruments\ccsv4\tools\compiler\c5500\lib\</path>
         <kind>archive</kind>
         <file>rts55x.lib</file>
         <name>negd.obj</name>
      </input_file>
      <input_file id="fl-30">
         <path>C:\Program Files (x86)\Texas Instruments\ccsv4\tools\compiler\c5500\lib\</path>
         <kind>archive</kind>
         <file>rts55x.lib</file>
         <name>remli.obj</name>
      </input_file>
      <input_file id="fl-31">
         <path>C:\Program Files (x86)\Texas Instruments\ccsv4\tools\compiler\c5500\lib\</path>
         <kind>archive</kind>
         <file>rts55x.lib</file>
         <name>remul.obj</name>
      </input_file>
      <input_file id="fl-32">
         <path>C:\Program Files (x86)\Texas Instruments\ccsv4\tools\compiler\c5500\lib\</path>
         <kind>archive</kind>
         <file>rts55x.lib</file>
         <name>subd.obj</name>
      </input_file>
      <input_file id="fl-33">
         <path>C:\Program Files (x86)\Texas Instruments\ccsv4\tools\compiler\c5500\lib\</path>
         <kind>archive</kind>
         <file>rts55x.lib</file>
         <name>fclose.obj</name>
      </input_file>
      <input_file id="fl-34">
         <path>C:\Program Files (x86)\Texas Instruments\ccsv4\tools\compiler\c5500\lib\</path>
         <kind>archive</kind>
         <file>rts55x.lib</file>
         <name>remove.obj</name>
      </input_file>
      <input_file id="fl-35">
         <path>C:\Program Files (x86)\Texas Instruments\ccsv4\tools\compiler\c5500\lib\</path>
         <kind>archive</kind>
         <file>rts55x.lib</file>
         <name>lmpy.obj</name>
      </input_file>
      <input_file id="fl-36">
         <path>C:\Program Files (x86)\Texas Instruments\ccsv4\tools\compiler\c5500\lib\</path>
         <kind>archive</kind>
         <file>rts55x.lib</file>
         <name>addd.obj</name>
      </input_file>
      <input_file id="fl-37">
         <path>C:\Program Files (x86)\Texas Instruments\ccsv4\tools\compiler\c5500\lib\</path>
         <kind>archive</kind>
         <file>rts55x.lib</file>
         <name>frcmpyd.obj</name>
      </input_file>
      <input_file id="fl-38">
         <path>C:\Program Files (x86)\Texas Instruments\ccsv4\emulation\boards\usbstk5515_v1\lib\</path>
         <kind>archive</kind>
         <file>usbstk5515bsl.lib</file>
         <name>usbstk5515_i2c.obj</name>
      </input_file>
      <input_file id="fl-39">
         <path>C:\Program Files (x86)\Texas Instruments\ccsv4\emulation\boards\usbstk5515_v1\lib\</path>
         <kind>archive</kind>
         <file>usbstk5515bsl.lib</file>
         <name>usbstk5515_gpio.obj</name>
      </input_file>
      <input_file id="fl-3a">
         <path>C:\Program Files (x86)\Texas Instruments\ccsv4\emulation\boards\usbstk5515_v1\lib\</path>
         <kind>archive</kind>
         <file>usbstk5515bsl.lib</file>
         <name>usbstk5515.obj</name>
      </input_file>
   </input_file_list>
   <object_component_list>
      <object_component id="oc-28">
         <name>vectors</name>
         <load_address>0xffff00</load_address>
         <run_address>0xffff00</run_address>
         <size>0x100</size>
         <input_file_ref idref="fl-b"/>
      </object_component>
      <object_component id="oc-10">
         <name>.cinit</name>
         <load_address>0x4c0</load_address>
         <run_address>0x4c0</run_address>
         <size>0x2a0</size>
         <input_file_ref idref="fl-2"/>
      </object_component>
      <object_component id="oc-47">
         <name>.cinit</name>
         <load_address>0x760</load_address>
         <run_address>0x760</run_address>
         <size>0x5a</size>
         <input_file_ref idref="fl-11"/>
      </object_component>
      <object_component id="oc-38">
         <name>.cinit</name>
         <load_address>0x7ba</load_address>
         <run_address>0x7ba</run_address>
         <size>0x54</size>
         <input_file_ref idref="fl-e"/>
      </object_component>
      <object_component id="oc-2f">
         <name>.cinit</name>
         <load_address>0x80e</load_address>
         <run_address>0x80e</run_address>
         <size>0x14</size>
         <input_file_ref idref="fl-c"/>
      </object_component>
      <object_component id="oc-1c">
         <name>.cinit</name>
         <load_address>0x822</load_address>
         <run_address>0x822</run_address>
         <size>0x14</size>
         <input_file_ref idref="fl-9"/>
      </object_component>
      <object_component id="oc-81">
         <name>.cinit</name>
         <load_address>0x836</load_address>
         <run_address>0x836</run_address>
         <size>0x8</size>
         <input_file_ref idref="fl-1e"/>
      </object_component>
      <object_component id="oc-23">
         <name>.cinit</name>
         <load_address>0x83e</load_address>
         <run_address>0x83e</run_address>
         <size>0x8</size>
         <input_file_ref idref="fl-a"/>
      </object_component>
      <object_component id="oc-ed">
         <name>.cinit</name>
         <load_address>0x846</load_address>
         <run_address>0x846</run_address>
         <size>0x8</size>
         <input_file_ref idref="fl-38"/>
      </object_component>
      <object_component id="oc-6d">
         <name>.text</name>
         <load_address>0x10000</load_address>
         <run_address>0x10000</run_address>
         <size>0x1598</size>
         <input_file_ref idref="fl-1a"/>
      </object_component>
      <object_component id="oc-d">
         <name>.text</name>
         <load_address>0x11598</load_address>
         <run_address>0x11598</run_address>
         <size>0x653</size>
         <input_file_ref idref="fl-2"/>
      </object_component>
      <object_component id="oc-a0">
         <name>.text</name>
         <load_address>0x11beb</load_address>
         <run_address>0x11beb</run_address>
         <size>0x36c</size>
         <input_file_ref idref="fl-26"/>
      </object_component>
      <object_component id="oc-84">
         <name>.text</name>
         <load_address>0x11f57</load_address>
         <run_address>0x11f57</run_address>
         <size>0xa6</size>
         <input_file_ref idref="fl-1f"/>
      </object_component>
      <object_component id="oc-27">
         <name>.text</name>
         <load_address>0x11ffd</load_address>
         <run_address>0x11ffd</run_address>
         <size>0x2</size>
         <input_file_ref idref="fl-b"/>
      </object_component>
      <object_component id="oc-44">
         <name>.text</name>
         <load_address>0x12000</load_address>
         <run_address>0x12000</run_address>
         <size>0x543</size>
         <input_file_ref idref="fl-11"/>
      </object_component>
      <object_component id="oc-52">
         <name>.text</name>
         <load_address>0x12543</load_address>
         <run_address>0x12543</run_address>
         <size>0x528</size>
         <input_file_ref idref="fl-14"/>
      </object_component>
      <object_component id="oc-20">
         <name>.text</name>
         <load_address>0x12a6b</load_address>
         <run_address>0x12a6b</run_address>
         <size>0x4b5</size>
         <input_file_ref idref="fl-a"/>
      </object_component>
      <object_component id="oc-7e">
         <name>.text</name>
         <load_address>0x12f20</load_address>
         <run_address>0x12f20</run_address>
         <size>0x27f</size>
         <input_file_ref idref="fl-1e"/>
      </object_component>
      <object_component id="oc-94">
         <name>.text</name>
         <load_address>0x1319f</load_address>
         <run_address>0x1319f</run_address>
         <size>0x25e</size>
         <input_file_ref idref="fl-23"/>
      </object_component>
      <object_component id="oc-e2">
         <name>.text</name>
         <load_address>0x133fd</load_address>
         <run_address>0x133fd</run_address>
         <size>0x259</size>
         <input_file_ref idref="fl-36"/>
      </object_component>
      <object_component id="oc-9c">
         <name>.text</name>
         <load_address>0x13656</load_address>
         <run_address>0x13656</run_address>
         <size>0x1ea</size>
         <input_file_ref idref="fl-25"/>
      </object_component>
      <object_component id="oc-3f">
         <name>.text</name>
         <load_address>0x13840</load_address>
         <run_address>0x13840</run_address>
         <size>0x163</size>
         <input_file_ref idref="fl-10"/>
      </object_component>
      <object_component id="oc-f1">
         <name>.text</name>
         <load_address>0x139a3</load_address>
         <run_address>0x139a3</run_address>
         <size>0x156</size>
         <input_file_ref idref="fl-39"/>
      </object_component>
      <object_component id="oc-c2">
         <name>.text</name>
         <load_address>0x13af9</load_address>
         <run_address>0x13af9</run_address>
         <size>0x14c</size>
         <input_file_ref idref="fl-2e"/>
      </object_component>
      <object_component id="oc-ea">
         <name>.text</name>
         <load_address>0x13c45</load_address>
         <run_address>0x13c45</run_address>
         <size>0x13e</size>
         <input_file_ref idref="fl-38"/>
      </object_component>
      <object_component id="oc-4e">
         <name>.text</name>
         <load_address>0x13d83</load_address>
         <run_address>0x13d83</run_address>
         <size>0xe6</size>
         <input_file_ref idref="fl-13"/>
      </object_component>
      <object_component id="oc-69">
         <name>.text</name>
         <load_address>0x13e69</load_address>
         <run_address>0x13e69</run_address>
         <size>0xdd</size>
         <input_file_ref idref="fl-19"/>
      </object_component>
      <object_component id="oc-65">
         <name>.text</name>
         <load_address>0x13f46</load_address>
         <run_address>0x13f46</run_address>
         <size>0xae</size>
         <input_file_ref idref="fl-18"/>
      </object_component>
      <object_component id="oc-da">
         <name>.text</name>
         <load_address>0x13ff4</load_address>
         <run_address>0x13ff4</run_address>
         <size>0xa</size>
         <input_file_ref idref="fl-34"/>
      </object_component>
      <object_component id="oc-ba">
         <name>.text</name>
         <load_address>0x14000</load_address>
         <run_address>0x14000</run_address>
         <size>0xc8</size>
         <input_file_ref idref="fl-2c"/>
      </object_component>
      <object_component id="oc-7a">
         <name>.text</name>
         <load_address>0x140c8</load_address>
         <run_address>0x140c8</run_address>
         <size>0xc2</size>
         <input_file_ref idref="fl-1d"/>
      </object_component>
      <object_component id="oc-62">
         <name>.text:CIO_breakpoint</name>
         <load_address>0x1418a</load_address>
         <run_address>0x1418a</run_address>
         <size>0xba</size>
         <input_file_ref idref="fl-17"/>
      </object_component>
      <object_component id="oc-a9">
         <name>.text</name>
         <load_address>0x14244</load_address>
         <run_address>0x14244</run_address>
         <size>0xa1</size>
         <input_file_ref idref="fl-28"/>
      </object_component>
      <object_component id="oc-3b">
         <name>.text</name>
         <load_address>0x142e5</load_address>
         <run_address>0x142e5</run_address>
         <size>0x9b</size>
         <input_file_ref idref="fl-f"/>
      </object_component>
      <object_component id="oc-8c">
         <name>.text</name>
         <load_address>0x14380</load_address>
         <run_address>0x14380</run_address>
         <size>0x7d</size>
         <input_file_ref idref="fl-21"/>
      </object_component>
      <object_component id="oc-d6">
         <name>.text</name>
         <load_address>0x143fd</load_address>
         <run_address>0x143fd</run_address>
         <size>0x7b</size>
         <input_file_ref idref="fl-33"/>
      </object_component>
      <object_component id="oc-e6">
         <name>.text</name>
         <load_address>0x14478</load_address>
         <run_address>0x14478</run_address>
         <size>0x76</size>
         <input_file_ref idref="fl-37"/>
      </object_component>
      <object_component id="oc-ce">
         <name>.text</name>
         <load_address>0x144ee</load_address>
         <run_address>0x144ee</run_address>
         <size>0x72</size>
         <input_file_ref idref="fl-31"/>
      </object_component>
      <object_component id="oc-b1">
         <name>.text</name>
         <load_address>0x14560</load_address>
         <run_address>0x14560</run_address>
         <size>0x6f</size>
         <input_file_ref idref="fl-2a"/>
      </object_component>
      <object_component id="oc-5f">
         <name>.text</name>
         <load_address>0x145cf</load_address>
         <run_address>0x145cf</run_address>
         <size>0x6d</size>
         <input_file_ref idref="fl-17"/>
      </object_component>
      <object_component id="oc-88">
         <name>.text</name>
         <load_address>0x1463c</load_address>
         <run_address>0x1463c</run_address>
         <size>0x6b</size>
         <input_file_ref idref="fl-20"/>
      </object_component>
      <object_component id="oc-b5">
         <name>.text</name>
         <load_address>0x146a7</load_address>
         <run_address>0x146a7</run_address>
         <size>0x67</size>
         <input_file_ref idref="fl-2b"/>
      </object_component>
      <object_component id="oc-73">
         <name>.text</name>
         <load_address>0x1470e</load_address>
         <run_address>0x1470e</run_address>
         <size>0x5c</size>
         <input_file_ref idref="fl-1b"/>
      </object_component>
      <object_component id="oc-f6">
         <name>.text</name>
         <load_address>0x1476a</load_address>
         <run_address>0x1476a</run_address>
         <size>0x54</size>
         <input_file_ref idref="fl-3a"/>
      </object_component>
      <object_component id="oc-4a">
         <name>.text</name>
         <load_address>0x147be</load_address>
         <run_address>0x147be</run_address>
         <size>0x50</size>
         <input_file_ref idref="fl-12"/>
      </object_component>
      <object_component id="oc-57">
         <name>.text</name>
         <load_address>0x1480e</load_address>
         <run_address>0x1480e</run_address>
         <size>0x4d</size>
         <input_file_ref idref="fl-15"/>
      </object_component>
      <object_component id="oc-32">
         <name>.text</name>
         <load_address>0x1485b</load_address>
         <run_address>0x1485b</run_address>
         <size>0x4b</size>
         <input_file_ref idref="fl-d"/>
      </object_component>
      <object_component id="oc-ca">
         <name>.text</name>
         <load_address>0x148a6</load_address>
         <run_address>0x148a6</run_address>
         <size>0x4b</size>
         <input_file_ref idref="fl-30"/>
      </object_component>
      <object_component id="oc-a5">
         <name>.text</name>
         <load_address>0x148f1</load_address>
         <run_address>0x148f1</run_address>
         <size>0x48</size>
         <input_file_ref idref="fl-27"/>
      </object_component>
      <object_component id="oc-5b">
         <name>.text</name>
         <load_address>0x14939</load_address>
         <run_address>0x14939</run_address>
         <size>0x3f</size>
         <input_file_ref idref="fl-16"/>
      </object_component>
      <object_component id="oc-19">
         <name>.text</name>
         <load_address>0x14978</load_address>
         <run_address>0x14978</run_address>
         <size>0x3e</size>
         <input_file_ref idref="fl-9"/>
      </object_component>
      <object_component id="oc-c">
         <name>.text</name>
         <load_address>0x149b6</load_address>
         <run_address>0x149b6</run_address>
         <size>0x34</size>
         <input_file_ref idref="fl-8"/>
      </object_component>
      <object_component id="oc-ad">
         <name>.text</name>
         <load_address>0x149ea</load_address>
         <run_address>0x149ea</run_address>
         <size>0x2a</size>
         <input_file_ref idref="fl-29"/>
      </object_component>
      <object_component id="oc-98">
         <name>.text</name>
         <load_address>0x14a14</load_address>
         <run_address>0x14a14</run_address>
         <size>0x2a</size>
         <input_file_ref idref="fl-24"/>
      </object_component>
      <object_component id="oc-90">
         <name>.text</name>
         <load_address>0x14a3e</load_address>
         <run_address>0x14a3e</run_address>
         <size>0x23</size>
         <input_file_ref idref="fl-22"/>
      </object_component>
      <object_component id="oc-be">
         <name>.text</name>
         <load_address>0x14a61</load_address>
         <run_address>0x14a61</run_address>
         <size>0x1c</size>
         <input_file_ref idref="fl-2d"/>
      </object_component>
      <object_component id="oc-d2">
         <name>.text</name>
         <load_address>0x14a7d</load_address>
         <run_address>0x14a7d</run_address>
         <size>0x14</size>
         <input_file_ref idref="fl-32"/>
      </object_component>
      <object_component id="oc-de">
         <name>.text</name>
         <load_address>0x14a91</load_address>
         <run_address>0x14a91</run_address>
         <size>0x13</size>
         <input_file_ref idref="fl-35"/>
      </object_component>
      <object_component id="oc-2c">
         <name>.text</name>
         <load_address>0x14aa4</load_address>
         <run_address>0x14aa4</run_address>
         <size>0x12</size>
         <input_file_ref idref="fl-c"/>
      </object_component>
      <object_component id="oc-c6">
         <name>.text</name>
         <load_address>0x14ab6</load_address>
         <run_address>0x14ab6</run_address>
         <size>0x10</size>
         <input_file_ref idref="fl-2f"/>
      </object_component>
      <object_component id="oc-1d">
         <name>.text:CIO_breakpoint</name>
         <load_address>0x14ac6</load_address>
         <run_address>0x14ac6</run_address>
         <size>0x7</size>
         <input_file_ref idref="fl-9"/>
      </object_component>
      <object_component id="oc-15">
         <name>.stack</name>
         <uninitialized>true</uninitialized>
         <run_address>0xd60</run_address>
         <size>0x0</size>
         <input_file_ref idref="fl-8"/>
      </object_component>
      <object_component id="oc-111">
         <name>.stack</name>
         <uninitialized>true</uninitialized>
         <run_address>0xd60</run_address>
         <size>0x0</size>
      </object_component>
      <object_component id="oc-fb">
         <name>.sysstack</name>
         <uninitialized>true</uninitialized>
         <run_address>0xc0</run_address>
         <size>0x0</size>
         <input_file_ref idref="fl-8"/>
      </object_component>
      <object_component id="oc-113">
         <name>.sysstack</name>
         <uninitialized>true</uninitialized>
         <run_address>0xc0</run_address>
         <size>0x0</size>
      </object_component>
      <object_component id="oc-24">
         <name>.sysmem</name>
         <uninitialized>true</uninitialized>
         <run_address>0x8000</run_address>
         <size>0x0</size>
         <input_file_ref idref="fl-a"/>
      </object_component>
      <object_component id="oc-112">
         <name>.sysmem</name>
         <uninitialized>true</uninitialized>
         <run_address>0x8000</run_address>
         <size>0x0</size>
      </object_component>
      <object_component id="oc-61">
         <name>.cio</name>
         <uninitialized>true</uninitialized>
         <run_address>0xb20</run_address>
         <size>0x240</size>
         <input_file_ref idref="fl-17"/>
      </object_component>
      <object_component id="oc-e">
         <name>.bss</name>
         <uninitialized>true</uninitialized>
         <run_address>0xa000</run_address>
         <size>0x27a</size>
         <input_file_ref idref="fl-2"/>
      </object_component>
      <object_component id="oc-1a">
         <name>.bss</name>
         <uninitialized>true</uninitialized>
         <run_address>0xa748</run_address>
         <size>0x8</size>
         <input_file_ref idref="fl-9"/>
      </object_component>
      <object_component id="oc-21">
         <name>.bss</name>
         <uninitialized>true</uninitialized>
         <run_address>0xa734</run_address>
         <size>0xc</size>
         <input_file_ref idref="fl-a"/>
      </object_component>
      <object_component id="oc-2d">
         <name>.bss</name>
         <uninitialized>true</uninitialized>
         <run_address>0xa740</run_address>
         <size>0x8</size>
         <input_file_ref idref="fl-c"/>
      </object_component>
      <object_component id="oc-36">
         <name>.bss</name>
         <uninitialized>true</uninitialized>
         <run_address>0xa27c</run_address>
         <size>0x232</size>
         <input_file_ref idref="fl-e"/>
      </object_component>
      <object_component id="oc-45">
         <name>.bss</name>
         <uninitialized>true</uninitialized>
         <run_address>0xa650</run_address>
         <size>0xe2</size>
         <input_file_ref idref="fl-11"/>
      </object_component>
      <object_component id="oc-53">
         <name>.bss</name>
         <uninitialized>true</uninitialized>
         <run_address>0xa4ae</run_address>
         <size>0x1a0</size>
         <input_file_ref idref="fl-14"/>
      </object_component>
      <object_component id="oc-7f">
         <name>.bss</name>
         <uninitialized>true</uninitialized>
         <run_address>0xa27a</run_address>
         <size>0x2</size>
         <input_file_ref idref="fl-1e"/>
      </object_component>
      <object_component id="oc-eb">
         <name>.bss</name>
         <uninitialized>true</uninitialized>
         <run_address>0xa64e</run_address>
         <size>0x2</size>
         <input_file_ref idref="fl-38"/>
      </object_component>
      <object_component id="oc-fc">
         <name>.const:__ctypes_</name>
         <load_address>0x850</load_address>
         <run_address>0x850</run_address>
         <size>0x202</size>
         <input_file_ref idref="fl-1c"/>
      </object_component>
      <object_component id="oc-11">
         <name>.const:.string</name>
         <load_address>0xa54</load_address>
         <run_address>0xa54</run_address>
         <size>0x50</size>
         <input_file_ref idref="fl-2"/>
      </object_component>
      <object_component id="oc-70">
         <name>.const:.string</name>
         <load_address>0xaa4</load_address>
         <run_address>0xaa4</run_address>
         <size>0x48</size>
         <input_file_ref idref="fl-1a"/>
      </object_component>
      <object_component id="oc-6f">
         <name>.const</name>
         <load_address>0xaec</load_address>
         <run_address>0xaec</run_address>
         <size>0x18</size>
         <input_file_ref idref="fl-1a"/>
      </object_component>
      <object_component id="oc-fd">
         <name>.const:_initial_approx$1</name>
         <load_address>0xb04</load_address>
         <run_address>0xb04</run_address>
         <size>0x10</size>
         <input_file_ref idref="fl-26"/>
      </object_component>
      <object_component id="oc-41">
         <name>.const:.string</name>
         <load_address>0xb14</load_address>
         <run_address>0xb14</run_address>
         <size>0x4</size>
         <input_file_ref idref="fl-10"/>
      </object_component>
      <object_component id="oc-a2">
         <name>.const</name>
         <load_address>0xb18</load_address>
         <run_address>0xb18</run_address>
         <size>0x4</size>
         <input_file_ref idref="fl-26"/>
      </object_component>
      <object_component id="oc-b7">
         <name>.const</name>
         <load_address>0xb1c</load_address>
         <run_address>0xb1c</run_address>
         <size>0x4</size>
         <input_file_ref idref="fl-2b"/>
      </object_component>
      <object_component id="oc-f">
         <name>.debug_info</name>
         <load_address>0x0</load_address>
         <run_address>0x0</run_address>
         <size>0x1c1b</size>
         <input_file_ref idref="fl-2"/>
      </object_component>
      <object_component id="oc-16">
         <name>.debug_info</name>
         <load_address>0x1c1b</load_address>
         <run_address>0x1c1b</run_address>
         <size>0x122</size>
         <input_file_ref idref="fl-8"/>
      </object_component>
      <object_component id="oc-1b">
         <name>.debug_info</name>
         <load_address>0x1d3d</load_address>
         <run_address>0x1d3d</run_address>
         <size>0x785</size>
         <input_file_ref idref="fl-9"/>
      </object_component>
      <object_component id="oc-22">
         <name>.debug_info</name>
         <load_address>0x24c2</load_address>
         <run_address>0x24c2</run_address>
         <size>0xfcc</size>
         <input_file_ref idref="fl-a"/>
      </object_component>
      <object_component id="oc-29">
         <name>.debug_info</name>
         <load_address>0x348e</load_address>
         <run_address>0x348e</run_address>
         <size>0xf7</size>
         <input_file_ref idref="fl-b"/>
      </object_component>
      <object_component id="oc-2e">
         <name>.debug_info</name>
         <load_address>0x3585</load_address>
         <run_address>0x3585</run_address>
         <size>0x634</size>
         <input_file_ref idref="fl-c"/>
      </object_component>
      <object_component id="oc-33">
         <name>.debug_info</name>
         <load_address>0x3bb9</load_address>
         <run_address>0x3bb9</run_address>
         <size>0x5e8</size>
         <input_file_ref idref="fl-d"/>
      </object_component>
      <object_component id="oc-37">
         <name>.debug_info</name>
         <load_address>0x41a1</load_address>
         <run_address>0x41a1</run_address>
         <size>0x619</size>
         <input_file_ref idref="fl-e"/>
      </object_component>
      <object_component id="oc-3c">
         <name>.debug_info</name>
         <load_address>0x47ba</load_address>
         <run_address>0x47ba</run_address>
         <size>0x735</size>
         <input_file_ref idref="fl-f"/>
      </object_component>
      <object_component id="oc-40">
         <name>.debug_info</name>
         <load_address>0x4eef</load_address>
         <run_address>0x4eef</run_address>
         <size>0xb5b</size>
         <input_file_ref idref="fl-10"/>
      </object_component>
      <object_component id="oc-46">
         <name>.debug_info</name>
         <load_address>0x5a4a</load_address>
         <run_address>0x5a4a</run_address>
         <size>0x1993</size>
         <input_file_ref idref="fl-11"/>
      </object_component>
      <object_component id="oc-4b">
         <name>.debug_info</name>
         <load_address>0x73dd</load_address>
         <run_address>0x73dd</run_address>
         <size>0x952</size>
         <input_file_ref idref="fl-12"/>
      </object_component>
      <object_component id="oc-4f">
         <name>.debug_info</name>
         <load_address>0x7d2f</load_address>
         <run_address>0x7d2f</run_address>
         <size>0x7b9</size>
         <input_file_ref idref="fl-13"/>
      </object_component>
      <object_component id="oc-54">
         <name>.debug_info</name>
         <load_address>0x84e8</load_address>
         <run_address>0x84e8</run_address>
         <size>0x141a</size>
         <input_file_ref idref="fl-14"/>
      </object_component>
      <object_component id="oc-58">
         <name>.debug_info</name>
         <load_address>0x9902</load_address>
         <run_address>0x9902</run_address>
         <size>0x107</size>
         <input_file_ref idref="fl-15"/>
      </object_component>
      <object_component id="oc-5c">
         <name>.debug_info</name>
         <load_address>0x9a09</load_address>
         <run_address>0x9a09</run_address>
         <size>0x10b</size>
         <input_file_ref idref="fl-16"/>
      </object_component>
      <object_component id="oc-60">
         <name>.debug_info</name>
         <load_address>0x9b14</load_address>
         <run_address>0x9b14</run_address>
         <size>0x9a2</size>
         <input_file_ref idref="fl-17"/>
      </object_component>
      <object_component id="oc-66">
         <name>.debug_info</name>
         <load_address>0xa4b6</load_address>
         <run_address>0xa4b6</run_address>
         <size>0x7c6</size>
         <input_file_ref idref="fl-18"/>
      </object_component>
      <object_component id="oc-6a">
         <name>.debug_info</name>
         <load_address>0xac7c</load_address>
         <run_address>0xac7c</run_address>
         <size>0x705</size>
         <input_file_ref idref="fl-19"/>
      </object_component>
      <object_component id="oc-6e">
         <name>.debug_info</name>
         <load_address>0xb381</load_address>
         <run_address>0xb381</run_address>
         <size>0x3aa1</size>
         <input_file_ref idref="fl-1a"/>
      </object_component>
      <object_component id="oc-74">
         <name>.debug_info</name>
         <load_address>0xee22</load_address>
         <run_address>0xee22</run_address>
         <size>0x786</size>
         <input_file_ref idref="fl-1b"/>
      </object_component>
      <object_component id="oc-77">
         <name>.debug_info</name>
         <load_address>0xf5a8</load_address>
         <run_address>0xf5a8</run_address>
         <size>0x4de</size>
         <input_file_ref idref="fl-1c"/>
      </object_component>
      <object_component id="oc-7b">
         <name>.debug_info</name>
         <load_address>0xfa86</load_address>
         <run_address>0xfa86</run_address>
         <size>0x828</size>
         <input_file_ref idref="fl-1d"/>
      </object_component>
      <object_component id="oc-80">
         <name>.debug_info</name>
         <load_address>0x102ae</load_address>
         <run_address>0x102ae</run_address>
         <size>0xd20</size>
         <input_file_ref idref="fl-1e"/>
      </object_component>
      <object_component id="oc-85">
         <name>.debug_info</name>
         <load_address>0x10fce</load_address>
         <run_address>0x10fce</run_address>
         <size>0x775</size>
         <input_file_ref idref="fl-1f"/>
      </object_component>
      <object_component id="oc-89">
         <name>.debug_info</name>
         <load_address>0x11743</load_address>
         <run_address>0x11743</run_address>
         <size>0x6ae</size>
         <input_file_ref idref="fl-20"/>
      </object_component>
      <object_component id="oc-8d">
         <name>.debug_info</name>
         <load_address>0x11df1</load_address>
         <run_address>0x11df1</run_address>
         <size>0x657</size>
         <input_file_ref idref="fl-21"/>
      </object_component>
      <object_component id="oc-91">
         <name>.debug_info</name>
         <load_address>0x12448</load_address>
         <run_address>0x12448</run_address>
         <size>0x6ff</size>
         <input_file_ref idref="fl-22"/>
      </object_component>
      <object_component id="oc-95">
         <name>.debug_info</name>
         <load_address>0x12b47</load_address>
         <run_address>0x12b47</run_address>
         <size>0x92a</size>
         <input_file_ref idref="fl-23"/>
      </object_component>
      <object_component id="oc-99">
         <name>.debug_info</name>
         <load_address>0x13471</load_address>
         <run_address>0x13471</run_address>
         <size>0x129</size>
         <input_file_ref idref="fl-24"/>
      </object_component>
      <object_component id="oc-9d">
         <name>.debug_info</name>
         <load_address>0x1359a</load_address>
         <run_address>0x1359a</run_address>
         <size>0xce4</size>
         <input_file_ref idref="fl-25"/>
      </object_component>
      <object_component id="oc-a1">
         <name>.debug_info</name>
         <load_address>0x1427e</load_address>
         <run_address>0x1427e</run_address>
         <size>0xbfd</size>
         <input_file_ref idref="fl-26"/>
      </object_component>
      <object_component id="oc-a6">
         <name>.debug_info</name>
         <load_address>0x14e7b</load_address>
         <run_address>0x14e7b</run_address>
         <size>0x53c</size>
         <input_file_ref idref="fl-27"/>
      </object_component>
      <object_component id="oc-aa">
         <name>.debug_info</name>
         <load_address>0x153b7</load_address>
         <run_address>0x153b7</run_address>
         <size>0x5d0</size>
         <input_file_ref idref="fl-28"/>
      </object_component>
      <object_component id="oc-ae">
         <name>.debug_info</name>
         <load_address>0x15987</load_address>
         <run_address>0x15987</run_address>
         <size>0x97f</size>
         <input_file_ref idref="fl-29"/>
      </object_component>
      <object_component id="oc-b2">
         <name>.debug_info</name>
         <load_address>0x16306</load_address>
         <run_address>0x16306</run_address>
         <size>0x9ab</size>
         <input_file_ref idref="fl-2a"/>
      </object_component>
      <object_component id="oc-b6">
         <name>.debug_info</name>
         <load_address>0x16cb1</load_address>
         <run_address>0x16cb1</run_address>
         <size>0xa12</size>
         <input_file_ref idref="fl-2b"/>
      </object_component>
      <object_component id="oc-bb">
         <name>.debug_info</name>
         <load_address>0x176c3</load_address>
         <run_address>0x176c3</run_address>
         <size>0x944</size>
         <input_file_ref idref="fl-2c"/>
      </object_component>
      <object_component id="oc-bf">
         <name>.debug_info</name>
         <load_address>0x18007</load_address>
         <run_address>0x18007</run_address>
         <size>0x8f9</size>
         <input_file_ref idref="fl-2d"/>
      </object_component>
      <object_component id="oc-c3">
         <name>.debug_info</name>
         <load_address>0x18900</load_address>
         <run_address>0x18900</run_address>
         <size>0x9d5</size>
         <input_file_ref idref="fl-2e"/>
      </object_component>
      <object_component id="oc-c7">
         <name>.debug_info</name>
         <load_address>0x192d5</load_address>
         <run_address>0x192d5</run_address>
         <size>0x967</size>
         <input_file_ref idref="fl-2f"/>
      </object_component>
      <object_component id="oc-cb">
         <name>.debug_info</name>
         <load_address>0x19c3c</load_address>
         <run_address>0x19c3c</run_address>
         <size>0x53c</size>
         <input_file_ref idref="fl-30"/>
      </object_component>
      <object_component id="oc-cf">
         <name>.debug_info</name>
         <load_address>0x1a178</load_address>
         <run_address>0x1a178</run_address>
         <size>0x5d0</size>
         <input_file_ref idref="fl-31"/>
      </object_component>
      <object_component id="oc-d3">
         <name>.debug_info</name>
         <load_address>0x1a748</load_address>
         <run_address>0x1a748</run_address>
         <size>0x98e</size>
         <input_file_ref idref="fl-32"/>
      </object_component>
      <object_component id="oc-d7">
         <name>.debug_info</name>
         <load_address>0x1b0d6</load_address>
         <run_address>0x1b0d6</run_address>
         <size>0x7e3</size>
         <input_file_ref idref="fl-33"/>
      </object_component>
      <object_component id="oc-db">
         <name>.debug_info</name>
         <load_address>0x1b8b9</load_address>
         <run_address>0x1b8b9</run_address>
         <size>0x655</size>
         <input_file_ref idref="fl-34"/>
      </object_component>
      <object_component id="oc-df">
         <name>.debug_info</name>
         <load_address>0x1bf0e</load_address>
         <run_address>0x1bf0e</run_address>
         <size>0xf7</size>
         <input_file_ref idref="fl-35"/>
      </object_component>
      <object_component id="oc-e3">
         <name>.debug_info</name>
         <load_address>0x1c005</load_address>
         <run_address>0x1c005</run_address>
         <size>0xa74</size>
         <input_file_ref idref="fl-36"/>
      </object_component>
      <object_component id="oc-e7">
         <name>.debug_info</name>
         <load_address>0x1ca79</load_address>
         <run_address>0x1ca79</run_address>
         <size>0x982</size>
         <input_file_ref idref="fl-37"/>
      </object_component>
      <object_component id="oc-ec">
         <name>.debug_info</name>
         <load_address>0x1d3fb</load_address>
         <run_address>0x1d3fb</run_address>
         <size>0xbd8</size>
         <input_file_ref idref="fl-38"/>
      </object_component>
      <object_component id="oc-f2">
         <name>.debug_info</name>
         <load_address>0x1dfd3</load_address>
         <run_address>0x1dfd3</run_address>
         <size>0x836</size>
         <input_file_ref idref="fl-39"/>
      </object_component>
      <object_component id="oc-f7">
         <name>.debug_info</name>
         <load_address>0x1e809</load_address>
         <run_address>0x1e809</run_address>
         <size>0x69c</size>
         <input_file_ref idref="fl-3a"/>
      </object_component>
      <object_component id="oc-11a">
         <name>.debug_info</name>
         <load_address>0x1eea5</load_address>
         <run_address>0x1eea5</run_address>
         <size>0x6e</size>
      </object_component>
      <object_component id="oc-12">
         <name>.debug_frame</name>
         <load_address>0x0</load_address>
         <run_address>0x0</run_address>
         <size>0x1cb</size>
         <input_file_ref idref="fl-2"/>
      </object_component>
      <object_component id="oc-ee">
         <name>.debug_frame</name>
         <load_address>0x1cb</load_address>
         <run_address>0x1cb</run_address>
         <size>0x14a</size>
         <input_file_ref idref="fl-38"/>
      </object_component>
      <object_component id="oc-f3">
         <name>.debug_frame</name>
         <load_address>0x315</load_address>
         <run_address>0x315</run_address>
         <size>0x135</size>
         <input_file_ref idref="fl-39"/>
      </object_component>
      <object_component id="oc-f8">
         <name>.debug_frame</name>
         <load_address>0x44a</load_address>
         <run_address>0x44a</run_address>
         <size>0x116</size>
         <input_file_ref idref="fl-3a"/>
      </object_component>
      <object_component id="oc-13">
         <name>.debug_line</name>
         <load_address>0x0</load_address>
         <run_address>0x0</run_address>
         <size>0x3b4</size>
         <input_file_ref idref="fl-2"/>
      </object_component>
      <object_component id="oc-17">
         <name>.debug_line</name>
         <load_address>0x3b4</load_address>
         <run_address>0x3b4</run_address>
         <size>0x56</size>
         <input_file_ref idref="fl-8"/>
      </object_component>
      <object_component id="oc-1e">
         <name>.debug_line</name>
         <load_address>0x40a</load_address>
         <run_address>0x40a</run_address>
         <size>0x7b</size>
         <input_file_ref idref="fl-9"/>
      </object_component>
      <object_component id="oc-25">
         <name>.debug_line</name>
         <load_address>0x485</load_address>
         <run_address>0x485</run_address>
         <size>0x16f</size>
         <input_file_ref idref="fl-a"/>
      </object_component>
      <object_component id="oc-2a">
         <name>.debug_line</name>
         <load_address>0x5f4</load_address>
         <run_address>0x5f4</run_address>
         <size>0x39</size>
         <input_file_ref idref="fl-b"/>
      </object_component>
      <object_component id="oc-30">
         <name>.debug_line</name>
         <load_address>0x62d</load_address>
         <run_address>0x62d</run_address>
         <size>0x5e</size>
         <input_file_ref idref="fl-c"/>
      </object_component>
      <object_component id="oc-34">
         <name>.debug_line</name>
         <load_address>0x68b</load_address>
         <run_address>0x68b</run_address>
         <size>0x5b</size>
         <input_file_ref idref="fl-d"/>
      </object_component>
      <object_component id="oc-39">
         <name>.debug_line</name>
         <load_address>0x6e6</load_address>
         <run_address>0x6e6</run_address>
         <size>0x4e</size>
         <input_file_ref idref="fl-e"/>
      </object_component>
      <object_component id="oc-3d">
         <name>.debug_line</name>
         <load_address>0x734</load_address>
         <run_address>0x734</run_address>
         <size>0x90</size>
         <input_file_ref idref="fl-f"/>
      </object_component>
      <object_component id="oc-42">
         <name>.debug_line</name>
         <load_address>0x7c4</load_address>
         <run_address>0x7c4</run_address>
         <size>0xcf</size>
         <input_file_ref idref="fl-10"/>
      </object_component>
      <object_component id="oc-48">
         <name>.debug_line</name>
         <load_address>0x893</load_address>
         <run_address>0x893</run_address>
         <size>0x1de</size>
         <input_file_ref idref="fl-11"/>
      </object_component>
      <object_component id="oc-4c">
         <name>.debug_line</name>
         <load_address>0xa71</load_address>
         <run_address>0xa71</run_address>
         <size>0xa7</size>
         <input_file_ref idref="fl-12"/>
      </object_component>
      <object_component id="oc-50">
         <name>.debug_line</name>
         <load_address>0xb18</load_address>
         <run_address>0xb18</run_address>
         <size>0x79</size>
         <input_file_ref idref="fl-13"/>
      </object_component>
      <object_component id="oc-55">
         <name>.debug_line</name>
         <load_address>0xb91</load_address>
         <run_address>0xb91</run_address>
         <size>0x19d</size>
         <input_file_ref idref="fl-14"/>
      </object_component>
      <object_component id="oc-59">
         <name>.debug_line</name>
         <load_address>0xd2e</load_address>
         <run_address>0xd2e</run_address>
         <size>0x56</size>
         <input_file_ref idref="fl-15"/>
      </object_component>
      <object_component id="oc-5d">
         <name>.debug_line</name>
         <load_address>0xd84</load_address>
         <run_address>0xd84</run_address>
         <size>0x4f</size>
         <input_file_ref idref="fl-16"/>
      </object_component>
      <object_component id="oc-63">
         <name>.debug_line</name>
         <load_address>0xdd3</load_address>
         <run_address>0xdd3</run_address>
         <size>0x8b</size>
         <input_file_ref idref="fl-17"/>
      </object_component>
      <object_component id="oc-67">
         <name>.debug_line</name>
         <load_address>0xe5e</load_address>
         <run_address>0xe5e</run_address>
         <size>0x98</size>
         <input_file_ref idref="fl-18"/>
      </object_component>
      <object_component id="oc-6b">
         <name>.debug_line</name>
         <load_address>0xef6</load_address>
         <run_address>0xef6</run_address>
         <size>0x82</size>
         <input_file_ref idref="fl-19"/>
      </object_component>
      <object_component id="oc-71">
         <name>.debug_line</name>
         <load_address>0xf78</load_address>
         <run_address>0xf78</run_address>
         <size>0x37e</size>
         <input_file_ref idref="fl-1a"/>
      </object_component>
      <object_component id="oc-75">
         <name>.debug_line</name>
         <load_address>0x12f6</load_address>
         <run_address>0x12f6</run_address>
         <size>0x72</size>
         <input_file_ref idref="fl-1b"/>
      </object_component>
      <object_component id="oc-78">
         <name>.debug_line</name>
         <load_address>0x1368</load_address>
         <run_address>0x1368</run_address>
         <size>0x2f</size>
         <input_file_ref idref="fl-1c"/>
      </object_component>
      <object_component id="oc-7c">
         <name>.debug_line</name>
         <load_address>0x1397</load_address>
         <run_address>0x1397</run_address>
         <size>0xa9</size>
         <input_file_ref idref="fl-1d"/>
      </object_component>
      <object_component id="oc-82">
         <name>.debug_line</name>
         <load_address>0x1440</load_address>
         <run_address>0x1440</run_address>
         <size>0x112</size>
         <input_file_ref idref="fl-1e"/>
      </object_component>
      <object_component id="oc-86">
         <name>.debug_line</name>
         <load_address>0x1552</load_address>
         <run_address>0x1552</run_address>
         <size>0x90</size>
         <input_file_ref idref="fl-1f"/>
      </object_component>
      <object_component id="oc-8a">
         <name>.debug_line</name>
         <load_address>0x15e2</load_address>
         <run_address>0x15e2</run_address>
         <size>0x76</size>
         <input_file_ref idref="fl-20"/>
      </object_component>
      <object_component id="oc-8e">
         <name>.debug_line</name>
         <load_address>0x1658</load_address>
         <run_address>0x1658</run_address>
         <size>0x5c</size>
         <input_file_ref idref="fl-21"/>
      </object_component>
      <object_component id="oc-92">
         <name>.debug_line</name>
         <load_address>0x16b4</load_address>
         <run_address>0x16b4</run_address>
         <size>0x56</size>
         <input_file_ref idref="fl-22"/>
      </object_component>
      <object_component id="oc-96">
         <name>.debug_line</name>
         <load_address>0x170a</load_address>
         <run_address>0x170a</run_address>
         <size>0xa9</size>
         <input_file_ref idref="fl-23"/>
      </object_component>
      <object_component id="oc-9a">
         <name>.debug_line</name>
         <load_address>0x17b3</load_address>
         <run_address>0x17b3</run_address>
         <size>0x57</size>
         <input_file_ref idref="fl-24"/>
      </object_component>
      <object_component id="oc-9e">
         <name>.debug_line</name>
         <load_address>0x180a</load_address>
         <run_address>0x180a</run_address>
         <size>0xf5</size>
         <input_file_ref idref="fl-25"/>
      </object_component>
      <object_component id="oc-a3">
         <name>.debug_line</name>
         <load_address>0x18ff</load_address>
         <run_address>0x18ff</run_address>
         <size>0xba</size>
         <input_file_ref idref="fl-26"/>
      </object_component>
      <object_component id="oc-a7">
         <name>.debug_line</name>
         <load_address>0x19b9</load_address>
         <run_address>0x19b9</run_address>
         <size>0x3f</size>
         <input_file_ref idref="fl-27"/>
      </object_component>
      <object_component id="oc-ab">
         <name>.debug_line</name>
         <load_address>0x19f8</load_address>
         <run_address>0x19f8</run_address>
         <size>0x47</size>
         <input_file_ref idref="fl-28"/>
      </object_component>
      <object_component id="oc-af">
         <name>.debug_line</name>
         <load_address>0x1a3f</load_address>
         <run_address>0x1a3f</run_address>
         <size>0x87</size>
         <input_file_ref idref="fl-29"/>
      </object_component>
      <object_component id="oc-b3">
         <name>.debug_line</name>
         <load_address>0x1ac6</load_address>
         <run_address>0x1ac6</run_address>
         <size>0x87</size>
         <input_file_ref idref="fl-2a"/>
      </object_component>
      <object_component id="oc-b8">
         <name>.debug_line</name>
         <load_address>0x1b4d</load_address>
         <run_address>0x1b4d</run_address>
         <size>0x8e</size>
         <input_file_ref idref="fl-2b"/>
      </object_component>
      <object_component id="oc-bc">
         <name>.debug_line</name>
         <load_address>0x1bdb</load_address>
         <run_address>0x1bdb</run_address>
         <size>0x77</size>
         <input_file_ref idref="fl-2c"/>
      </object_component>
      <object_component id="oc-c0">
         <name>.debug_line</name>
         <load_address>0x1c52</load_address>
         <run_address>0x1c52</run_address>
         <size>0x6d</size>
         <input_file_ref idref="fl-2d"/>
      </object_component>
      <object_component id="oc-c4">
         <name>.debug_line</name>
         <load_address>0x1cbf</load_address>
         <run_address>0x1cbf</run_address>
         <size>0x9a</size>
         <input_file_ref idref="fl-2e"/>
      </object_component>
      <object_component id="oc-c8">
         <name>.debug_line</name>
         <load_address>0x1d59</load_address>
         <run_address>0x1d59</run_address>
         <size>0x7f</size>
         <input_file_ref idref="fl-2f"/>
      </object_component>
      <object_component id="oc-cc">
         <name>.debug_line</name>
         <load_address>0x1dd8</load_address>
         <run_address>0x1dd8</run_address>
         <size>0x3f</size>
         <input_file_ref idref="fl-30"/>
      </object_component>
      <object_component id="oc-d0">
         <name>.debug_line</name>
         <load_address>0x1e17</load_address>
         <run_address>0x1e17</run_address>
         <size>0x47</size>
         <input_file_ref idref="fl-31"/>
      </object_component>
      <object_component id="oc-d4">
         <name>.debug_line</name>
         <load_address>0x1e5e</load_address>
         <run_address>0x1e5e</run_address>
         <size>0x7f</size>
         <input_file_ref idref="fl-32"/>
      </object_component>
      <object_component id="oc-d8">
         <name>.debug_line</name>
         <load_address>0x1edd</load_address>
         <run_address>0x1edd</run_address>
         <size>0x8a</size>
         <input_file_ref idref="fl-33"/>
      </object_component>
      <object_component id="oc-dc">
         <name>.debug_line</name>
         <load_address>0x1f67</load_address>
         <run_address>0x1f67</run_address>
         <size>0x73</size>
         <input_file_ref idref="fl-34"/>
      </object_component>
      <object_component id="oc-e0">
         <name>.debug_line</name>
         <load_address>0x1fda</load_address>
         <run_address>0x1fda</run_address>
         <size>0x3d</size>
         <input_file_ref idref="fl-35"/>
      </object_component>
      <object_component id="oc-e4">
         <name>.debug_line</name>
         <load_address>0x2017</load_address>
         <run_address>0x2017</run_address>
         <size>0xab</size>
         <input_file_ref idref="fl-36"/>
      </object_component>
      <object_component id="oc-e8">
         <name>.debug_line</name>
         <load_address>0x20c2</load_address>
         <run_address>0x20c2</run_address>
         <size>0x84</size>
         <input_file_ref idref="fl-37"/>
      </object_component>
      <object_component id="oc-ef">
         <name>.debug_line</name>
         <load_address>0x2146</load_address>
         <run_address>0x2146</run_address>
         <size>0x16c</size>
         <input_file_ref idref="fl-38"/>
      </object_component>
      <object_component id="oc-f4">
         <name>.debug_line</name>
         <load_address>0x22b2</load_address>
         <run_address>0x22b2</run_address>
         <size>0xdf</size>
         <input_file_ref idref="fl-39"/>
      </object_component>
      <object_component id="oc-f9">
         <name>.debug_line</name>
         <load_address>0x2391</load_address>
         <run_address>0x2391</run_address>
         <size>0x84</size>
         <input_file_ref idref="fl-3a"/>
      </object_component>
      <object_component id="oc-14">
         <name>.debug_abbrev</name>
         <load_address>0x0</load_address>
         <run_address>0x0</run_address>
         <size>0x1ec</size>
         <input_file_ref idref="fl-2"/>
      </object_component>
      <object_component id="oc-18">
         <name>.debug_abbrev</name>
         <load_address>0x1ec</load_address>
         <run_address>0x1ec</run_address>
         <size>0x3a</size>
         <input_file_ref idref="fl-8"/>
      </object_component>
      <object_component id="oc-1f">
         <name>.debug_abbrev</name>
         <load_address>0x226</load_address>
         <run_address>0x226</run_address>
         <size>0x13d</size>
         <input_file_ref idref="fl-9"/>
      </object_component>
      <object_component id="oc-26">
         <name>.debug_abbrev</name>
         <load_address>0x363</load_address>
         <run_address>0x363</run_address>
         <size>0x23c</size>
         <input_file_ref idref="fl-a"/>
      </object_component>
      <object_component id="oc-2b">
         <name>.debug_abbrev</name>
         <load_address>0x59f</load_address>
         <run_address>0x59f</run_address>
         <size>0x26</size>
         <input_file_ref idref="fl-b"/>
      </object_component>
      <object_component id="oc-31">
         <name>.debug_abbrev</name>
         <load_address>0x5c5</load_address>
         <run_address>0x5c5</run_address>
         <size>0xab</size>
         <input_file_ref idref="fl-c"/>
      </object_component>
      <object_component id="oc-35">
         <name>.debug_abbrev</name>
         <load_address>0x670</load_address>
         <run_address>0x670</run_address>
         <size>0x120</size>
         <input_file_ref idref="fl-d"/>
      </object_component>
      <object_component id="oc-3a">
         <name>.debug_abbrev</name>
         <load_address>0x790</load_address>
         <run_address>0x790</run_address>
         <size>0x9d</size>
         <input_file_ref idref="fl-e"/>
      </object_component>
      <object_component id="oc-3e">
         <name>.debug_abbrev</name>
         <load_address>0x82d</load_address>
         <run_address>0x82d</run_address>
         <size>0x12b</size>
         <input_file_ref idref="fl-f"/>
      </object_component>
      <object_component id="oc-43">
         <name>.debug_abbrev</name>
         <load_address>0x958</load_address>
         <run_address>0x958</run_address>
         <size>0x152</size>
         <input_file_ref idref="fl-10"/>
      </object_component>
      <object_component id="oc-49">
         <name>.debug_abbrev</name>
         <load_address>0xaaa</load_address>
         <run_address>0xaaa</run_address>
         <size>0x25b</size>
         <input_file_ref idref="fl-11"/>
      </object_component>
      <object_component id="oc-4d">
         <name>.debug_abbrev</name>
         <load_address>0xd05</load_address>
         <run_address>0xd05</run_address>
         <size>0x16f</size>
         <input_file_ref idref="fl-12"/>
      </object_component>
      <object_component id="oc-51">
         <name>.debug_abbrev</name>
         <load_address>0xe74</load_address>
         <run_address>0xe74</run_address>
         <size>0x13b</size>
         <input_file_ref idref="fl-13"/>
      </object_component>
      <object_component id="oc-56">
         <name>.debug_abbrev</name>
         <load_address>0xfaf</load_address>
         <run_address>0xfaf</run_address>
         <size>0x17b</size>
         <input_file_ref idref="fl-14"/>
      </object_component>
      <object_component id="oc-5a">
         <name>.debug_abbrev</name>
         <load_address>0x112a</load_address>
         <run_address>0x112a</run_address>
         <size>0x44</size>
         <input_file_ref idref="fl-15"/>
      </object_component>
      <object_component id="oc-5e">
         <name>.debug_abbrev</name>
         <load_address>0x116e</load_address>
         <run_address>0x116e</run_address>
         <size>0x38</size>
         <input_file_ref idref="fl-16"/>
      </object_component>
      <object_component id="oc-64">
         <name>.debug_abbrev</name>
         <load_address>0x11a6</load_address>
         <run_address>0x11a6</run_address>
         <size>0x11e</size>
         <input_file_ref idref="fl-17"/>
      </object_component>
      <object_component id="oc-68">
         <name>.debug_abbrev</name>
         <load_address>0x12c4</load_address>
         <run_address>0x12c4</run_address>
         <size>0x148</size>
         <input_file_ref idref="fl-18"/>
      </object_component>
      <object_component id="oc-6c">
         <name>.debug_abbrev</name>
         <load_address>0x140c</load_address>
         <run_address>0x140c</run_address>
         <size>0xef</size>
         <input_file_ref idref="fl-19"/>
      </object_component>
      <object_component id="oc-72">
         <name>.debug_abbrev</name>
         <load_address>0x14fb</load_address>
         <run_address>0x14fb</run_address>
         <size>0x27b</size>
         <input_file_ref idref="fl-1a"/>
      </object_component>
      <object_component id="oc-76">
         <name>.debug_abbrev</name>
         <load_address>0x1776</load_address>
         <run_address>0x1776</run_address>
         <size>0x115</size>
         <input_file_ref idref="fl-1b"/>
      </object_component>
      <object_component id="oc-79">
         <name>.debug_abbrev</name>
         <load_address>0x188b</load_address>
         <run_address>0x188b</run_address>
         <size>0x70</size>
         <input_file_ref idref="fl-1c"/>
      </object_component>
      <object_component id="oc-7d">
         <name>.debug_abbrev</name>
         <load_address>0x18fb</load_address>
         <run_address>0x18fb</run_address>
         <size>0x15a</size>
         <input_file_ref idref="fl-1d"/>
      </object_component>
      <object_component id="oc-83">
         <name>.debug_abbrev</name>
         <load_address>0x1a55</load_address>
         <run_address>0x1a55</run_address>
         <size>0x1c0</size>
         <input_file_ref idref="fl-1e"/>
      </object_component>
      <object_component id="oc-87">
         <name>.debug_abbrev</name>
         <load_address>0x1c15</load_address>
         <run_address>0x1c15</run_address>
         <size>0x127</size>
         <input_file_ref idref="fl-1f"/>
      </object_component>
      <object_component id="oc-8b">
         <name>.debug_abbrev</name>
         <load_address>0x1d3c</load_address>
         <run_address>0x1d3c</run_address>
         <size>0xef</size>
         <input_file_ref idref="fl-20"/>
      </object_component>
      <object_component id="oc-8f">
         <name>.debug_abbrev</name>
         <load_address>0x1e2b</load_address>
         <run_address>0x1e2b</run_address>
         <size>0x10e</size>
         <input_file_ref idref="fl-21"/>
      </object_component>
      <object_component id="oc-93">
         <name>.debug_abbrev</name>
         <load_address>0x1f39</load_address>
         <run_address>0x1f39</run_address>
         <size>0xf1</size>
         <input_file_ref idref="fl-22"/>
      </object_component>
      <object_component id="oc-97">
         <name>.debug_abbrev</name>
         <load_address>0x202a</load_address>
         <run_address>0x202a</run_address>
         <size>0xc3</size>
         <input_file_ref idref="fl-23"/>
      </object_component>
      <object_component id="oc-9b">
         <name>.debug_abbrev</name>
         <load_address>0x20ed</load_address>
         <run_address>0x20ed</run_address>
         <size>0x38</size>
         <input_file_ref idref="fl-24"/>
      </object_component>
      <object_component id="oc-9f">
         <name>.debug_abbrev</name>
         <load_address>0x2125</load_address>
         <run_address>0x2125</run_address>
         <size>0x103</size>
         <input_file_ref idref="fl-25"/>
      </object_component>
      <object_component id="oc-a4">
         <name>.debug_abbrev</name>
         <load_address>0x2228</load_address>
         <run_address>0x2228</run_address>
         <size>0x18e</size>
         <input_file_ref idref="fl-26"/>
      </object_component>
      <object_component id="oc-a8">
         <name>.debug_abbrev</name>
         <load_address>0x23b6</load_address>
         <run_address>0x23b6</run_address>
         <size>0xac</size>
         <input_file_ref idref="fl-27"/>
      </object_component>
      <object_component id="oc-ac">
         <name>.debug_abbrev</name>
         <load_address>0x2462</load_address>
         <run_address>0x2462</run_address>
         <size>0xbb</size>
         <input_file_ref idref="fl-28"/>
      </object_component>
      <object_component id="oc-b0">
         <name>.debug_abbrev</name>
         <load_address>0x251d</load_address>
         <run_address>0x251d</run_address>
         <size>0xff</size>
         <input_file_ref idref="fl-29"/>
      </object_component>
      <object_component id="oc-b4">
         <name>.debug_abbrev</name>
         <load_address>0x261c</load_address>
         <run_address>0x261c</run_address>
         <size>0x103</size>
         <input_file_ref idref="fl-2a"/>
      </object_component>
      <object_component id="oc-b9">
         <name>.debug_abbrev</name>
         <load_address>0x271f</load_address>
         <run_address>0x271f</run_address>
         <size>0x10e</size>
         <input_file_ref idref="fl-2b"/>
      </object_component>
      <object_component id="oc-bd">
         <name>.debug_abbrev</name>
         <load_address>0x282d</load_address>
         <run_address>0x282d</run_address>
         <size>0xf0</size>
         <input_file_ref idref="fl-2c"/>
      </object_component>
      <object_component id="oc-c1">
         <name>.debug_abbrev</name>
         <load_address>0x291d</load_address>
         <run_address>0x291d</run_address>
         <size>0xf4</size>
         <input_file_ref idref="fl-2d"/>
      </object_component>
      <object_component id="oc-c5">
         <name>.debug_abbrev</name>
         <load_address>0x2a11</load_address>
         <run_address>0x2a11</run_address>
         <size>0x12e</size>
         <input_file_ref idref="fl-2e"/>
      </object_component>
      <object_component id="oc-c9">
         <name>.debug_abbrev</name>
         <load_address>0x2b3f</load_address>
         <run_address>0x2b3f</run_address>
         <size>0xf1</size>
         <input_file_ref idref="fl-2f"/>
      </object_component>
      <object_component id="oc-cd">
         <name>.debug_abbrev</name>
         <load_address>0x2c30</load_address>
         <run_address>0x2c30</run_address>
         <size>0xac</size>
         <input_file_ref idref="fl-30"/>
      </object_component>
      <object_component id="oc-d1">
         <name>.debug_abbrev</name>
         <load_address>0x2cdc</load_address>
         <run_address>0x2cdc</run_address>
         <size>0xbb</size>
         <input_file_ref idref="fl-31"/>
      </object_component>
      <object_component id="oc-d5">
         <name>.debug_abbrev</name>
         <load_address>0x2d97</load_address>
         <run_address>0x2d97</run_address>
         <size>0xff</size>
         <input_file_ref idref="fl-32"/>
      </object_component>
      <object_component id="oc-d9">
         <name>.debug_abbrev</name>
         <load_address>0x2e96</load_address>
         <run_address>0x2e96</run_address>
         <size>0x142</size>
         <input_file_ref idref="fl-33"/>
      </object_component>
      <object_component id="oc-dd">
         <name>.debug_abbrev</name>
         <load_address>0x2fd8</load_address>
         <run_address>0x2fd8</run_address>
         <size>0xff</size>
         <input_file_ref idref="fl-34"/>
      </object_component>
      <object_component id="oc-e1">
         <name>.debug_abbrev</name>
         <load_address>0x30d7</load_address>
         <run_address>0x30d7</run_address>
         <size>0x38</size>
         <input_file_ref idref="fl-35"/>
      </object_component>
      <object_component id="oc-e5">
         <name>.debug_abbrev</name>
         <load_address>0x310f</load_address>
         <run_address>0x310f</run_address>
         <size>0x120</size>
         <input_file_ref idref="fl-36"/>
      </object_component>
      <object_component id="oc-e9">
         <name>.debug_abbrev</name>
         <load_address>0x322f</load_address>
         <run_address>0x322f</run_address>
         <size>0xf1</size>
         <input_file_ref idref="fl-37"/>
      </object_component>
      <object_component id="oc-f0">
         <name>.debug_abbrev</name>
         <load_address>0x3320</load_address>
         <run_address>0x3320</run_address>
         <size>0x108</size>
         <input_file_ref idref="fl-38"/>
      </object_component>
      <object_component id="oc-f5">
         <name>.debug_abbrev</name>
         <load_address>0x3428</load_address>
         <run_address>0x3428</run_address>
         <size>0x8d</size>
         <input_file_ref idref="fl-39"/>
      </object_component>
      <object_component id="oc-fa">
         <name>.debug_abbrev</name>
         <load_address>0x34b5</load_address>
         <run_address>0x34b5</run_address>
         <size>0xf3</size>
         <input_file_ref idref="fl-3a"/>
      </object_component>
      <object_component id="oc-11b">
         <name>.debug_abbrev</name>
         <load_address>0x35a8</load_address>
         <run_address>0x35a8</run_address>
         <size>0xd</size>
      </object_component>
   </object_component_list>
   <logical_group_list>
      <logical_group id="lg-2">
         <name>vectors</name>
         <load_address>0xffff00</load_address>
         <run_address>0xffff00</run_address>
         <size>0x100</size>
         <contents>
            <object_component_ref idref="oc-28"/>
         </contents>
      </logical_group>
      <logical_group id="lg-3">
         <name>.cinit</name>
         <load_address>0x4c0</load_address>
         <run_address>0x4c0</run_address>
         <size>0x390</size>
         <contents>
            <object_component_ref idref="oc-10"/>
            <object_component_ref idref="oc-47"/>
            <object_component_ref idref="oc-38"/>
            <object_component_ref idref="oc-2f"/>
            <object_component_ref idref="oc-1c"/>
            <object_component_ref idref="oc-81"/>
            <object_component_ref idref="oc-23"/>
            <object_component_ref idref="oc-ed"/>
         </contents>
      </logical_group>
      <logical_group id="lg-117">
         <name>.text.1</name>
         <load_address>0x10000</load_address>
         <run_address>0x10000</run_address>
         <size>0x2000</size>
         <contents>
            <object_component_ref idref="oc-6d"/>
            <object_component_ref idref="oc-d"/>
            <object_component_ref idref="oc-a0"/>
            <object_component_ref idref="oc-84"/>
            <object_component_ref idref="oc-27"/>
         </contents>
      </logical_group>
      <logical_group id="lg-118">
         <name>.text.2</name>
         <load_address>0x12000</load_address>
         <run_address>0x12000</run_address>
         <size>0x1fff</size>
         <contents>
            <object_component_ref idref="oc-44"/>
            <object_component_ref idref="oc-52"/>
            <object_component_ref idref="oc-20"/>
            <object_component_ref idref="oc-7e"/>
            <object_component_ref idref="oc-94"/>
            <object_component_ref idref="oc-e2"/>
            <object_component_ref idref="oc-9c"/>
            <object_component_ref idref="oc-3f"/>
            <object_component_ref idref="oc-f1"/>
            <object_component_ref idref="oc-c2"/>
            <object_component_ref idref="oc-ea"/>
            <object_component_ref idref="oc-4e"/>
            <object_component_ref idref="oc-69"/>
            <object_component_ref idref="oc-65"/>
            <object_component_ref idref="oc-da"/>
         </contents>
      </logical_group>
      <logical_group id="lg-119">
         <name>.text.3</name>
         <load_address>0x14000</load_address>
         <run_address>0x14000</run_address>
         <size>0xace</size>
         <contents>
            <object_component_ref idref="oc-ba"/>
            <object_component_ref idref="oc-7a"/>
            <object_component_ref idref="oc-62"/>
            <object_component_ref idref="oc-a9"/>
            <object_component_ref idref="oc-3b"/>
            <object_component_ref idref="oc-8c"/>
            <object_component_ref idref="oc-d6"/>
            <object_component_ref idref="oc-e6"/>
            <object_component_ref idref="oc-ce"/>
            <object_component_ref idref="oc-b1"/>
            <object_component_ref idref="oc-5f"/>
            <object_component_ref idref="oc-88"/>
            <object_component_ref idref="oc-b5"/>
            <object_component_ref idref="oc-73"/>
            <object_component_ref idref="oc-f6"/>
            <object_component_ref idref="oc-4a"/>
            <object_component_ref idref="oc-57"/>
            <object_component_ref idref="oc-32"/>
            <object_component_ref idref="oc-ca"/>
            <object_component_ref idref="oc-a5"/>
            <object_component_ref idref="oc-5b"/>
            <object_component_ref idref="oc-19"/>
            <object_component_ref idref="oc-c"/>
            <object_component_ref idref="oc-ad"/>
            <object_component_ref idref="oc-98"/>
            <object_component_ref idref="oc-90"/>
            <object_component_ref idref="oc-be"/>
            <object_component_ref idref="oc-d2"/>
            <object_component_ref idref="oc-de"/>
            <object_component_ref idref="oc-2c"/>
            <object_component_ref idref="oc-c6"/>
            <object_component_ref idref="oc-1d"/>
         </contents>
      </logical_group>
      <split_section id="lg-4">
         <name>.text</name>
         <contents>
            <logical_group_ref idref="lg-117"/>
            <logical_group_ref idref="lg-118"/>
            <logical_group_ref idref="lg-119"/>
         </contents>
      </split_section>
      <logical_group id="lg-5">
         <name>.stack</name>
         <run_address>0xd60</run_address>
         <size>0x200</size>
         <contents>
            <object_component_ref idref="oc-15"/>
            <object_component_ref idref="oc-111"/>
         </contents>
      </logical_group>
      <logical_group id="lg-6">
         <name>.sysstack</name>
         <run_address>0xc0</run_address>
         <size>0x400</size>
         <contents>
            <object_component_ref idref="oc-fb"/>
            <object_component_ref idref="oc-113"/>
         </contents>
      </logical_group>
      <logical_group id="lg-7">
[...]
         <value>0x116d8</value>
         <object_component_ref idref="oc-d"/>
      </symbol>
      <symbol id="sm-cd">
         <name>_send_zero</name>
         <value>0x115f6</value>
         <object_component_ref idref="oc-d"/>
      </symbol>
      <symbol id="sm-ce">
         <name>_xmit_seq</name>
         <value>0xa028</value>
         <object_component_ref idref="oc-e"/>
      </symbol>
      <symbol id="sm-cf">
         <name>_values_sent</name>
         <value>0xa026</value>
         <object_component_ref idref="oc-e"/>
      </symbol>
      <symbol id="sm-d0">
         <name>_data_count</name>
         <value>0xa024</value>
         <object_component_ref idref="oc-e"/>
      </symbol>
      <symbol id="sm-dc">
         <name>__stack</name>
         <value>0xd60</value>
         <object_component_ref idref="oc-15"/>
      </symbol>
      <symbol id="sm-dd">
         <name>__sysstack</name>
         <value>0xc0</value>
         <object_component_ref idref="oc-fb"/>
      </symbol>
      <symbol id="sm-de">
         <name>_c_int00</name>
         <value>0x149b6</value>
         <object_component_ref idref="oc-c"/>
      </symbol>
      <symbol id="sm-ee">
         <name>__dtors_ptr</name>
         <value>0xa74c</value>
         <object_component_ref idref="oc-1a"/>
      </symbol>
      <symbol id="sm-ef">
         <name>C$$EXIT</name>
         <value>0x14ac7</value>
         <object_component_ref idref="oc-1d"/>
      </symbol>
      <symbol id="sm-f0">
         <name>_abort</name>
         <value>0x14ac6</value>
         <object_component_ref idref="oc-1d"/>
      </symbol>
      <symbol id="sm-f1">
         <name>_exit</name>
         <value>0x14978</value>
         <object_component_ref idref="oc-19"/>
      </symbol>
      <symbol id="sm-f2">
         <name>__cleanup_ptr</name>
         <value>0xa748</value>
         <object_component_ref idref="oc-1a"/>
      </symbol>
      <symbol id="sm-102">
         <name>_free_memory</name>
         <value>0x12e9c</value>
         <object_component_ref idref="oc-20"/>
      </symbol>
      <symbol id="sm-103">
         <name>__sys_memory</name>
         <value>0x8000</value>
         <object_component_ref idref="oc-24"/>
      </symbol>
      <symbol id="sm-104">
         <name>_chkheap</name>
         <value>0x12ef2</value>
         <object_component_ref idref="oc-20"/>
      </symbol>
      <symbol id="sm-105">
         <name>_free</name>
         <value>0x12a6b</value>
         <object_component_ref idref="oc-20"/>
      </symbol>
      <symbol id="sm-106">
         <name>_minit</name>
         <value>0x12b37</value>
         <object_component_ref idref="oc-20"/>
      </symbol>
      <symbol id="sm-107">
         <name>_calloc</name>
         <value>0x12efa</value>
         <object_component_ref idref="oc-20"/>
      </symbol>
      <symbol id="sm-108">
         <name>_max_free</name>
         <value>0x12e42</value>
         <object_component_ref idref="oc-20"/>
      </symbol>
      <symbol id="sm-109">
         <name>_realloc</name>
         <value>0x12c91</value>
         <object_component_ref idref="oc-20"/>
      </symbol>
      <symbol id="sm-10a">
         <name>_malloc</name>
         <value>0x12b9c</value>
         <object_component_ref idref="oc-20"/>
      </symbol>
      <symbol id="sm-114">
         <name>_Reset</name>
         <value>0xffff00</value>
         <object_component_ref idref="oc-28"/>
      </symbol>
      <symbol id="sm-122">
         <name>__lock</name>
         <value>0xa740</value>
         <object_component_ref idref="oc-2d"/>
      </symbol>
      <symbol id="sm-123">
         <name>__register_unlock</name>
         <value>0x14aa4</value>
         <object_component_ref idref="oc-2c"/>
      </symbol>
      <symbol id="sm-124">
         <name>__nop</name>
         <value>0x14ab4</value>
         <object_component_ref idref="oc-2c"/>
      </symbol>
      <symbol id="sm-125">
         <name>__register_lock</name>
         <value>0x14aac</value>
         <object_component_ref idref="oc-2c"/>
      </symbol>
      <symbol id="sm-126">
         <name>__unlock</name>
         <value>0xa744</value>
         <object_component_ref idref="oc-2d"/>
      </symbol>
      <symbol id="sm-130">
         <name>__args_main</name>
         <value>0x1485b</value>
         <object_component_ref idref="oc-32"/>
      </symbol>
      <symbol id="sm-13c">
         <name>__ftable</name>
         <value>0xa27c</value>
         <object_component_ref idref="oc-36"/>
      </symbol>
      <symbol id="sm-13d">
         <name>__tmpnams</name>
         <value>0xa36c</value>
         <object_component_ref idref="oc-36"/>
      </symbol>
      <symbol id="sm-13e">
         <name>__ft_end</name>
         <value>0xa4ac</value>
         <object_component_ref idref="oc-36"/>
      </symbol>
      <symbol id="sm-148">
         <name>_fgetc</name>
         <value>0x142e5</value>
         <object_component_ref idref="oc-3b"/>
      </symbol>
      <symbol id="sm-149">
         <name>_getc</name>
         <value>0x142e5</value>
         <object_component_ref idref="oc-3b"/>
      </symbol>
      <symbol id="sm-14a">
         <name>_getchar</name>
         <value>0x14371</value>
         <object_component_ref idref="oc-3b"/>
      </symbol>
      <symbol id="sm-158">
         <name>_fputs</name>
         <value>0x13840</value>
         <object_component_ref idref="oc-3f"/>
      </symbol>
      <symbol id="sm-159">
         <name>_puts</name>
         <value>0x13975</value>
         <object_component_ref idref="oc-3f"/>
      </symbol>
      <symbol id="sm-16b">
         <name>_rename</name>
         <value>0x12175</value>
         <object_component_ref idref="oc-44"/>
      </symbol>
      <symbol id="sm-16c">
         <name>_add_device</name>
         <value>0x12453</value>
         <object_component_ref idref="oc-44"/>
      </symbol>
      <symbol id="sm-16d">
         <name>_write</name>
         <value>0x12000</value>
         <object_component_ref idref="oc-44"/>
      </symbol>
      <symbol id="sm-16e">
         <name>_find_registered_device</name>
         <value>0x123d7</value>
         <object_component_ref idref="oc-44"/>
      </symbol>
      <symbol id="sm-16f">
         <name>_open</name>
         <value>0x122b2</value>
         <object_component_ref idref="oc-44"/>
      </symbol>
      <symbol id="sm-170">
         <name>_lseek</name>
         <value>0x12371</value>
         <object_component_ref idref="oc-44"/>
      </symbol>
      <symbol id="sm-171">
         <name>_unlink</name>
         <value>0x12142</value>
         <object_component_ref idref="oc-44"/>
      </symbol>
      <symbol id="sm-172">
         <name>_remove_device</name>
         <value>0x121ce</value>
         <object_component_ref idref="oc-44"/>
      </symbol>
      <symbol id="sm-173">
         <name>_read</name>
         <value>0x12204</value>
         <object_component_ref idref="oc-44"/>
      </symbol>
      <symbol id="sm-174">
         <name>_close</name>
         <value>0x123e0</value>
         <object_component_ref idref="oc-44"/>
      </symbol>
      <symbol id="sm-17e">
         <name>_printf</name>
         <value>0x147be</value>
         <object_component_ref idref="oc-4a"/>
      </symbol>
      <symbol id="sm-188">
         <name>_setvbuf</name>
         <value>0x13d83</value>
         <object_component_ref idref="oc-4e"/>
      </symbol>
      <symbol id="sm-194">
         <name>_HOSTclock</name>
         <value>0x12a0d</value>
         <object_component_ref idref="oc-52"/>
      </symbol>
      <symbol id="sm-195">
         <name>_HOSTrename</name>
         <value>0x12713</value>
         <object_component_ref idref="oc-52"/>
      </symbol>
      <symbol id="sm-196">
         <name>_HOSTopen</name>
         <value>0x1284e</value>
         <object_component_ref idref="oc-52"/>
      </symbol>
      <symbol id="sm-197">
         <name>_HOSTlseek</name>
         <value>0x128ed</value>
         <object_component_ref idref="oc-52"/>
      </symbol>
      <symbol id="sm-198">
         <name>_getenv</name>
         <value>0x12543</value>
         <object_component_ref idref="oc-52"/>
      </symbol>
      <symbol id="sm-199">
         <name>_HOSTunlink</name>
         <value>0x1264b</value>
         <object_component_ref idref="oc-52"/>
      </symbol>
      <symbol id="sm-19a">
         <name>_HOSTclose</name>
         <value>0x129a2</value>
         <object_component_ref idref="oc-52"/>
      </symbol>
      <symbol id="sm-19b">
         <name>_HOSTwrite</name>
         <value>0x125be</value>
         <object_component_ref idref="oc-52"/>
      </symbol>
      <symbol id="sm-19c">
         <name>_HOSTread</name>
         <value>0x127c1</value>
         <object_component_ref idref="oc-52"/>
      </symbol>
      <symbol id="sm-19d">
         <name>_HOSTtime</name>
         <value>0x126b5</value>
         <object_component_ref idref="oc-52"/>
      </symbol>
      <symbol id="sm-1a5">
         <name>_auto_init</name>
         <value>0x1480e</value>
         <object_component_ref idref="oc-57"/>
      </symbol>
      <symbol id="sm-1ad">
         <name>_memcpy</name>
         <value>0x14939</value>
         <object_component_ref idref="oc-5b"/>
      </symbol>
      <symbol id="sm-1bf">
         <name>C$$IO$$</name>
         <value>0x1423f</value>
         <object_component_ref idref="oc-62"/>
      </symbol>
      <symbol id="sm-1c0">
         <name>_readmsg</name>
         <value>0x145cf</value>
         <object_component_ref idref="oc-5f"/>
      </symbol>
      <symbol id="sm-1c1">
         <name>__CIOBUF_</name>
         <value>0xb20</value>
         <object_component_ref idref="oc-61"/>
      </symbol>
      <symbol id="sm-1c2">
         <name>_writemsg</name>
         <value>0x1418a</value>
         <object_component_ref idref="oc-62"/>
      </symbol>
      <symbol id="sm-1cc">
         <name>__buff_read</name>
         <value>0x13f46</value>
         <object_component_ref idref="oc-65"/>
      </symbol>
      <symbol id="sm-1d6">
         <name>__wrt_ok</name>
         <value>0x13e69</value>
         <object_component_ref idref="oc-69"/>
      </symbol>
      <symbol id="sm-1d7">
         <name>__rd_ok</name>
         <value>0x13ee9</value>
         <object_component_ref idref="oc-69"/>
      </symbol>
      <symbol id="sm-1e9">
         <name>__printfi</name>
         <value>0x11356</value>
         <object_component_ref idref="oc-6d"/>
      </symbol>
      <symbol id="sm-1f3">
         <name>_atoi</name>
         <value>0x1470e</value>
         <object_component_ref idref="oc-73"/>
      </symbol>
      <symbol id="sm-1fd">
         <name>__ctypes_</name>
         <value>0x850</value>
         <object_component_ref idref="oc-fc"/>
      </symbol>
      <symbol id="sm-207">
         <name>_fflush</name>
         <value>0x14131</value>
         <object_component_ref idref="oc-7a"/>
      </symbol>
      <symbol id="sm-208">
         <name>__doflush</name>
         <value>0x140c8</value>
         <object_component_ref idref="oc-7a"/>
      </symbol>
      <symbol id="sm-217">
         <name>_fopen</name>
         <value>0x13164</value>
         <object_component_ref idref="oc-7e"/>
      </symbol>
      <symbol id="sm-218">
         <name>_freopen</name>
         <value>0x1309b</value>
         <object_component_ref idref="oc-7e"/>
      </symbol>
      <symbol id="sm-219">
         <name>__cleanup</name>
         <value>0x13041</value>
         <object_component_ref idref="oc-7e"/>
      </symbol>
      <symbol id="sm-223">
         <name>_putchar</name>
         <value>0x11fee</value>
         <object_component_ref idref="oc-84"/>
      </symbol>
      <symbol id="sm-224">
         <name>_fputc</name>
         <value>0x11f57</value>
         <object_component_ref idref="oc-84"/>
      </symbol>
      <symbol id="sm-225">
         <name>_putc</name>
         <value>0x11f57</value>
         <object_component_ref idref="oc-84"/>
      </symbol>
      <symbol id="sm-22f">
         <name>_fseek</name>
         <value>0x1463c</value>
         <object_component_ref idref="oc-88"/>
      </symbol>
      <symbol id="sm-239">
         <name>_ltoa</name>
         <value>0x14380</value>
         <object_component_ref idref="oc-8c"/>
      </symbol>
      <symbol id="sm-244">
         <name>_memccpy</name>
         <value>0x14a3e</value>
         <object_component_ref idref="oc-90"/>
      </symbol>
      <symbol id="sm-24e">
         <name>__divull</name>
         <value>0x132d4</value>
         <object_component_ref idref="oc-94"/>
      </symbol>
      <symbol id="sm-24f">
         <name>__mpylli</name>
         <value>0x1321c</value>
         <object_component_ref idref="oc-94"/>
      </symbol>
      <symbol id="sm-250">
         <name>__divlli</name>
         <value>0x133c8</value>
         <object_component_ref idref="oc-94"/>
      </symbol>
      <symbol id="sm-251">
         <name>__remull</name>
         <value>0x1319f</value>
         <object_component_ref idref="oc-94"/>
      </symbol>
      <symbol id="sm-252">
         <name>__remlli</name>
         <value>0x131ed</value>
         <object_component_ref idref="oc-94"/>
      </symbol>
      <symbol id="sm-25a">
         <name>__divu</name>
         <value>0x14a14</value>
         <object_component_ref idref="oc-98"/>
      </symbol>
      <symbol id="sm-25b">
         <name>I$$UDIV</name>
         <value>0x14a14</value>
         <object_component_ref idref="oc-98"/>
      </symbol>
      <symbol id="sm-25c">
         <name>I$$UMOD</name>
         <value>0x14a29</value>
         <object_component_ref idref="oc-98"/>
      </symbol>
      <symbol id="sm-25d">
         <name>__remu</name>
         <value>0x14a29</value>
         <object_component_ref idref="oc-98"/>
      </symbol>
      <symbol id="sm-267">
         <name>__gtrd</name>
         <value>0x1371f</value>
         <object_component_ref idref="oc-9c"/>
      </symbol>
      <symbol id="sm-268">
         <name>__leqd</name>
         <value>0x136d2</value>
         <object_component_ref idref="oc-9c"/>
      </symbol>
      <symbol id="sm-269">
         <name>__cmpd</name>
         <value>0x137e8</value>
         <object_component_ref idref="oc-9c"/>
      </symbol>
      <symbol id="sm-26a">
         <name>__geqd</name>
         <value>0x1376a</value>
         <object_component_ref idref="oc-9c"/>
      </symbol>
      <symbol id="sm-26b">
         <name>__eqld</name>
         <value>0x137b4</value>
         <object_component_ref idref="oc-9c"/>
      </symbol>
      <symbol id="sm-26c">
         <name>__lssd</name>
         <value>0x1368a</value>
         <object_component_ref idref="oc-9c"/>
      </symbol>
      <symbol id="sm-26d">
         <name>__neqd</name>
         <value>0x13656</value>
         <object_component_ref idref="oc-9c"/>
      </symbol>
      <symbol id="sm-27b">
         <name>__divd</name>
         <value>0x11c0d</value>
         <object_component_ref idref="oc-a0"/>
      </symbol>
      <symbol id="sm-285">
         <name>__divli</name>
         <value>0x148f1</value>
         <object_component_ref idref="oc-a5"/>
      </symbol>
      <symbol id="sm-290">
         <name>__divul</name>
         <value>0x14244</value>
         <object_component_ref idref="oc-a9"/>
      </symbol>
      <symbol id="sm-29a">
         <name>__fixdi</name>
         <value>0x149ea</value>
         <object_component_ref idref="oc-ad"/>
      </symbol>
      <symbol id="sm-2a4">
         <name>__fixdli</name>
         <value>0x14560</value>
         <object_component_ref idref="oc-b1"/>
      </symbol>
      <symbol id="sm-2b0">
         <name>__fltlid</name>
         <value>0x146a7</value>
         <object_component_ref idref="oc-b5"/>
      </symbol>
      <symbol id="sm-2ba">
         <name>__frcmpyd_div</name>
         <value>0x14000</value>
         <object_component_ref idref="oc-ba"/>
      </symbol>
      <symbol id="sm-2c4">
         <name>___isinf</name>
         <value>0x14a61</value>
         <object_component_ref idref="oc-be"/>
      </symbol>
      <symbol id="sm-2ce">
         <name>__mpyd</name>
         <value>0x13af9</value>
         <object_component_ref idref="oc-c2"/>
      </symbol>
      <symbol id="sm-2d8">
         <name>__negd</name>
         <value>0x14ab6</value>
         <object_component_ref idref="oc-c6"/>
      </symbol>
      <symbol id="sm-2e2">
         <name>__remli</name>
         <value>0x148a6</value>
         <object_component_ref idref="oc-ca"/>
      </symbol>
      <symbol id="sm-2ed">
         <name>__remul</name>
         <value>0x144ee</value>
         <object_component_ref idref="oc-ce"/>
      </symbol>
      <symbol id="sm-2f7">
         <name>__subd</name>
         <value>0x14a7d</value>
         <object_component_ref idref="oc-d2"/>
      </symbol>
      <symbol id="sm-301">
         <name>_fclose</name>
         <value>0x143fd</value>
         <object_component_ref idref="oc-d6"/>
      </symbol>
      <symbol id="sm-30b">
         <name>_remove</name>
         <value>0x13ff4</value>
         <object_component_ref idref="oc-da"/>
      </symbol>
      <symbol id="sm-313">
         <name>I$$LMPY</name>
         <value>0x14a91</value>
         <object_component_ref idref="oc-de"/>
      </symbol>
      <symbol id="sm-314">
         <name>__mpyli</name>
         <value>0x14a91</value>
         <object_component_ref idref="oc-de"/>
      </symbol>
      <symbol id="sm-31e">
         <name>__addd</name>
         <value>0x133fd</value>
         <object_component_ref idref="oc-e2"/>
      </symbol>
      <symbol id="sm-328">
         <name>__frcmpyd</name>
         <value>0x14478</value>
         <object_component_ref idref="oc-e6"/>
      </symbol>
      <symbol id="sm-350">
         <name>_USBSTK5515_I2C_reset</name>
         <value>0x13c6d</value>
         <object_component_ref idref="oc-ea"/>
      </symbol>
      <symbol id="sm-351">
         <name>_USBSTK5515_I2C_read</name>
         <value>0x13d0a</value>
         <object_component_ref idref="oc-ea"/>
      </symbol>
      <symbol id="sm-352">
         <name>_USBSTK5515_I2C_write</name>
         <value>0x13c7b</value>
         <object_component_ref idref="oc-ea"/>
      </symbol>
      <symbol id="sm-353">
         <name>_USBSTK5515_I2C_close</name>
         <value>0x13c64</value>
         <object_component_ref idref="oc-ea"/>
      </symbol>
      <symbol id="sm-354">
         <name>_i2c_timeout</name>
         <value>0xa64e</value>
         <object_component_ref idref="oc-eb"/>
      </symbol>
      <symbol id="sm-355">
         <name>_USBSTK5515_I2C_init</name>
         <value>0x13c45</value>
         <object_component_ref idref="oc-ea"/>
      </symbol>
      <symbol id="sm-369">
         <name>_USBSTK5515_GPIO_setDirection</name>
         <value>0x139a7</value>
         <object_component_ref idref="oc-f1"/>
      </symbol>
      <symbol id="sm-36a">
         <name>_USBSTK5515_GPIO_getInput</name>
         <value>0x13aa1</value>
         <object_component_ref idref="oc-f1"/>
      </symbol>
      <symbol id="sm-36b">
         <name>_USBSTK5515_GPIO_init</name>
         <value>0x139a3</value>
         <object_component_ref idref="oc-f1"/>
      </symbol>
      <symbol id="sm-36c">
         <name>_USBSTK5515_GPIO_setOutput</name>
         <value>0x13a24</value>
         <object_component_ref idref="oc-f1"/>
      </symbol>
      <symbol id="sm-37a">
         <name>_USBSTK5515_wait</name>
         <value>0x1476a</value>
         <object_component_ref idref="oc-f6"/>
      </symbol>
      <symbol id="sm-37b">
         <name>_USBSTK5515_init</name>
         <value>0x147b0</value>
         <object_component_ref idref="oc-f6"/>
      </symbol>
      <symbol id="sm-37c">
         <name>_USBSTK5515_waitusec</name>
         <value>0x1479e</value>
         <object_component_ref idref="oc-f6"/>
      </symbol>
   </symbol_table>
</link_info>
