<?xml version="1.0"?>
<link_info>
   <banner>TMS320C55x Linker PC v4.4.1</banner>
   <copyright>Copyright (c) 1996-2012 Texas Instruments Incorporated</copyright>
   <link_time>0x58e9e6f2</link_time>
   <output_file>transciever.out</output_file>
   <entry_point>
      <name>_c_int00</name>
      <address>0x14d70</address>
   </entry_point>
   <input_file_list>
      <input_file id="fl-2">
         <path>.\</path>
         <kind>object</kind>
         <file>char_transciever.obj</file>
         <name>char_transciever.obj</name>
      </input_file>
      <input_file id="fl-8">
         <path>C:\ti\ccsv7\tools\compiler\c5500_4.4.1\lib\</path>
         <kind>archive</kind>
         <file>rts55x.lib</file>
         <name>boot.obj</name>
      </input_file>
      <input_file id="fl-9">
         <path>C:\ti\ccsv7\tools\compiler\c5500_4.4.1\lib\</path>
         <kind>archive</kind>
         <file>rts55x.lib</file>
         <name>defs.obj</name>
      </input_file>
      <input_file id="fl-a">
         <path>C:\ti\ccsv7\tools\compiler\c5500_4.4.1\lib\</path>
         <kind>archive</kind>
         <file>rts55x.lib</file>
         <name>exit.obj</name>
      </input_file>
      <input_file id="fl-b">
         <path>C:\ti\ccsv7\tools\compiler\c5500_4.4.1\lib\</path>
         <kind>archive</kind>
         <file>rts55x.lib</file>
         <name>fgetc.obj</name>
      </input_file>
      <input_file id="fl-c">
         <path>C:\ti\ccsv7\tools\compiler\c5500_4.4.1\lib\</path>
         <kind>archive</kind>
         <file>rts55x.lib</file>
         <name>fputc.obj</name>
      </input_file>
      <input_file id="fl-d">
         <path>C:\ti\ccsv7\tools\compiler\c5500_4.4.1\lib\</path>
         <kind>archive</kind>
         <file>rts55x.lib</file>
         <name>fputs.obj</name>
      </input_file>
      <input_file id="fl-e">
         <path>C:\ti\ccsv7\tools\compiler\c5500_4.4.1\lib\</path>
         <kind>archive</kind>
         <file>rts55x.lib</file>
         <name>lowlev.obj</name>
      </input_file>
      <input_file id="fl-f">
         <path>C:\ti\ccsv7\tools\compiler\c5500_4.4.1\lib\</path>
         <kind>archive</kind>
         <file>rts55x.lib</file>
         <name>memcpy.obj</name>
      </input_file>
      <input_file id="fl-10">
         <path>C:\ti\ccsv7\tools\compiler\c5500_4.4.1\lib\</path>
         <kind>archive</kind>
         <file>rts55x.lib</file>
         <name>printf.obj</name>
      </input_file>
      <input_file id="fl-11">
         <path>C:\ti\ccsv7\tools\compiler\c5500_4.4.1\lib\</path>
         <kind>archive</kind>
         <file>rts55x.lib</file>
         <name>setvbuf.obj</name>
      </input_file>
      <input_file id="fl-12">
         <path>C:\ti\ccsv7\tools\compiler\c5500_4.4.1\lib\</path>
         <kind>archive</kind>
         <file>rts55x.lib</file>
         <name>trgdrv.obj</name>
      </input_file>
      <input_file id="fl-13">
         <path>C:\ti\ccsv7\tools\compiler\c5500_4.4.1\lib\</path>
         <kind>archive</kind>
         <file>rts55x.lib</file>
         <name>trgmsg.obj</name>
      </input_file>
      <input_file id="fl-14">
         <path>C:\ti\ccsv7\tools\compiler\c5500_4.4.1\lib\</path>
         <kind>archive</kind>
         <file>rts55x.lib</file>
         <name>vectors.obj</name>
      </input_file>
      <input_file id="fl-15">
         <path>C:\ti\ccsv7\tools\compiler\c5500_4.4.1\lib\</path>
         <kind>archive</kind>
         <file>rts55x.lib</file>
         <name>_bufread.obj</name>
      </input_file>
      <input_file id="fl-16">
         <path>C:\ti\ccsv7\tools\compiler\c5500_4.4.1\lib\</path>
         <kind>archive</kind>
         <file>rts55x.lib</file>
         <name>_io_perm.obj</name>
      </input_file>
      <input_file id="fl-17">
         <path>C:\ti\ccsv7\tools\compiler\c5500_4.4.1\lib\</path>
         <kind>archive</kind>
         <file>rts55x.lib</file>
         <name>_lock.obj</name>
      </input_file>
      <input_file id="fl-18">
         <path>C:\ti\ccsv7\tools\compiler\c5500_4.4.1\lib\</path>
         <kind>archive</kind>
         <file>rts55x.lib</file>
         <name>_printfi.obj</name>
      </input_file>
      <input_file id="fl-19">
         <path>C:\ti\ccsv7\tools\compiler\c5500_4.4.1\lib\</path>
         <kind>archive</kind>
         <file>rts55x.lib</file>
         <name>args_main.obj</name>
      </input_file>
      <input_file id="fl-1a">
         <path>C:\ti\ccsv7\tools\compiler\c5500_4.4.1\lib\</path>
         <kind>archive</kind>
         <file>rts55x.lib</file>
         <name>atoi.obj</name>
      </input_file>
      <input_file id="fl-1b">
         <path>C:\ti\ccsv7\tools\compiler\c5500_4.4.1\lib\</path>
         <kind>archive</kind>
         <file>rts55x.lib</file>
         <name>autoinit.obj</name>
      </input_file>
      <input_file id="fl-1c">
         <path>C:\ti\ccsv7\tools\compiler\c5500_4.4.1\lib\</path>
         <kind>archive</kind>
         <file>rts55x.lib</file>
         <name>cmpd.obj</name>
      </input_file>
      <input_file id="fl-1d">
         <path>C:\ti\ccsv7\tools\compiler\c5500_4.4.1\lib\</path>
         <kind>archive</kind>
         <file>rts55x.lib</file>
         <name>ctype.obj</name>
      </input_file>
      <input_file id="fl-1e">
         <path>C:\ti\ccsv7\tools\compiler\c5500_4.4.1\lib\</path>
         <kind>archive</kind>
         <file>rts55x.lib</file>
         <name>divd.obj</name>
      </input_file>
      <input_file id="fl-1f">
         <path>C:\ti\ccsv7\tools\compiler\c5500_4.4.1\lib\</path>
         <kind>archive</kind>
         <file>rts55x.lib</file>
         <name>divul.obj</name>
      </input_file>
      <input_file id="fl-20">
         <path>C:\ti\ccsv7\tools\compiler\c5500_4.4.1\lib\</path>
         <kind>archive</kind>
         <file>rts55x.lib</file>
         <name>fflush.obj</name>
      </input_file>
      <input_file id="fl-21">
         <path>C:\ti\ccsv7\tools\compiler\c5500_4.4.1\lib\</path>
         <kind>archive</kind>
         <file>rts55x.lib</file>
         <name>fixdi.obj</name>
      </input_file>
      <input_file id="fl-22">
         <path>C:\ti\ccsv7\tools\compiler\c5500_4.4.1\lib\</path>
         <kind>archive</kind>
         <file>rts55x.lib</file>
         <name>fixdli.obj</name>
      </input_file>
      <input_file id="fl-23">
         <path>C:\ti\ccsv7\tools\compiler\c5500_4.4.1\lib\</path>
         <kind>archive</kind>
         <file>rts55x.lib</file>
         <name>fltlid.obj</name>
      </input_file>
      <input_file id="fl-24">
         <path>C:\ti\ccsv7\tools\compiler\c5500_4.4.1\lib\</path>
         <kind>archive</kind>
         <file>rts55x.lib</file>
         <name>fopen.obj</name>
      </input_file>
      <input_file id="fl-25">
         <path>C:\ti\ccsv7\tools\compiler\c5500_4.4.1\lib\</path>
         <kind>archive</kind>
         <file>rts55x.lib</file>
         <name>frcmpyd_div.obj</name>
      </input_file>
      <input_file id="fl-26">
         <path>C:\ti\ccsv7\tools\compiler\c5500_4.4.1\lib\</path>
         <kind>archive</kind>
         <file>rts55x.lib</file>
         <name>fseek.obj</name>
      </input_file>
      <input_file id="fl-27">
         <path>C:\ti\ccsv7\tools\compiler\c5500_4.4.1\lib\</path>
         <kind>archive</kind>
         <file>rts55x.lib</file>
         <name>isinf.obj</name>
      </input_file>
      <input_file id="fl-28">
         <path>C:\ti\ccsv7\tools\compiler\c5500_4.4.1\lib\</path>
         <kind>archive</kind>
         <file>rts55x.lib</file>
         <name>llmpy.obj</name>
      </input_file>
      <input_file id="fl-29">
         <path>C:\ti\ccsv7\tools\compiler\c5500_4.4.1\lib\</path>
         <kind>archive</kind>
         <file>rts55x.lib</file>
         <name>lmpy.obj</name>
      </input_file>
      <input_file id="fl-2a">
         <path>C:\ti\ccsv7\tools\compiler\c5500_4.4.1\lib\</path>
         <kind>archive</kind>
         <file>rts55x.lib</file>
         <name>ltoa.obj</name>
      </input_file>
      <input_file id="fl-2b">
         <path>C:\ti\ccsv7\tools\compiler\c5500_4.4.1\lib\</path>
         <kind>archive</kind>
         <file>rts55x.lib</file>
         <name>memccpy.obj</name>
      </input_file>
      <input_file id="fl-2c">
         <path>C:\ti\ccsv7\tools\compiler\c5500_4.4.1\lib\</path>
         <kind>archive</kind>
         <file>rts55x.lib</file>
         <name>memory.obj</name>
      </input_file>
      <input_file id="fl-2d">
         <path>C:\ti\ccsv7\tools\compiler\c5500_4.4.1\lib\</path>
         <kind>archive</kind>
         <file>rts55x.lib</file>
         <name>mpyd.obj</name>
      </input_file>
      <input_file id="fl-2e">
         <path>C:\ti\ccsv7\tools\compiler\c5500_4.4.1\lib\</path>
         <kind>archive</kind>
         <file>rts55x.lib</file>
         <name>negd.obj</name>
      </input_file>
      <input_file id="fl-2f">
         <path>C:\ti\ccsv7\tools\compiler\c5500_4.4.1\lib\</path>
         <kind>archive</kind>
         <file>rts55x.lib</file>
         <name>remli.obj</name>
      </input_file>
      <input_file id="fl-30">
         <path>C:\ti\ccsv7\tools\compiler\c5500_4.4.1\lib\</path>
         <kind>archive</kind>
         <file>rts55x.lib</file>
         <name>remul.obj</name>
      </input_file>
      <input_file id="fl-31">
         <path>C:\ti\ccsv7\tools\compiler\c5500_4.4.1\lib\</path>
         <kind>archive</kind>
         <file>rts55x.lib</file>
         <name>subd.obj</name>
      </input_file>
      <input_file id="fl-32">
         <path>C:\ti\ccsv7\tools\compiler\c5500_4.4.1\lib\</path>
         <kind>archive</kind>
         <file>rts55x.lib</file>
         <name>udiv.obj</name>
      </input_file>
      <input_file id="fl-33">
         <path>C:\ti\ccsv7\tools\compiler\c5500_4.4.1\lib\</path>
         <kind>archive</kind>
         <file>rts55x.lib</file>
         <name>addd.obj</name>
      </input_file>
      <input_file id="fl-34">
         <path>C:\ti\ccsv7\tools\compiler\c5500_4.4.1\lib\</path>
         <kind>archive</kind>
         <file>rts55x.lib</file>
         <name>divli.obj</name>
      </input_file>
      <input_file id="fl-35">
         <path>C:\ti\ccsv7\tools\compiler\c5500_4.4.1\lib\</path>
         <kind>archive</kind>
         <file>rts55x.lib</file>
         <name>fclose.obj</name>
      </input_file>
      <input_file id="fl-36">
         <path>C:\ti\ccsv7\tools\compiler\c5500_4.4.1\lib\</path>
         <kind>archive</kind>
         <file>rts55x.lib</file>
         <name>frcmpyd.obj</name>
      </input_file>
      <input_file id="fl-37">
         <path>C:\ti\ccsv7\tools\compiler\c5500_4.4.1\lib\</path>
         <kind>archive</kind>
         <file>rts55x.lib</file>
         <name>remove.obj</name>
      </input_file>
      <input_file id="fl-38">
         <path>C:\Program Files (x86)\Texas Instruments\ccsv4\emulation\boards\usbstk5515_v1\lib\</path>
         <kind>archive</kind>
         <file>usbstk5515bsl.lib</file>
         <name>usbstk5515_i2c.obj</name>
      </input_file>
      <input_file id="fl-39">
         <path>C:\Program Files (x86)\Texas Instruments\ccsv4\emulation\boards\usbstk5515_v1\lib\</path>
         <kind>archive</kind>
         <file>usbstk5515bsl.lib</file>
         <name>usbstk5515_gpio.obj</name>
      </input_file>
      <input_file id="fl-3a">
         <path>C:\Program Files (x86)\Texas Instruments\ccsv4\emulation\boards\usbstk5515_v1\lib\</path>
         <kind>archive</kind>
         <file>usbstk5515bsl.lib</file>
         <name>usbstk5515.obj</name>
      </input_file>
   </input_file_list>
   <object_component_list>
      <object_component id="oc-4f">
         <name>vectors</name>
         <load_address>0xffff00</load_address>
         <run_address>0xffff00</run_address>
         <size>0x100</size>
         <input_file_ref idref="fl-14"/>
      </object_component>
      <object_component id="oc-10">
         <name>.cinit</name>
         <load_address>0x8c0</load_address>
         <run_address>0x8c0</run_address>
         <size>0x2e6</size>
         <input_file_ref idref="fl-2"/>
      </object_component>
      <object_component id="oc-34">
         <name>.cinit</name>
         <load_address>0xba6</load_address>
         <run_address>0xba6</run_address>
         <size>0x5a</size>
         <input_file_ref idref="fl-e"/>
      </object_component>
      <object_component id="oc-1b">
         <name>.cinit</name>
         <load_address>0xc00</load_address>
         <run_address>0xc00</run_address>
         <size>0x54</size>
         <input_file_ref idref="fl-9"/>
      </object_component>
      <object_component id="oc-5e">
         <name>.cinit</name>
         <load_address>0xc54</load_address>
         <run_address>0xc54</run_address>
         <size>0x14</size>
         <input_file_ref idref="fl-17"/>
      </object_component>
      <object_component id="oc-20">
         <name>.cinit</name>
         <load_address>0xc68</load_address>
         <run_address>0xc68</run_address>
         <size>0x14</size>
         <input_file_ref idref="fl-a"/>
      </object_component>
      <object_component id="oc-95">
         <name>.cinit</name>
         <load_address>0xc7c</load_address>
         <run_address>0xc7c</run_address>
         <size>0x8</size>
         <input_file_ref idref="fl-24"/>
      </object_component>
      <object_component id="oc-b7">
         <name>.cinit</name>
         <load_address>0xc84</load_address>
         <run_address>0xc84</run_address>
         <size>0x8</size>
         <input_file_ref idref="fl-2c"/>
      </object_component>
      <object_component id="oc-ea">
         <name>.cinit</name>
         <load_address>0xc8c</load_address>
         <run_address>0xc8c</run_address>
         <size>0x8</size>
         <input_file_ref idref="fl-38"/>
      </object_component>
      <object_component id="oc-61">
         <name>.text</name>
         <load_address>0x10000</load_address>
         <run_address>0x10000</run_address>
         <size>0x15a4</size>
         <input_file_ref idref="fl-18"/>
      </object_component>
      <object_component id="oc-d">
         <name>.text</name>
         <load_address>0x115a4</load_address>
         <run_address>0x115a4</run_address>
         <size>0x9f6</size>
         <input_file_ref idref="fl-2"/>
      </object_component>
      <object_component id="oc-6b">
         <name>.text</name>
         <load_address>0x11f9a</load_address>
         <run_address>0x11f9a</run_address>
         <size>0x5c</size>
         <input_file_ref idref="fl-1a"/>
      </object_component>
      <object_component id="oc-21">
         <name>.text:CIO_breakpoint</name>
         <load_address>0x11ff6</load_address>
         <run_address>0x11ff6</run_address>
         <size>0x7</size>
         <input_file_ref idref="fl-a"/>
      </object_component>
      <object_component id="oc-4e">
         <name>.text</name>
         <load_address>0x11ffd</load_address>
         <run_address>0x11ffd</run_address>
         <size>0x2</size>
         <input_file_ref idref="fl-14"/>
      </object_component>
      <object_component id="oc-31">
         <name>.text</name>
         <load_address>0x12000</load_address>
         <run_address>0x12000</run_address>
         <size>0x543</size>
         <input_file_ref idref="fl-e"/>
      </object_component>
      <object_component id="oc-43">
         <name>.text</name>
         <load_address>0x12543</load_address>
         <run_address>0x12543</run_address>
         <size>0x528</size>
         <input_file_ref idref="fl-12"/>
      </object_component>
      <object_component id="oc-b4">
         <name>.text</name>
         <load_address>0x12a6b</load_address>
         <run_address>0x12a6b</run_address>
         <size>0x4b5</size>
         <input_file_ref idref="fl-2c"/>
      </object_component>
      <object_component id="oc-79">
         <name>.text</name>
         <load_address>0x12f20</load_address>
         <run_address>0x12f20</run_address>
         <size>0x3cc</size>
         <input_file_ref idref="fl-1e"/>
      </object_component>
      <object_component id="oc-92">
         <name>.text</name>
         <load_address>0x132ec</load_address>
         <run_address>0x132ec</run_address>
         <size>0x27f</size>
         <input_file_ref idref="fl-24"/>
      </object_component>
      <object_component id="oc-a4">
         <name>.text</name>
         <load_address>0x1356b</load_address>
         <run_address>0x1356b</run_address>
         <size>0x25e</size>
         <input_file_ref idref="fl-28"/>
      </object_component>
      <object_component id="oc-d3">
         <name>.text</name>
         <load_address>0x137c9</load_address>
         <run_address>0x137c9</run_address>
         <size>0x25a</size>
         <input_file_ref idref="fl-33"/>
      </object_component>
      <object_component id="oc-73">
         <name>.text</name>
         <load_address>0x13a23</load_address>
         <run_address>0x13a23</run_address>
         <size>0x1ea</size>
         <input_file_ref idref="fl-1c"/>
      </object_component>
      <object_component id="oc-2c">
         <name>.text</name>
         <load_address>0x13c0d</load_address>
         <run_address>0x13c0d</run_address>
         <size>0x163</size>
         <input_file_ref idref="fl-d"/>
      </object_component>
      <object_component id="oc-ee">
         <name>.text</name>
         <load_address>0x13d70</load_address>
         <run_address>0x13d70</run_address>
         <size>0x156</size>
         <input_file_ref idref="fl-39"/>
      </object_component>
      <object_component id="oc-3f">
         <name>.text</name>
         <load_address>0x13ec6</load_address>
         <run_address>0x13ec6</run_address>
         <size>0xe6</size>
         <input_file_ref idref="fl-11"/>
      </object_component>
      <object_component id="oc-3b">
         <name>.text</name>
         <load_address>0x13fac</load_address>
         <run_address>0x13fac</run_address>
         <size>0x50</size>
         <input_file_ref idref="fl-10"/>
      </object_component>
      <object_component id="oc-bb">
         <name>.text</name>
         <load_address>0x14000</load_address>
         <run_address>0x14000</run_address>
         <size>0x14c</size>
         <input_file_ref idref="fl-2d"/>
      </object_component>
      <object_component id="oc-e7">
         <name>.text</name>
         <load_address>0x1414c</load_address>
         <run_address>0x1414c</run_address>
         <size>0x13e</size>
         <input_file_ref idref="fl-38"/>
      </object_component>
      <object_component id="oc-57">
         <name>.text</name>
         <load_address>0x1428a</load_address>
         <run_address>0x1428a</run_address>
         <size>0xdd</size>
         <input_file_ref idref="fl-16"/>
      </object_component>
      <object_component id="oc-81">
         <name>.text</name>
         <load_address>0x14367</load_address>
         <run_address>0x14367</run_address>
         <size>0xc2</size>
         <input_file_ref idref="fl-20"/>
      </object_component>
      <object_component id="oc-4b">
         <name>.text:CIO_breakpoint</name>
         <load_address>0x14429</load_address>
         <run_address>0x14429</run_address>
         <size>0xba</size>
         <input_file_ref idref="fl-13"/>
      </object_component>
      <object_component id="oc-53">
         <name>.text</name>
         <load_address>0x144e3</load_address>
         <run_address>0x144e3</run_address>
         <size>0xae</size>
         <input_file_ref idref="fl-15"/>
      </object_component>
      <object_component id="oc-28">
         <name>.text</name>
         <load_address>0x14591</load_address>
         <run_address>0x14591</run_address>
         <size>0xa6</size>
         <input_file_ref idref="fl-c"/>
      </object_component>
      <object_component id="oc-7d">
         <name>.text</name>
         <load_address>0x14637</load_address>
         <run_address>0x14637</run_address>
         <size>0xa1</size>
         <input_file_ref idref="fl-1f"/>
      </object_component>
      <object_component id="oc-24">
         <name>.text</name>
         <load_address>0x146d8</load_address>
         <run_address>0x146d8</run_address>
         <size>0x9b</size>
         <input_file_ref idref="fl-b"/>
      </object_component>
      <object_component id="oc-ac">
         <name>.text</name>
         <load_address>0x14773</load_address>
         <run_address>0x14773</run_address>
         <size>0x7d</size>
         <input_file_ref idref="fl-2a"/>
      </object_component>
      <object_component id="oc-db">
         <name>.text</name>
         <load_address>0x147f0</load_address>
         <run_address>0x147f0</run_address>
         <size>0x7b</size>
         <input_file_ref idref="fl-35"/>
      </object_component>
      <object_component id="oc-df">
         <name>.text</name>
         <load_address>0x1486b</load_address>
         <run_address>0x1486b</run_address>
         <size>0x76</size>
         <input_file_ref idref="fl-36"/>
      </object_component>
      <object_component id="oc-98">
         <name>.text</name>
         <load_address>0x148e1</load_address>
         <run_address>0x148e1</run_address>
         <size>0x73</size>
         <input_file_ref idref="fl-25"/>
      </object_component>
      <object_component id="oc-c7">
         <name>.text</name>
         <load_address>0x14954</load_address>
         <run_address>0x14954</run_address>
         <size>0x72</size>
         <input_file_ref idref="fl-30"/>
      </object_component>
      <object_component id="oc-89">
         <name>.text</name>
         <load_address>0x149c6</load_address>
         <run_address>0x149c6</run_address>
         <size>0x6f</size>
         <input_file_ref idref="fl-22"/>
      </object_component>
      <object_component id="oc-48">
         <name>.text</name>
         <load_address>0x14a35</load_address>
         <run_address>0x14a35</run_address>
         <size>0x6d</size>
         <input_file_ref idref="fl-13"/>
      </object_component>
      <object_component id="oc-9c">
         <name>.text</name>
         <load_address>0x14aa2</load_address>
         <run_address>0x14aa2</run_address>
         <size>0x6b</size>
         <input_file_ref idref="fl-26"/>
      </object_component>
      <object_component id="oc-8d">
         <name>.text</name>
         <load_address>0x14b0d</load_address>
         <run_address>0x14b0d</run_address>
         <size>0x67</size>
         <input_file_ref idref="fl-23"/>
      </object_component>
      <object_component id="oc-f3">
         <name>.text</name>
         <load_address>0x14b74</load_address>
         <run_address>0x14b74</run_address>
         <size>0x54</size>
         <input_file_ref idref="fl-3a"/>
      </object_component>
      <object_component id="oc-6f">
         <name>.text</name>
         <load_address>0x14bc8</load_address>
         <run_address>0x14bc8</run_address>
         <size>0x4d</size>
         <input_file_ref idref="fl-1b"/>
      </object_component>
      <object_component id="oc-67">
         <name>.text</name>
         <load_address>0x14c15</load_address>
         <run_address>0x14c15</run_address>
         <size>0x4b</size>
         <input_file_ref idref="fl-19"/>
      </object_component>
      <object_component id="oc-c3">
         <name>.text</name>
         <load_address>0x14c60</load_address>
         <run_address>0x14c60</run_address>
         <size>0x4b</size>
         <input_file_ref idref="fl-2f"/>
      </object_component>
      <object_component id="oc-d7">
         <name>.text</name>
         <load_address>0x14cab</load_address>
         <run_address>0x14cab</run_address>
         <size>0x48</size>
         <input_file_ref idref="fl-34"/>
      </object_component>
      <object_component id="oc-37">
         <name>.text</name>
         <load_address>0x14cf3</load_address>
         <run_address>0x14cf3</run_address>
         <size>0x3f</size>
         <input_file_ref idref="fl-f"/>
      </object_component>
      <object_component id="oc-1d">
         <name>.text</name>
         <load_address>0x14d32</load_address>
         <run_address>0x14d32</run_address>
         <size>0x3e</size>
         <input_file_ref idref="fl-a"/>
      </object_component>
      <object_component id="oc-c">
         <name>.text</name>
         <load_address>0x14d70</load_address>
         <run_address>0x14d70</run_address>
         <size>0x34</size>
         <input_file_ref idref="fl-8"/>
      </object_component>
      <object_component id="oc-85">
         <name>.text</name>
         <load_address>0x14da4</load_address>
         <run_address>0x14da4</run_address>
         <size>0x2a</size>
         <input_file_ref idref="fl-21"/>
      </object_component>
      <object_component id="oc-cf">
         <name>.text</name>
         <load_address>0x14dce</load_address>
         <run_address>0x14dce</run_address>
         <size>0x2a</size>
         <input_file_ref idref="fl-32"/>
      </object_component>
      <object_component id="oc-b0">
         <name>.text</name>
         <load_address>0x14df8</load_address>
         <run_address>0x14df8</run_address>
         <size>0x23</size>
         <input_file_ref idref="fl-2b"/>
      </object_component>
      <object_component id="oc-a0">
         <name>.text</name>
         <load_address>0x14e1b</load_address>
         <run_address>0x14e1b</run_address>
         <size>0x1a</size>
         <input_file_ref idref="fl-27"/>
      </object_component>
      <object_component id="oc-cb">
         <name>.text</name>
         <load_address>0x14e35</load_address>
         <run_address>0x14e35</run_address>
         <size>0x14</size>
         <input_file_ref idref="fl-31"/>
      </object_component>
      <object_component id="oc-a8">
         <name>.text</name>
         <load_address>0x14e49</load_address>
         <run_address>0x14e49</run_address>
         <size>0x13</size>
         <input_file_ref idref="fl-29"/>
      </object_component>
      <object_component id="oc-5b">
         <name>.text</name>
         <load_address>0x14e5c</load_address>
         <run_address>0x14e5c</run_address>
         <size>0x12</size>
         <input_file_ref idref="fl-17"/>
      </object_component>
      <object_component id="oc-bf">
         <name>.text</name>
         <load_address>0x14e6e</load_address>
         <run_address>0x14e6e</run_address>
         <size>0x10</size>
         <input_file_ref idref="fl-2e"/>
      </object_component>
      <object_component id="oc-e3">
         <name>.text</name>
         <load_address>0x14e7e</load_address>
         <run_address>0x14e7e</run_address>
         <size>0xa</size>
         <input_file_ref idref="fl-37"/>
      </object_component>
      <object_component id="oc-15">
         <name>.stack</name>
         <uninitialized>true</uninitialized>
         <run_address>0xc0</run_address>
         <size>0x0</size>
         <input_file_ref idref="fl-8"/>
      </object_component>
      <object_component id="oc-10e">
         <name>.stack</name>
         <uninitialized>true</uninitialized>
         <run_address>0xc0</run_address>
         <size>0x0</size>
      </object_component>
      <object_component id="oc-f8">
         <name>.sysstack</name>
         <uninitialized>true</uninitialized>
         <run_address>0x4c0</run_address>
         <size>0x0</size>
         <input_file_ref idref="fl-8"/>
      </object_component>
      <object_component id="oc-110">
         <name>.sysstack</name>
         <uninitialized>true</uninitialized>
         <run_address>0x4c0</run_address>
         <size>0x0</size>
      </object_component>
      <object_component id="oc-b8">
         <name>.sysmem</name>
         <uninitialized>true</uninitialized>
         <run_address>0x8000</run_address>
         <size>0x0</size>
         <input_file_ref idref="fl-2c"/>
      </object_component>
      <object_component id="oc-10f">
         <name>.sysmem</name>
         <uninitialized>true</uninitialized>
         <run_address>0x8000</run_address>
         <size>0x0</size>
      </object_component>
      <object_component id="oc-4a">
         <name>.cio</name>
         <uninitialized>true</uninitialized>
         <run_address>0xf40</run_address>
         <size>0x240</size>
         <input_file_ref idref="fl-13"/>
      </object_component>
      <object_component id="oc-e">
         <name>.bss</name>
         <uninitialized>true</uninitialized>
         <run_address>0xa000</run_address>
         <size>0x12a6</size>
         <input_file_ref idref="fl-2"/>
      </object_component>
      <object_component id="oc-19">
         <name>.bss</name>
         <uninitialized>true</uninitialized>
         <run_address>0xb2a8</run_address>
         <size>0x232</size>
         <input_file_ref idref="fl-9"/>
      </object_component>
      <object_component id="oc-1e">
         <name>.bss</name>
         <uninitialized>true</uninitialized>
         <run_address>0xb774</run_address>
         <size>0x8</size>
         <input_file_ref idref="fl-a"/>
      </object_component>
      <object_component id="oc-32">
         <name>.bss</name>
         <uninitialized>true</uninitialized>
         <run_address>0xb67c</run_address>
         <size>0xe2</size>
         <input_file_ref idref="fl-e"/>
      </object_component>
      <object_component id="oc-44">
         <name>.bss</name>
         <uninitialized>true</uninitialized>
         <run_address>0xb4da</run_address>
         <size>0x1a0</size>
         <input_file_ref idref="fl-12"/>
      </object_component>
      <object_component id="oc-5c">
         <name>.bss</name>
         <uninitialized>true</uninitialized>
         <run_address>0xb76c</run_address>
         <size>0x8</size>
         <input_file_ref idref="fl-17"/>
      </object_component>
      <object_component id="oc-93">
         <name>.bss</name>
         <uninitialized>true</uninitialized>
         <run_address>0xb2a6</run_address>
         <size>0x2</size>
         <input_file_ref idref="fl-24"/>
      </object_component>
      <object_component id="oc-b5">
         <name>.bss</name>
         <uninitialized>true</uninitialized>
         <run_address>0xb760</run_address>
         <size>0xc</size>
         <input_file_ref idref="fl-2c"/>
      </object_component>
      <object_component id="oc-e8">
         <name>.bss</name>
         <uninitialized>true</uninitialized>
         <run_address>0xb67a</run_address>
         <size>0x2</size>
         <input_file_ref idref="fl-38"/>
      </object_component>
      <object_component id="oc-f9">
         <name>.const:__ctypes_</name>
         <load_address>0xc98</load_address>
         <run_address>0xc98</run_address>
         <size>0x202</size>
         <input_file_ref idref="fl-1d"/>
      </object_component>
      <object_component id="oc-64">
         <name>.const:.string</name>
         <load_address>0xe9c</load_address>
         <run_address>0xe9c</run_address>
         <size>0x48</size>
         <input_file_ref idref="fl-18"/>
      </object_component>
      <object_component id="oc-11">
         <name>.const:.string</name>
         <load_address>0xee4</load_address>
         <run_address>0xee4</run_address>
         <size>0x2c</size>
         <input_file_ref idref="fl-2"/>
      </object_component>
      <object_component id="oc-63">
         <name>.const</name>
         <load_address>0xf10</load_address>
         <run_address>0xf10</run_address>
         <size>0x18</size>
         <input_file_ref idref="fl-18"/>
      </object_component>
      <object_component id="oc-fa">
         <name>.const:_initial_approx$1</name>
         <load_address>0xf28</load_address>
         <run_address>0xf28</run_address>
         <size>0x10</size>
         <input_file_ref idref="fl-1e"/>
      </object_component>
      <object_component id="oc-2e">
         <name>.const:.string</name>
         <load_address>0xf38</load_address>
         <run_address>0xf38</run_address>
         <size>0x4</size>
         <input_file_ref idref="fl-d"/>
      </object_component>
      <object_component id="oc-8f">
         <name>.const</name>
         <load_address>0xf3c</load_address>
         <run_address>0xf3c</run_address>
         <size>0x4</size>
         <input_file_ref idref="fl-23"/>
      </object_component>
      <object_component id="oc-f">
         <name>.debug_info</name>
         <load_address>0x0</load_address>
         <run_address>0x0</run_address>
         <size>0x23fa</size>
         <input_file_ref idref="fl-2"/>
      </object_component>
      <object_component id="oc-16">
         <name>.debug_info</name>
         <load_address>0x23fa</load_address>
         <run_address>0x23fa</run_address>
         <size>0xe8</size>
         <input_file_ref idref="fl-8"/>
      </object_component>
      <object_component id="oc-1a">
         <name>.debug_info</name>
         <load_address>0x24e2</load_address>
         <run_address>0x24e2</run_address>
         <size>0x57e</size>
         <input_file_ref idref="fl-9"/>
      </object_component>
      <object_component id="oc-1f">
         <name>.debug_info</name>
         <load_address>0x2a60</load_address>
         <run_address>0x2a60</run_address>
         <size>0x5fb</size>
         <input_file_ref idref="fl-a"/>
      </object_component>
      <object_component id="oc-25">
         <name>.debug_info</name>
         <load_address>0x305b</load_address>
         <run_address>0x305b</run_address>
         <size>0x670</size>
         <input_file_ref idref="fl-b"/>
      </object_component>
      <object_component id="oc-29">
         <name>.debug_info</name>
         <load_address>0x36cb</load_address>
         <run_address>0x36cb</run_address>
         <size>0x6aa</size>
         <input_file_ref idref="fl-c"/>
      </object_component>
      <object_component id="oc-2d">
         <name>.debug_info</name>
         <load_address>0x3d75</load_address>
         <run_address>0x3d75</run_address>
         <size>0x942</size>
         <input_file_ref idref="fl-d"/>
      </object_component>
      <object_component id="oc-33">
         <name>.debug_info</name>
         <load_address>0x46b7</load_address>
         <run_address>0x46b7</run_address>
         <size>0x144b</size>
         <input_file_ref idref="fl-e"/>
      </object_component>
      <object_component id="oc-38">
         <name>.debug_info</name>
         <load_address>0x5b02</load_address>
         <run_address>0x5b02</run_address>
         <size>0xd1</size>
         <input_file_ref idref="fl-f"/>
      </object_component>
      <object_component id="oc-3c">
         <name>.debug_info</name>
         <load_address>0x5bd3</load_address>
         <run_address>0x5bd3</run_address>
         <size>0x76c</size>
         <input_file_ref idref="fl-10"/>
      </object_component>
      <object_component id="oc-40">
         <name>.debug_info</name>
         <load_address>0x633f</load_address>
         <run_address>0x633f</run_address>
         <size>0x64a</size>
         <input_file_ref idref="fl-11"/>
      </object_component>
      <object_component id="oc-45">
         <name>.debug_info</name>
         <load_address>0x6989</load_address>
         <run_address>0x6989</run_address>
         <size>0xed4</size>
         <input_file_ref idref="fl-12"/>
      </object_component>
      <object_component id="oc-49">
         <name>.debug_info</name>
         <load_address>0x785d</load_address>
         <run_address>0x785d</run_address>
         <size>0x744</size>
         <input_file_ref idref="fl-13"/>
      </object_component>
      <object_component id="oc-50">
         <name>.debug_info</name>
         <load_address>0x7fa1</load_address>
         <run_address>0x7fa1</run_address>
         <size>0xbc</size>
         <input_file_ref idref="fl-14"/>
      </object_component>
      <object_component id="oc-54">
         <name>.debug_info</name>
         <load_address>0x805d</load_address>
         <run_address>0x805d</run_address>
         <size>0x6b8</size>
         <input_file_ref idref="fl-15"/>
      </object_component>
      <object_component id="oc-58">
         <name>.debug_info</name>
         <load_address>0x8715</load_address>
         <run_address>0x8715</run_address>
         <size>0x662</size>
         <input_file_ref idref="fl-16"/>
      </object_component>
      <object_component id="oc-5d">
         <name>.debug_info</name>
         <load_address>0x8d77</load_address>
         <run_address>0x8d77</run_address>
         <size>0x5bc</size>
         <input_file_ref idref="fl-17"/>
      </object_component>
      <object_component id="oc-62">
         <name>.debug_info</name>
         <load_address>0x9333</load_address>
         <run_address>0x9333</run_address>
         <size>0x27bd</size>
         <input_file_ref idref="fl-18"/>
      </object_component>
      <object_component id="oc-68">
         <name>.debug_info</name>
         <load_address>0xbaf0</load_address>
         <run_address>0xbaf0</run_address>
         <size>0x586</size>
         <input_file_ref idref="fl-19"/>
      </object_component>
      <object_component id="oc-6c">
         <name>.debug_info</name>
         <load_address>0xc076</load_address>
         <run_address>0xc076</run_address>
         <size>0x5a4</size>
         <input_file_ref idref="fl-1a"/>
      </object_component>
      <object_component id="oc-70">
         <name>.debug_info</name>
         <load_address>0xc61a</load_address>
         <run_address>0xc61a</run_address>
         <size>0xcd</size>
         <input_file_ref idref="fl-1b"/>
      </object_component>
      <object_component id="oc-74">
         <name>.debug_info</name>
         <load_address>0xc6e7</load_address>
         <run_address>0xc6e7</run_address>
         <size>0x81f</size>
         <input_file_ref idref="fl-1c"/>
      </object_component>
      <object_component id="oc-77">
         <name>.debug_info</name>
         <load_address>0xcf06</load_address>
         <run_address>0xcf06</run_address>
         <size>0x498</size>
         <input_file_ref idref="fl-1d"/>
      </object_component>
      <object_component id="oc-7a">
         <name>.debug_info</name>
         <load_address>0xd39e</load_address>
         <run_address>0xd39e</run_address>
         <size>0x7e8</size>
         <input_file_ref idref="fl-1e"/>
      </object_component>
      <object_component id="oc-7e">
         <name>.debug_info</name>
         <load_address>0xdb86</load_address>
         <run_address>0xdb86</run_address>
         <size>0x534</size>
         <input_file_ref idref="fl-1f"/>
      </object_component>
      <object_component id="oc-82">
         <name>.debug_info</name>
         <load_address>0xe0ba</load_address>
         <run_address>0xe0ba</run_address>
         <size>0x706</size>
         <input_file_ref idref="fl-20"/>
      </object_component>
      <object_component id="oc-86">
         <name>.debug_info</name>
         <load_address>0xe7c0</load_address>
         <run_address>0xe7c0</run_address>
         <size>0x4cf</size>
         <input_file_ref idref="fl-21"/>
      </object_component>
      <object_component id="oc-8a">
         <name>.debug_info</name>
         <load_address>0xec8f</load_address>
         <run_address>0xec8f</run_address>
         <size>0x534</size>
         <input_file_ref idref="fl-22"/>
      </object_component>
      <object_component id="oc-8e">
         <name>.debug_info</name>
         <load_address>0xf1c3</load_address>
         <run_address>0xf1c3</run_address>
         <size>0x549</size>
         <input_file_ref idref="fl-23"/>
      </object_component>
      <object_component id="oc-94">
         <name>.debug_info</name>
         <load_address>0xf70c</load_address>
         <run_address>0xf70c</run_address>
         <size>0xa1c</size>
         <input_file_ref idref="fl-24"/>
      </object_component>
      <object_component id="oc-99">
         <name>.debug_info</name>
         <load_address>0x10128</load_address>
         <run_address>0x10128</run_address>
         <size>0x53e</size>
         <input_file_ref idref="fl-25"/>
      </object_component>
      <object_component id="oc-9d">
         <name>.debug_info</name>
         <load_address>0x10666</load_address>
         <run_address>0x10666</run_address>
         <size>0x5f7</size>
         <input_file_ref idref="fl-26"/>
      </object_component>
      <object_component id="oc-a1">
         <name>.debug_info</name>
         <load_address>0x10c5d</load_address>
         <run_address>0x10c5d</run_address>
         <size>0x680</size>
         <input_file_ref idref="fl-27"/>
      </object_component>
      <object_component id="oc-a5">
         <name>.debug_info</name>
         <load_address>0x112dd</load_address>
         <run_address>0x112dd</run_address>
         <size>0x7d4</size>
         <input_file_ref idref="fl-28"/>
      </object_component>
      <object_component id="oc-a9">
         <name>.debug_info</name>
         <load_address>0x11ab1</load_address>
         <run_address>0x11ab1</run_address>
         <size>0xbd</size>
         <input_file_ref idref="fl-29"/>
      </object_component>
      <object_component id="oc-ad">
         <name>.debug_info</name>
         <load_address>0x11b6e</load_address>
         <run_address>0x11b6e</run_address>
         <size>0x5ad</size>
         <input_file_ref idref="fl-2a"/>
      </object_component>
      <object_component id="oc-b1">
         <name>.debug_info</name>
         <load_address>0x1211b</load_address>
         <run_address>0x1211b</run_address>
         <size>0x574</size>
         <input_file_ref idref="fl-2b"/>
      </object_component>
      <object_component id="oc-b6">
         <name>.debug_info</name>
         <load_address>0x1268f</load_address>
         <run_address>0x1268f</run_address>
         <size>0xb97</size>
         <input_file_ref idref="fl-2c"/>
      </object_component>
      <object_component id="oc-bc">
         <name>.debug_info</name>
         <load_address>0x13226</load_address>
         <run_address>0x13226</run_address>
         <size>0x55b</size>
         <input_file_ref idref="fl-2d"/>
      </object_component>
      <object_component id="oc-c0">
         <name>.debug_info</name>
         <load_address>0x13781</load_address>
         <run_address>0x13781</run_address>
         <size>0x4b7</size>
         <input_file_ref idref="fl-2e"/>
      </object_component>
      <object_component id="oc-c4">
         <name>.debug_info</name>
         <load_address>0x13c38</load_address>
         <run_address>0x13c38</run_address>
         <size>0x4f2</size>
         <input_file_ref idref="fl-2f"/>
      </object_component>
      <object_component id="oc-c8">
         <name>.debug_info</name>
         <load_address>0x1412a</load_address>
         <run_address>0x1412a</run_address>
         <size>0x534</size>
         <input_file_ref idref="fl-30"/>
      </object_component>
      <object_component id="oc-cc">
         <name>.debug_info</name>
         <load_address>0x1465e</load_address>
         <run_address>0x1465e</run_address>
         <size>0x4de</size>
         <input_file_ref idref="fl-31"/>
      </object_component>
      <object_component id="oc-d0">
         <name>.debug_info</name>
         <load_address>0x14b3c</load_address>
         <run_address>0x14b3c</run_address>
         <size>0xef</size>
         <input_file_ref idref="fl-32"/>
      </object_component>
      <object_component id="oc-d4">
         <name>.debug_info</name>
         <load_address>0x14c2b</load_address>
         <run_address>0x14c2b</run_address>
         <size>0x5ab</size>
         <input_file_ref idref="fl-33"/>
      </object_component>
      <object_component id="oc-d8">
         <name>.debug_info</name>
         <load_address>0x151d6</load_address>
         <run_address>0x151d6</run_address>
         <size>0x4f2</size>
         <input_file_ref idref="fl-34"/>
      </object_component>
      <object_component id="oc-dc">
         <name>.debug_info</name>
         <load_address>0x156c8</load_address>
         <run_address>0x156c8</run_address>
         <size>0x64f</size>
         <input_file_ref idref="fl-35"/>
      </object_component>
      <object_component id="oc-e0">
         <name>.debug_info</name>
         <load_address>0x15d17</load_address>
         <run_address>0x15d17</run_address>
         <size>0x4d2</size>
         <input_file_ref idref="fl-36"/>
      </object_component>
      <object_component id="oc-e4">
         <name>.debug_info</name>
         <load_address>0x161e9</load_address>
         <run_address>0x161e9</run_address>
         <size>0x510</size>
         <input_file_ref idref="fl-37"/>
      </object_component>
      <object_component id="oc-e9">
         <name>.debug_info</name>
         <load_address>0x166f9</load_address>
         <run_address>0x166f9</run_address>
         <size>0xbd8</size>
         <input_file_ref idref="fl-38"/>
      </object_component>
      <object_component id="oc-ef">
         <name>.debug_info</name>
         <load_address>0x172d1</load_address>
         <run_address>0x172d1</run_address>
         <size>0x836</size>
         <input_file_ref idref="fl-39"/>
      </object_component>
      <object_component id="oc-f4">
         <name>.debug_info</name>
         <load_address>0x17b07</load_address>
         <run_address>0x17b07</run_address>
         <size>0x69c</size>
         <input_file_ref idref="fl-3a"/>
      </object_component>
      <object_component id="oc-117">
         <name>.debug_info</name>
         <load_address>0x181a3</load_address>
         <run_address>0x181a3</run_address>
         <size>0x6e</size>
      </object_component>
      <object_component id="oc-12">
         <name>.debug_frame</name>
         <load_address>0x0</load_address>
         <run_address>0x0</run_address>
         <size>0x21e</size>
         <input_file_ref idref="fl-2"/>
      </object_component>
      <object_component id="oc-eb">
         <name>.debug_frame</name>
         <load_address>0x21e</load_address>
         <run_address>0x21e</run_address>
         <size>0x14a</size>
         <input_file_ref idref="fl-38"/>
      </object_component>
      <object_component id="oc-f0">
         <name>.debug_frame</name>
         <load_address>0x368</load_address>
         <run_address>0x368</run_address>
         <size>0x135</size>
         <input_file_ref idref="fl-39"/>
      </object_component>
      <object_component id="oc-f5">
         <name>.debug_frame</name>
         <load_address>0x49d</load_address>
         <run_address>0x49d</run_address>
         <size>0x116</size>
         <input_file_ref idref="fl-3a"/>
      </object_component>
      <object_component id="oc-13">
         <name>.debug_line</name>
         <load_address>0x0</load_address>
         <run_address>0x0</run_address>
         <size>0x53b</size>
         <input_file_ref idref="fl-2"/>
      </object_component>
      <object_component id="oc-17">
         <name>.debug_line</name>
         <load_address>0x53b</load_address>
         <run_address>0x53b</run_address>
         <size>0x54</size>
         <input_file_ref idref="fl-8"/>
      </object_component>
      <object_component id="oc-22">
         <name>.debug_line</name>
         <load_address>0x58f</load_address>
         <run_address>0x58f</run_address>
         <size>0x51</size>
         <input_file_ref idref="fl-a"/>
      </object_component>
      <object_component id="oc-26">
         <name>.debug_line</name>
         <load_address>0x5e0</load_address>
         <run_address>0x5e0</run_address>
         <size>0x56</size>
         <input_file_ref idref="fl-b"/>
      </object_component>
      <object_component id="oc-2a">
         <name>.debug_line</name>
         <load_address>0x636</load_address>
         <run_address>0x636</run_address>
         <size>0x56</size>
         <input_file_ref idref="fl-c"/>
      </object_component>
      <object_component id="oc-2f">
         <name>.debug_line</name>
         <load_address>0x68c</load_address>
         <run_address>0x68c</run_address>
         <size>0xa8</size>
         <input_file_ref idref="fl-d"/>
      </object_component>
      <object_component id="oc-35">
         <name>.debug_line</name>
         <load_address>0x734</load_address>
         <run_address>0x734</run_address>
         <size>0x1b0</size>
         <input_file_ref idref="fl-e"/>
      </object_component>
      <object_component id="oc-39">
         <name>.debug_line</name>
         <load_address>0x8e4</load_address>
         <run_address>0x8e4</run_address>
         <size>0x4d</size>
         <input_file_ref idref="fl-f"/>
      </object_component>
      <object_component id="oc-3d">
         <name>.debug_line</name>
         <load_address>0x931</load_address>
         <run_address>0x931</run_address>
         <size>0x69</size>
         <input_file_ref idref="fl-10"/>
      </object_component>
      <object_component id="oc-41">
         <name>.debug_line</name>
         <load_address>0x99a</load_address>
         <run_address>0x99a</run_address>
         <size>0x3f</size>
         <input_file_ref idref="fl-11"/>
      </object_component>
      <object_component id="oc-46">
         <name>.debug_line</name>
         <load_address>0x9d9</load_address>
         <run_address>0x9d9</run_address>
         <size>0x15d</size>
         <input_file_ref idref="fl-12"/>
      </object_component>
      <object_component id="oc-4c">
         <name>.debug_line</name>
         <load_address>0xb36</load_address>
         <run_address>0xb36</run_address>
         <size>0x6a</size>
         <input_file_ref idref="fl-13"/>
      </object_component>
      <object_component id="oc-51">
         <name>.debug_line</name>
         <load_address>0xba0</load_address>
         <run_address>0xba0</run_address>
         <size>0x37</size>
         <input_file_ref idref="fl-14"/>
      </object_component>
      <object_component id="oc-55">
         <name>.debug_line</name>
         <load_address>0xbd7</load_address>
         <run_address>0xbd7</run_address>
         <size>0x4c</size>
         <input_file_ref idref="fl-15"/>
      </object_component>
      <object_component id="oc-59">
         <name>.debug_line</name>
         <load_address>0xc23</load_address>
         <run_address>0xc23</run_address>
         <size>0x57</size>
         <input_file_ref idref="fl-16"/>
      </object_component>
      <object_component id="oc-5f">
         <name>.debug_line</name>
         <load_address>0xc7a</load_address>
         <run_address>0xc7a</run_address>
         <size>0x57</size>
         <input_file_ref idref="fl-17"/>
      </object_component>
      <object_component id="oc-65">
         <name>.debug_line</name>
         <load_address>0xcd1</load_address>
         <run_address>0xcd1</run_address>
         <size>0x328</size>
         <input_file_ref idref="fl-18"/>
      </object_component>
      <object_component id="oc-69">
         <name>.debug_line</name>
         <load_address>0xff9</load_address>
         <run_address>0xff9</run_address>
         <size>0x41</size>
         <input_file_ref idref="fl-19"/>
      </object_component>
      <object_component id="oc-6d">
         <name>.debug_line</name>
         <load_address>0x103a</load_address>
         <run_address>0x103a</run_address>
         <size>0x46</size>
         <input_file_ref idref="fl-1a"/>
      </object_component>
      <object_component id="oc-71">
         <name>.debug_line</name>
         <load_address>0x1080</load_address>
         <run_address>0x1080</run_address>
         <size>0x55</size>
         <input_file_ref idref="fl-1b"/>
      </object_component>
      <object_component id="oc-75">
         <name>.debug_line</name>
         <load_address>0x10d5</load_address>
         <run_address>0x10d5</run_address>
         <size>0xad</size>
         <input_file_ref idref="fl-1c"/>
      </object_component>
      <object_component id="oc-7b">
         <name>.debug_line</name>
         <load_address>0x1182</load_address>
         <run_address>0x1182</run_address>
         <size>0x5b</size>
         <input_file_ref idref="fl-1e"/>
      </object_component>
      <object_component id="oc-7f">
         <name>.debug_line</name>
         <load_address>0x11dd</load_address>
         <run_address>0x11dd</run_address>
         <size>0x44</size>
         <input_file_ref idref="fl-1f"/>
      </object_component>
      <object_component id="oc-83">
         <name>.debug_line</name>
         <load_address>0x1221</load_address>
         <run_address>0x1221</run_address>
         <size>0x5b</size>
         <input_file_ref idref="fl-20"/>
      </object_component>
      <object_component id="oc-87">
         <name>.debug_line</name>
         <load_address>0x127c</load_address>
         <run_address>0x127c</run_address>
         <size>0x3d</size>
         <input_file_ref idref="fl-21"/>
      </object_component>
      <object_component id="oc-8b">
         <name>.debug_line</name>
         <load_address>0x12b9</load_address>
         <run_address>0x12b9</run_address>
         <size>0x3d</size>
         <input_file_ref idref="fl-22"/>
      </object_component>
      <object_component id="oc-90">
         <name>.debug_line</name>
         <load_address>0x12f6</load_address>
         <run_address>0x12f6</run_address>
         <size>0x44</size>
         <input_file_ref idref="fl-23"/>
      </object_component>
      <object_component id="oc-96">
         <name>.debug_line</name>
         <load_address>0x133a</load_address>
         <run_address>0x133a</run_address>
         <size>0xd7</size>
         <input_file_ref idref="fl-24"/>
      </object_component>
      <object_component id="oc-9a">
         <name>.debug_line</name>
         <load_address>0x1411</load_address>
         <run_address>0x1411</run_address>
         <size>0x40</size>
         <input_file_ref idref="fl-25"/>
      </object_component>
      <object_component id="oc-9e">
         <name>.debug_line</name>
         <load_address>0x1451</load_address>
         <run_address>0x1451</run_address>
         <size>0x3c</size>
         <input_file_ref idref="fl-26"/>
      </object_component>
      <object_component id="oc-a2">
         <name>.debug_line</name>
         <load_address>0x148d</load_address>
         <run_address>0x148d</run_address>
         <size>0x38</size>
         <input_file_ref idref="fl-27"/>
      </object_component>
      <object_component id="oc-a6">
         <name>.debug_line</name>
         <load_address>0x14c5</load_address>
         <run_address>0x14c5</run_address>
         <size>0xa8</size>
         <input_file_ref idref="fl-28"/>
      </object_component>
      <object_component id="oc-aa">
         <name>.debug_line</name>
         <load_address>0x156d</load_address>
         <run_address>0x156d</run_address>
         <size>0x3c</size>
         <input_file_ref idref="fl-29"/>
      </object_component>
      <object_component id="oc-ae">
         <name>.debug_line</name>
         <load_address>0x15a9</load_address>
         <run_address>0x15a9</run_address>
         <size>0x40</size>
         <input_file_ref idref="fl-2a"/>
      </object_component>
      <object_component id="oc-b2">
         <name>.debug_line</name>
         <load_address>0x15e9</load_address>
         <run_address>0x15e9</run_address>
         <size>0x3c</size>
         <input_file_ref idref="fl-2b"/>
      </object_component>
      <object_component id="oc-b9">
         <name>.debug_line</name>
         <load_address>0x1625</load_address>
         <run_address>0x1625</run_address>
         <size>0x112</size>
         <input_file_ref idref="fl-2c"/>
      </object_component>
      <object_component id="oc-bd">
         <name>.debug_line</name>
         <load_address>0x1737</load_address>
         <run_address>0x1737</run_address>
         <size>0x3c</size>
         <input_file_ref idref="fl-2d"/>
      </object_component>
      <object_component id="oc-c1">
         <name>.debug_line</name>
         <load_address>0x1773</load_address>
         <run_address>0x1773</run_address>
         <size>0x37</size>
         <input_file_ref idref="fl-2e"/>
      </object_component>
      <object_component id="oc-c5">
         <name>.debug_line</name>
         <load_address>0x17aa</load_address>
         <run_address>0x17aa</run_address>
         <size>0x3c</size>
         <input_file_ref idref="fl-2f"/>
      </object_component>
      <object_component id="oc-c9">
         <name>.debug_line</name>
         <load_address>0x17e6</load_address>
         <run_address>0x17e6</run_address>
         <size>0x44</size>
         <input_file_ref idref="fl-30"/>
      </object_component>
      <object_component id="oc-cd">
         <name>.debug_line</name>
         <load_address>0x182a</load_address>
         <run_address>0x182a</run_address>
         <size>0x37</size>
         <input_file_ref idref="fl-31"/>
      </object_component>
      <object_component id="oc-d1">
         <name>.debug_line</name>
         <load_address>0x1861</load_address>
         <run_address>0x1861</run_address>
         <size>0x58</size>
         <input_file_ref idref="fl-32"/>
      </object_component>
      <object_component id="oc-d5">
         <name>.debug_line</name>
         <load_address>0x18b9</load_address>
         <run_address>0x18b9</run_address>
         <size>0x5c</size>
         <input_file_ref idref="fl-33"/>
      </object_component>
      <object_component id="oc-d9">
         <name>.debug_line</name>
         <load_address>0x1915</load_address>
         <run_address>0x1915</run_address>
         <size>0x3c</size>
         <input_file_ref idref="fl-34"/>
      </object_component>
      <object_component id="oc-dd">
         <name>.debug_line</name>
         <load_address>0x1951</load_address>
         <run_address>0x1951</run_address>
         <size>0x3d</size>
         <input_file_ref idref="fl-35"/>
      </object_component>
      <object_component id="oc-e1">
         <name>.debug_line</name>
         <load_address>0x198e</load_address>
         <run_address>0x198e</run_address>
         <size>0x3a</size>
         <input_file_ref idref="fl-36"/>
      </object_component>
      <object_component id="oc-e5">
         <name>.debug_line</name>
         <load_address>0x19c8</load_address>
         <run_address>0x19c8</run_address>
         <size>0x39</size>
         <input_file_ref idref="fl-37"/>
      </object_component>
      <object_component id="oc-ec">
         <name>.debug_line</name>
         <load_address>0x1a01</load_address>
         <run_address>0x1a01</run_address>
         <size>0x16c</size>
         <input_file_ref idref="fl-38"/>
      </object_component>
      <object_component id="oc-f1">
         <name>.debug_line</name>
         <load_address>0x1b6d</load_address>
         <run_address>0x1b6d</run_address>
         <size>0xdf</size>
         <input_file_ref idref="fl-39"/>
      </object_component>
      <object_component id="oc-f6">
         <name>.debug_line</name>
         <load_address>0x1c4c</load_address>
         <run_address>0x1c4c</run_address>
         <size>0x84</size>
         <input_file_ref idref="fl-3a"/>
      </object_component>
      <object_component id="oc-14">
         <name>.debug_abbrev</name>
         <load_address>0x0</load_address>
         <run_address>0x0</run_address>
         <size>0x1ee</size>
         <input_file_ref idref="fl-2"/>
      </object_component>
      <object_component id="oc-18">
         <name>.debug_abbrev</name>
         <load_address>0x1ee</load_address>
         <run_address>0x1ee</run_address>
         <size>0x3a</size>
         <input_file_ref idref="fl-8"/>
      </object_component>
      <object_component id="oc-1c">
         <name>.debug_abbrev</name>
         <load_address>0x228</load_address>
         <run_address>0x228</run_address>
         <size>0x83</size>
         <input_file_ref idref="fl-9"/>
      </object_component>
      <object_component id="oc-23">
         <name>.debug_abbrev</name>
         <load_address>0x2ab</load_address>
         <run_address>0x2ab</run_address>
         <size>0xf7</size>
         <input_file_ref idref="fl-a"/>
      </object_component>
      <object_component id="oc-27">
         <name>.debug_abbrev</name>
         <load_address>0x3a2</load_address>
         <run_address>0x3a2</run_address>
         <size>0x101</size>
         <input_file_ref idref="fl-b"/>
      </object_component>
      <object_component id="oc-2b">
         <name>.debug_abbrev</name>
         <load_address>0x4a3</load_address>
         <run_address>0x4a3</run_address>
         <size>0x103</size>
         <input_file_ref idref="fl-c"/>
      </object_component>
      <object_component id="oc-30">
         <name>.debug_abbrev</name>
         <load_address>0x5a6</load_address>
         <run_address>0x5a6</run_address>
         <size>0x140</size>
         <input_file_ref idref="fl-d"/>
      </object_component>
      <object_component id="oc-36">
         <name>.debug_abbrev</name>
         <load_address>0x6e6</load_address>
         <run_address>0x6e6</run_address>
         <size>0x225</size>
         <input_file_ref idref="fl-e"/>
      </object_component>
      <object_component id="oc-3a">
         <name>.debug_abbrev</name>
         <load_address>0x90b</load_address>
         <run_address>0x90b</run_address>
         <size>0x38</size>
         <input_file_ref idref="fl-f"/>
      </object_component>
      <object_component id="oc-3e">
         <name>.debug_abbrev</name>
         <load_address>0x943</load_address>
         <run_address>0x943</run_address>
         <size>0x145</size>
         <input_file_ref idref="fl-10"/>
      </object_component>
      <object_component id="oc-42">
         <name>.debug_abbrev</name>
         <load_address>0xa88</load_address>
         <run_address>0xa88</run_address>
         <size>0x10b</size>
         <input_file_ref idref="fl-11"/>
      </object_component>
      <object_component id="oc-47">
         <name>.debug_abbrev</name>
         <load_address>0xb93</load_address>
         <run_address>0xb93</run_address>
         <size>0x15a</size>
         <input_file_ref idref="fl-12"/>
      </object_component>
      <object_component id="oc-4d">
         <name>.debug_abbrev</name>
         <load_address>0xced</load_address>
         <run_address>0xced</run_address>
         <size>0xde</size>
         <input_file_ref idref="fl-13"/>
      </object_component>
      <object_component id="oc-52">
         <name>.debug_abbrev</name>
         <load_address>0xdcb</load_address>
         <run_address>0xdcb</run_address>
         <size>0x26</size>
         <input_file_ref idref="fl-14"/>
      </object_component>
      <object_component id="oc-56">
         <name>.debug_abbrev</name>
         <load_address>0xdf1</load_address>
         <run_address>0xdf1</run_address>
         <size>0x124</size>
         <input_file_ref idref="fl-15"/>
      </object_component>
      <object_component id="oc-5a">
         <name>.debug_abbrev</name>
         <load_address>0xf15</load_address>
         <run_address>0xf15</run_address>
         <size>0xd1</size>
         <input_file_ref idref="fl-16"/>
      </object_component>
      <object_component id="oc-60">
         <name>.debug_abbrev</name>
         <load_address>0xfe6</load_address>
         <run_address>0xfe6</run_address>
         <size>0x9f</size>
         <input_file_ref idref="fl-17"/>
      </object_component>
      <object_component id="oc-66">
         <name>.debug_abbrev</name>
         <load_address>0x1085</load_address>
         <run_address>0x1085</run_address>
         <size>0x1f8</size>
         <input_file_ref idref="fl-18"/>
      </object_component>
      <object_component id="oc-6a">
         <name>.debug_abbrev</name>
         <load_address>0x127d</load_address>
         <run_address>0x127d</run_address>
         <size>0xec</size>
         <input_file_ref idref="fl-19"/>
      </object_component>
      <object_component id="oc-6e">
         <name>.debug_abbrev</name>
         <load_address>0x1369</load_address>
         <run_address>0x1369</run_address>
         <size>0xd5</size>
         <input_file_ref idref="fl-1a"/>
      </object_component>
      <object_component id="oc-72">
         <name>.debug_abbrev</name>
         <load_address>0x143e</load_address>
         <run_address>0x143e</run_address>
         <size>0x44</size>
         <input_file_ref idref="fl-1b"/>
      </object_component>
      <object_component id="oc-76">
         <name>.debug_abbrev</name>
         <load_address>0x1482</load_address>
         <run_address>0x1482</run_address>
         <size>0xb7</size>
         <input_file_ref idref="fl-1c"/>
      </object_component>
      <object_component id="oc-78">
         <name>.debug_abbrev</name>
         <load_address>0x1539</load_address>
         <run_address>0x1539</run_address>
         <size>0x68</size>
         <input_file_ref idref="fl-1d"/>
      </object_component>
      <object_component id="oc-7c">
         <name>.debug_abbrev</name>
         <load_address>0x15a1</load_address>
         <run_address>0x15a1</run_address>
         <size>0x112</size>
         <input_file_ref idref="fl-1e"/>
      </object_component>
      <object_component id="oc-80">
         <name>.debug_abbrev</name>
         <load_address>0x16b3</load_address>
         <run_address>0x16b3</run_address>
         <size>0xb5</size>
         <input_file_ref idref="fl-1f"/>
      </object_component>
      <object_component id="oc-84">
         <name>.debug_abbrev</name>
         <load_address>0x1768</load_address>
         <run_address>0x1768</run_address>
         <size>0x136</size>
         <input_file_ref idref="fl-20"/>
      </object_component>
      <object_component id="oc-88">
         <name>.debug_abbrev</name>
         <load_address>0x189e</load_address>
         <run_address>0x189e</run_address>
         <size>0x8f</size>
         <input_file_ref idref="fl-21"/>
      </object_component>
      <object_component id="oc-8c">
         <name>.debug_abbrev</name>
         <load_address>0x192d</load_address>
         <run_address>0x192d</run_address>
         <size>0xb7</size>
         <input_file_ref idref="fl-22"/>
      </object_component>
      <object_component id="oc-91">
         <name>.debug_abbrev</name>
         <load_address>0x19e4</load_address>
         <run_address>0x19e4</run_address>
         <size>0xc2</size>
         <input_file_ref idref="fl-23"/>
      </object_component>
      <object_component id="oc-97">
         <name>.debug_abbrev</name>
         <load_address>0x1aa6</load_address>
         <run_address>0x1aa6</run_address>
         <size>0x1a2</size>
         <input_file_ref idref="fl-24"/>
      </object_component>
      <object_component id="oc-9b">
         <name>.debug_abbrev</name>
         <load_address>0x1c48</load_address>
         <run_address>0x1c48</run_address>
         <size>0x9a</size>
         <input_file_ref idref="fl-25"/>
      </object_component>
      <object_component id="oc-9f">
         <name>.debug_abbrev</name>
         <load_address>0x1ce2</load_address>
         <run_address>0x1ce2</run_address>
         <size>0xd1</size>
         <input_file_ref idref="fl-26"/>
      </object_component>
      <object_component id="oc-a3">
         <name>.debug_abbrev</name>
         <load_address>0x1db3</load_address>
         <run_address>0x1db3</run_address>
         <size>0xd0</size>
         <input_file_ref idref="fl-27"/>
      </object_component>
      <object_component id="oc-a7">
         <name>.debug_abbrev</name>
         <load_address>0x1e83</load_address>
         <run_address>0x1e83</run_address>
         <size>0xb7</size>
         <input_file_ref idref="fl-28"/>
      </object_component>
      <object_component id="oc-ab">
         <name>.debug_abbrev</name>
         <load_address>0x1f3a</load_address>
         <run_address>0x1f3a</run_address>
         <size>0x38</size>
         <input_file_ref idref="fl-29"/>
      </object_component>
      <object_component id="oc-af">
         <name>.debug_abbrev</name>
         <load_address>0x1f72</load_address>
         <run_address>0x1f72</run_address>
         <size>0xec</size>
         <input_file_ref idref="fl-2a"/>
      </object_component>
      <object_component id="oc-b3">
         <name>.debug_abbrev</name>
         <load_address>0x205e</load_address>
         <run_address>0x205e</run_address>
         <size>0xb7</size>
         <input_file_ref idref="fl-2b"/>
      </object_component>
      <object_component id="oc-ba">
         <name>.debug_abbrev</name>
         <load_address>0x2115</load_address>
         <run_address>0x2115</run_address>
         <size>0x1de</size>
         <input_file_ref idref="fl-2c"/>
      </object_component>
      <object_component id="oc-be">
         <name>.debug_abbrev</name>
         <load_address>0x22f3</load_address>
         <run_address>0x22f3</run_address>
         <size>0xdc</size>
         <input_file_ref idref="fl-2d"/>
      </object_component>
      <object_component id="oc-c2">
         <name>.debug_abbrev</name>
         <load_address>0x23cf</load_address>
         <run_address>0x23cf</run_address>
         <size>0x81</size>
         <input_file_ref idref="fl-2e"/>
      </object_component>
      <object_component id="oc-c6">
         <name>.debug_abbrev</name>
         <load_address>0x2450</load_address>
         <run_address>0x2450</run_address>
         <size>0xa6</size>
         <input_file_ref idref="fl-2f"/>
      </object_component>
      <object_component id="oc-ca">
         <name>.debug_abbrev</name>
         <load_address>0x24f6</load_address>
         <run_address>0x24f6</run_address>
         <size>0xb5</size>
         <input_file_ref idref="fl-30"/>
      </object_component>
      <object_component id="oc-ce">
         <name>.debug_abbrev</name>
         <load_address>0x25ab</load_address>
         <run_address>0x25ab</run_address>
         <size>0x8f</size>
         <input_file_ref idref="fl-31"/>
      </object_component>
      <object_component id="oc-d2">
         <name>.debug_abbrev</name>
         <load_address>0x263a</load_address>
         <run_address>0x263a</run_address>
         <size>0x38</size>
         <input_file_ref idref="fl-32"/>
      </object_component>
      <object_component id="oc-d6">
         <name>.debug_abbrev</name>
         <load_address>0x2672</load_address>
         <run_address>0x2672</run_address>
         <size>0xd4</size>
         <input_file_ref idref="fl-33"/>
      </object_component>
      <object_component id="oc-da">
         <name>.debug_abbrev</name>
         <load_address>0x2746</load_address>
         <run_address>0x2746</run_address>
         <size>0xa6</size>
         <input_file_ref idref="fl-34"/>
      </object_component>
      <object_component id="oc-de">
         <name>.debug_abbrev</name>
         <load_address>0x27ec</load_address>
         <run_address>0x27ec</run_address>
         <size>0x118</size>
         <input_file_ref idref="fl-35"/>
      </object_component>
      <object_component id="oc-e2">
         <name>.debug_abbrev</name>
         <load_address>0x2904</load_address>
         <run_address>0x2904</run_address>
         <size>0x81</size>
         <input_file_ref idref="fl-36"/>
      </object_component>
      <object_component id="oc-e6">
         <name>.debug_abbrev</name>
         <load_address>0x2985</load_address>
         <run_address>0x2985</run_address>
         <size>0xbf</size>
         <input_file_ref idref="fl-37"/>
      </object_component>
      <object_component id="oc-ed">
         <name>.debug_abbrev</name>
         <load_address>0x2a44</load_address>
         <run_address>0x2a44</run_address>
         <size>0x108</size>
         <input_file_ref idref="fl-38"/>
      </object_component>
      <object_component id="oc-f2">
         <name>.debug_abbrev</name>
         <load_address>0x2b4c</load_address>
         <run_address>0x2b4c</run_address>
         <size>0x8d</size>
         <input_file_ref idref="fl-39"/>
      </object_component>
      <object_component id="oc-f7">
         <name>.debug_abbrev</name>
         <load_address>0x2bd9</load_address>
         <run_address>0x2bd9</run_address>
         <size>0xf3</size>
         <input_file_ref idref="fl-3a"/>
      </object_component>
      <object_component id="oc-118">
         <name>.debug_abbrev</name>
         <load_address>0x2ccc</load_address>
         <run_address>0x2ccc</run_address>
         <size>0xd</size>
      </object_component>
   </object_component_list>
   <logical_group_list>
      <logical_group id="lg-2">
         <name>vectors</name>
         <load_address>0xffff00</load_address>
         <run_address>0xffff00</run_address>
         <size>0x100</size>
         <contents>
            <object_component_ref idref="oc-4f"/>
         </contents>
      </logical_group>
      <logical_group id="lg-3">
         <name>.cinit</name>
         <load_address>0x8c0</load_address>
         <run_address>0x8c0</run_address>
         <size>0x3d6</size>
         <contents>
            <object_component_ref idref="oc-10"/>
            <object_component_ref idref="oc-34"/>
            <object_component_ref idref="oc-1b"/>
            <object_component_ref idref="oc-5e"/>
            <object_component_ref idref="oc-20"/>
            <object_component_ref idref="oc-95"/>
            <object_component_ref idref="oc-b7"/>
            <object_component_ref idref="oc-ea"/>
         </contents>
      </logical_group>
      <logical_group id="lg-114">
         <name>.text.1</name>
         <load_address>0x10000</load_address>
         <run_address>0x10000</run_address>
         <size>0x2000</size>
         <contents>
            <object_component_ref idref="oc-61"/>
            <object_component_ref idref="oc-d"/>
            <object_component_ref idref="oc-6b"/>
            <object_component_ref idref="oc-21"/>
            <object_component_ref idref="oc-4e"/>
         </contents>
      </logical_group>
      <logical_group id="lg-115">
         <name>.text.2</name>
         <load_address>0x12000</load_address>
         <run_address>0x12000</run_address>
         <size>0x1ffd</size>
         <contents>
            <object_component_ref idref="oc-31"/>
            <object_component_ref idref="oc-43"/>
            <object_component_ref idref="oc-b4"/>
            <object_component_ref idref="oc-79"/>
            <object_component_ref idref="oc-92"/>
            <object_component_ref idref="oc-a4"/>
            <object_component_ref idref="oc-d3"/>
            <object_component_ref idref="oc-73"/>
            <object_component_ref idref="oc-2c"/>
            <object_component_ref idref="oc-ee"/>
            <object_component_ref idref="oc-3f"/>
            <object_component_ref idref="oc-3b"/>
         </contents>
      </logical_group>
      <logical_group id="lg-116">
         <name>.text.3</name>
         <load_address>0x14000</load_address>
         <run_address>0x14000</run_address>
         <size>0xe89</size>
         <contents>
            <object_component_ref idref="oc-bb"/>
            <object_component_ref idref="oc-e7"/>
            <object_component_ref idref="oc-57"/>
            <object_component_ref idref="oc-81"/>
            <object_component_ref idref="oc-4b"/>
            <object_component_ref idref="oc-53"/>
            <object_component_ref idref="oc-28"/>
            <object_component_ref idref="oc-7d"/>
            <object_component_ref idref="oc-24"/>
            <object_component_ref idref="oc-ac"/>
            <object_component_ref idref="oc-db"/>
            <object_component_ref idref="oc-df"/>
            <object_component_ref idref="oc-98"/>
            <object_component_ref idref="oc-c7"/>
            <object_component_ref idref="oc-89"/>
            <object_component_ref idref="oc-48"/>
            <object_component_ref idref="oc-9c"/>
            <object_component_ref idref="oc-8d"/>
            <object_component_ref idref="oc-f3"/>
            <object_component_ref idref="oc-6f"/>
            <object_component_ref idref="oc-67"/>
            <object_component_ref idref="oc-c3"/>
            <object_component_ref idref="oc-d7"/>
            <object_component_ref idref="oc-37"/>
            <object_component_ref idref="oc-1d"/>
            <object_component_ref idref="oc-c"/>
            <object_component_ref idref="oc-85"/>
            <object_component_ref idref="oc-cf"/>
            <object_component_ref idref="oc-b0"/>
            <object_component_ref idref="oc-a0"/>
            <object_component_ref idref="oc-cb"/>
            <object_component_ref idref="oc-a8"/>
            <object_component_ref idref="oc-5b"/>
            <object_component_ref idref="oc-bf"/>
            <object_component_ref idref="oc-e3"/>
         </contents>
      </logical_group>
      <split_section id="lg-4">
         <name>.text</name>
         <contents>
            <logical_group_ref idref="lg-114"/>
            <logical_group_ref idref="lg-115"/>
            <logical_group_ref idref="lg-116"/>
         </contents>
      </split_section>
      <logical_group id="lg-5">
         <name>.stack</name>
         <run_address>0xc0</run_address>
         <size>0x400</size>
         <contents>
            <object_component_ref idref="oc-15"/>
            <object_component_ref idref="oc-10e"/>
         </contents>
      </logical_group>
      <logical_group id="lg-6">
         <name>.sysstack</name>
         <run_address>0x4c0</run_address>
         <size>0x400</size>
         <contents>
            <object_component_ref idref="oc-f8"/>
            <object_component_ref idref="oc-110"/>
         </contents>
      </logical_group>
      <logical_group id="lg-7">
         <name>.sysmem</name>
         <run_address>0x8000</run_address>
         <size>0x400</size>
         <contents>
            <object_component_ref idref="oc-b8"/>
            <object_component_ref idref="oc-10f"/>
         </contents>
      </logical_group>
      <logical_group id="lg-8">
         <name>.data</name>
         <run_address>0x8000</run_address>
         <size>0x0</size>
         <contents>
         </contents>
      </logical_group>
      <logical_group id="lg-9">
         <name>.cio</name>
         <run_address>0xf40</run_address>
         <size>0x240</size>
         <contents>
            <object_component_ref idref="oc-4a"/>
         </contents>
      </logical_group>
      <logical_group id="lg-a">
         <name>.bss</name>
         <run_address>0xa000</run_address>
         <size>0x177c</size>
         <contents>
            <object_component_ref idref="oc-e"/>
            <object_component_ref idref="oc-19"/>
            <object_component_ref idref="oc-1e"/>
            <object_component_ref idref="oc-32"/>
            <object_component_ref idref="oc-44"/>
            <object_component_ref idref="oc-5c"/>
            <object_component_ref idref="oc-93"/>
            <object_component_ref idref="oc-b5"/>
            <object_component_ref idref="oc-e8"/>
         </contents>
      </logical_group>
      <logical_group id="lg-b">
         <name>.const</name>
         <load_address>0xc98</load_address>
         <run_address>0xc98</run_address>
         <size>0x2a8</size>
         <contents>
            <object_component_ref idref="oc-f9"/>
            <object_component_ref idref="oc-64"/>
            <object_component_ref idref="oc-11"/>
            <object_component_ref idref="oc-63"/>
            <object_component_ref idref="oc-fa"/>
            <object_component_ref idref="oc-2e"/>
            <object_component_ref idref="oc-8f"/>
         </contents>
      </logical_group>
      <logical_group id="lg-105">
         <name>.debug_info</name>
         <load_address>0x0</load_address>
         <run_address>0x0</run_address>
         <size>0x18211</size>
         <contents>
            <object_component_ref idref="oc-f"/>
[...]
         <name>_values_sent</name>
         <value>0xa04c</value>
         <object_component_ref idref="oc-e"/>
      </symbol>
      <symbol id="sm-15d">
         <name>_data_count</name>
         <value>0xa02a</value>
         <object_component_ref idref="oc-e"/>
      </symbol>
      <symbol id="sm-15e">
         <name>_data_received</name>
         <value>0xa004</value>
         <object_component_ref idref="oc-e"/>
      </symbol>
      <symbol id="sm-15f">
         <name>_data_ascii</name>
         <value>0xa850</value>
         <object_component_ref idref="oc-e"/>
      </symbol>
      <symbol id="sm-16b">
         <name>__sysstack</name>
         <value>0x4c0</value>
         <object_component_ref idref="oc-f8"/>
      </symbol>
      <symbol id="sm-16c">
         <name>_c_int00</name>
         <value>0x14d70</value>
         <object_component_ref idref="oc-c"/>
      </symbol>
      <symbol id="sm-16d">
         <name>__stack</name>
         <value>0xc0</value>
         <object_component_ref idref="oc-15"/>
      </symbol>
      <symbol id="sm-177">
         <name>__tmpnams</name>
         <value>0xb398</value>
         <object_component_ref idref="oc-19"/>
      </symbol>
      <symbol id="sm-178">
         <name>__ft_end</name>
         <value>0xb4d8</value>
         <object_component_ref idref="oc-19"/>
      </symbol>
      <symbol id="sm-179">
         <name>__ftable</name>
         <value>0xb2a8</value>
         <object_component_ref idref="oc-19"/>
      </symbol>
      <symbol id="sm-189">
         <name>C$$EXIT</name>
         <value>0x11ff7</value>
         <object_component_ref idref="oc-21"/>
      </symbol>
      <symbol id="sm-18a">
         <name>_exit</name>
         <value>0x14d32</value>
         <object_component_ref idref="oc-1d"/>
      </symbol>
      <symbol id="sm-18b">
         <name>_abort</name>
         <value>0x11ff6</value>
         <object_component_ref idref="oc-21"/>
      </symbol>
      <symbol id="sm-18c">
         <name>__cleanup_ptr</name>
         <value>0xb774</value>
         <object_component_ref idref="oc-1e"/>
      </symbol>
      <symbol id="sm-18d">
         <name>__dtors_ptr</name>
         <value>0xb778</value>
         <object_component_ref idref="oc-1e"/>
      </symbol>
      <symbol id="sm-197">
         <name>_getchar</name>
         <value>0x14764</value>
         <object_component_ref idref="oc-24"/>
      </symbol>
      <symbol id="sm-198">
         <name>_getc</name>
         <value>0x146d8</value>
         <object_component_ref idref="oc-24"/>
      </symbol>
      <symbol id="sm-199">
         <name>_fgetc</name>
         <value>0x146d8</value>
         <object_component_ref idref="oc-24"/>
      </symbol>
      <symbol id="sm-1a3">
         <name>_putchar</name>
         <value>0x14628</value>
         <object_component_ref idref="oc-28"/>
      </symbol>
      <symbol id="sm-1a4">
         <name>_putc</name>
         <value>0x14591</value>
         <object_component_ref idref="oc-28"/>
      </symbol>
      <symbol id="sm-1a5">
         <name>_fputc</name>
         <value>0x14591</value>
         <object_component_ref idref="oc-28"/>
      </symbol>
      <symbol id="sm-1b3">
         <name>_puts</name>
         <value>0x13d42</value>
         <object_component_ref idref="oc-2c"/>
      </symbol>
      <symbol id="sm-1b4">
         <name>_fputs</name>
         <value>0x13c0d</value>
         <object_component_ref idref="oc-2c"/>
      </symbol>
      <symbol id="sm-1c6">
         <name>_add_device</name>
         <value>0x12453</value>
         <object_component_ref idref="oc-31"/>
      </symbol>
      <symbol id="sm-1c7">
         <name>_rename</name>
         <value>0x12175</value>
         <object_component_ref idref="oc-31"/>
      </symbol>
      <symbol id="sm-1c8">
         <name>_read</name>
         <value>0x12204</value>
         <object_component_ref idref="oc-31"/>
      </symbol>
      <symbol id="sm-1c9">
         <name>_unlink</name>
         <value>0x12142</value>
         <object_component_ref idref="oc-31"/>
      </symbol>
      <symbol id="sm-1ca">
         <name>_remove_device</name>
         <value>0x121ce</value>
         <object_component_ref idref="oc-31"/>
      </symbol>
      <symbol id="sm-1cb">
         <name>_open</name>
         <value>0x122b2</value>
         <object_component_ref idref="oc-31"/>
      </symbol>
      <symbol id="sm-1cc">
         <name>_find_registered_device</name>
         <value>0x123d7</value>
         <object_component_ref idref="oc-31"/>
      </symbol>
      <symbol id="sm-1cd">
         <name>_lseek</name>
         <value>0x12371</value>
         <object_component_ref idref="oc-31"/>
      </symbol>
      <symbol id="sm-1ce">
         <name>_close</name>
         <value>0x123e0</value>
         <object_component_ref idref="oc-31"/>
      </symbol>
      <symbol id="sm-1cf">
         <name>_write</name>
         <value>0x12000</value>
         <object_component_ref idref="oc-31"/>
      </symbol>
      <symbol id="sm-1d7">
         <name>_memcpy</name>
         <value>0x14cf3</value>
         <object_component_ref idref="oc-37"/>
      </symbol>
      <symbol id="sm-1e1">
         <name>_printf</name>
         <value>0x13fac</value>
         <object_component_ref idref="oc-3b"/>
      </symbol>
      <symbol id="sm-1eb">
         <name>_setvbuf</name>
         <value>0x13ec6</value>
         <object_component_ref idref="oc-3f"/>
      </symbol>
      <symbol id="sm-1f7">
         <name>_HOSTopen</name>
         <value>0x1284e</value>
         <object_component_ref idref="oc-43"/>
      </symbol>
      <symbol id="sm-1f8">
         <name>_HOSTread</name>
         <value>0x127c1</value>
         <object_component_ref idref="oc-43"/>
      </symbol>
      <symbol id="sm-1f9">
         <name>_HOSTtime</name>
         <value>0x126b5</value>
         <object_component_ref idref="oc-43"/>
      </symbol>
      <symbol id="sm-1fa">
         <name>_getenv</name>
         <value>0x12543</value>
         <object_component_ref idref="oc-43"/>
      </symbol>
      <symbol id="sm-1fb">
         <name>_HOSTrename</name>
         <value>0x12713</value>
         <object_component_ref idref="oc-43"/>
      </symbol>
      <symbol id="sm-1fc">
         <name>_HOSTclock</name>
         <value>0x12a0d</value>
         <object_component_ref idref="oc-43"/>
      </symbol>
      <symbol id="sm-1fd">
         <name>_HOSTwrite</name>
         <value>0x125be</value>
         <object_component_ref idref="oc-43"/>
      </symbol>
      <symbol id="sm-1fe">
         <name>_HOSTlseek</name>
         <value>0x128ed</value>
         <object_component_ref idref="oc-43"/>
      </symbol>
      <symbol id="sm-1ff">
         <name>_HOSTunlink</name>
         <value>0x1264b</value>
         <object_component_ref idref="oc-43"/>
      </symbol>
      <symbol id="sm-200">
         <name>_HOSTclose</name>
         <value>0x129a2</value>
         <object_component_ref idref="oc-43"/>
      </symbol>
      <symbol id="sm-212">
         <name>C$$IO$$</name>
         <value>0x144de</value>
         <object_component_ref idref="oc-4b"/>
      </symbol>
      <symbol id="sm-213">
         <name>__CIOBUF_</name>
         <value>0xf40</value>
         <object_component_ref idref="oc-4a"/>
      </symbol>
      <symbol id="sm-214">
         <name>_readmsg</name>
         <value>0x14a35</value>
         <object_component_ref idref="oc-48"/>
      </symbol>
      <symbol id="sm-215">
         <name>_writemsg</name>
         <value>0x14429</value>
         <object_component_ref idref="oc-4b"/>
      </symbol>
      <symbol id="sm-21f">
         <name>_Reset</name>
         <value>0xffff00</value>
         <object_component_ref idref="oc-4f"/>
      </symbol>
      <symbol id="sm-229">
         <name>__buff_read</name>
         <value>0x144e3</value>
         <object_component_ref idref="oc-53"/>
      </symbol>
      <symbol id="sm-233">
         <name>__rd_ok</name>
         <value>0x1430a</value>
         <object_component_ref idref="oc-57"/>
      </symbol>
      <symbol id="sm-234">
         <name>__wrt_ok</name>
         <value>0x1428a</value>
         <object_component_ref idref="oc-57"/>
      </symbol>
      <symbol id="sm-242">
         <name>__unlock</name>
         <value>0xb770</value>
         <object_component_ref idref="oc-5c"/>
      </symbol>
      <symbol id="sm-243">
         <name>__lock</name>
         <value>0xb76c</value>
         <object_component_ref idref="oc-5c"/>
      </symbol>
      <symbol id="sm-244">
         <name>__register_lock</name>
         <value>0x14e64</value>
         <object_component_ref idref="oc-5b"/>
      </symbol>
      <symbol id="sm-245">
         <name>__nop</name>
         <value>0x14e6c</value>
         <object_component_ref idref="oc-5b"/>
      </symbol>
      <symbol id="sm-246">
         <name>__register_unlock</name>
         <value>0x14e5c</value>
         <object_component_ref idref="oc-5b"/>
      </symbol>
      <symbol id="sm-258">
         <name>__printfi</name>
         <value>0x11362</value>
         <object_component_ref idref="oc-61"/>
      </symbol>
      <symbol id="sm-262">
         <name>__args_main</name>
         <value>0x14c15</value>
         <object_component_ref idref="oc-67"/>
      </symbol>
      <symbol id="sm-263">
         <name>__TI_args_main</name>
         <value>0x1</value>
      </symbol>
      <symbol id="sm-26d">
         <name>_atoi</name>
         <value>0x11f9a</value>
         <object_component_ref idref="oc-6b"/>
      </symbol>
      <symbol id="sm-275">
         <name>_auto_init</name>
         <value>0x14bc8</value>
         <object_component_ref idref="oc-6f"/>
      </symbol>
      <symbol id="sm-27f">
         <name>__eqld</name>
         <value>0x13b81</value>
         <object_component_ref idref="oc-73"/>
      </symbol>
      <symbol id="sm-280">
         <name>__cmpd</name>
         <value>0x13bb5</value>
         <object_component_ref idref="oc-73"/>
      </symbol>
      <symbol id="sm-281">
         <name>__neqd</name>
         <value>0x13a23</value>
         <object_component_ref idref="oc-73"/>
      </symbol>
      <symbol id="sm-282">
         <name>__gtrd</name>
         <value>0x13aec</value>
         <object_component_ref idref="oc-73"/>
      </symbol>
      <symbol id="sm-283">
         <name>__geqd</name>
         <value>0x13b37</value>
         <object_component_ref idref="oc-73"/>
      </symbol>
      <symbol id="sm-284">
         <name>__leqd</name>
         <value>0x13a9f</value>
         <object_component_ref idref="oc-73"/>
      </symbol>
      <symbol id="sm-285">
         <name>__lssd</name>
         <value>0x13a57</value>
         <object_component_ref idref="oc-73"/>
      </symbol>
      <symbol id="sm-28d">
         <name>__ctypes_</name>
         <value>0xc98</value>
         <object_component_ref idref="oc-f9"/>
      </symbol>
      <symbol id="sm-299">
         <name>__divd</name>
         <value>0x12f20</value>
         <object_component_ref idref="oc-79"/>
      </symbol>
      <symbol id="sm-2a4">
         <name>__divul</name>
         <value>0x14637</value>
         <object_component_ref idref="oc-7d"/>
      </symbol>
      <symbol id="sm-2ae">
         <name>__doflush</name>
         <value>0x14367</value>
         <object_component_ref idref="oc-81"/>
      </symbol>
      <symbol id="sm-2af">
         <name>_fflush</name>
         <value>0x143d0</value>
         <object_component_ref idref="oc-81"/>
      </symbol>
      <symbol id="sm-2b9">
         <name>__fixdi</name>
         <value>0x14da4</value>
         <object_component_ref idref="oc-85"/>
      </symbol>
      <symbol id="sm-2c3">
         <name>__fixdli</name>
         <value>0x149c6</value>
         <object_component_ref idref="oc-89"/>
      </symbol>
      <symbol id="sm-2cf">
         <name>__fltlid</name>
         <value>0x14b0d</value>
         <object_component_ref idref="oc-8d"/>
      </symbol>
      <symbol id="sm-2de">
         <name>__cleanup</name>
         <value>0x1340d</value>
         <object_component_ref idref="oc-92"/>
      </symbol>
      <symbol id="sm-2df">
         <name>_fopen</name>
         <value>0x13530</value>
         <object_component_ref idref="oc-92"/>
      </symbol>
      <symbol id="sm-2e0">
         <name>_freopen</name>
         <value>0x13467</value>
         <object_component_ref idref="oc-92"/>
      </symbol>
      <symbol id="sm-2ea">
         <name>__frcmpyd_div</name>
         <value>0x148e1</value>
         <object_component_ref idref="oc-98"/>
      </symbol>
      <symbol id="sm-2f4">
         <name>_fseek</name>
         <value>0x14aa2</value>
         <object_component_ref idref="oc-9c"/>
      </symbol>
      <symbol id="sm-2fe">
         <name>___isinf</name>
         <value>0x14e1b</value>
         <object_component_ref idref="oc-a0"/>
      </symbol>
      <symbol id="sm-308">
         <name>__divull</name>
         <value>0x136a0</value>
         <object_component_ref idref="oc-a4"/>
      </symbol>
      <symbol id="sm-309">
         <name>__mpylli</name>
         <value>0x135e8</value>
         <object_component_ref idref="oc-a4"/>
      </symbol>
      <symbol id="sm-30a">
         <name>__remlli</name>
         <value>0x135b9</value>
         <object_component_ref idref="oc-a4"/>
      </symbol>
      <symbol id="sm-30b">
         <name>__divlli</name>
         <value>0x13794</value>
         <object_component_ref idref="oc-a4"/>
      </symbol>
      <symbol id="sm-30c">
         <name>__remull</name>
         <value>0x1356b</value>
         <object_component_ref idref="oc-a4"/>
      </symbol>
      <symbol id="sm-314">
         <name>__mpyli</name>
         <value>0x14e49</value>
         <object_component_ref idref="oc-a8"/>
      </symbol>
      <symbol id="sm-315">
         <name>I$$LMPY</name>
         <value>0x14e49</value>
         <object_component_ref idref="oc-a8"/>
      </symbol>
      <symbol id="sm-31f">
         <name>_ltoa</name>
         <value>0x14773</value>
         <object_component_ref idref="oc-ac"/>
      </symbol>
      <symbol id="sm-32a">
         <name>_memccpy</name>
         <value>0x14df8</value>
         <object_component_ref idref="oc-b0"/>
      </symbol>
      <symbol id="sm-33a">
         <name>__sys_memory</name>
         <value>0x8000</value>
         <object_component_ref idref="oc-b8"/>
      </symbol>
      <symbol id="sm-33b">
         <name>_chkheap</name>
         <value>0x12ef2</value>
         <object_component_ref idref="oc-b4"/>
      </symbol>
      <symbol id="sm-33c">
         <name>_realloc</name>
         <value>0x12c91</value>
         <object_component_ref idref="oc-b4"/>
      </symbol>
      <symbol id="sm-33d">
         <name>_free_memory</name>
         <value>0x12e9c</value>
         <object_component_ref idref="oc-b4"/>
      </symbol>
      <symbol id="sm-33e">
         <name>_max_free</name>
         <value>0x12e42</value>
         <object_component_ref idref="oc-b4"/>
      </symbol>
      <symbol id="sm-33f">
         <name>_free</name>
         <value>0x12a6b</value>
         <object_component_ref idref="oc-b4"/>
      </symbol>
      <symbol id="sm-340">
         <name>_calloc</name>
         <value>0x12efa</value>
         <object_component_ref idref="oc-b4"/>
      </symbol>
      <symbol id="sm-341">
         <name>_malloc</name>
         <value>0x12b9c</value>
         <object_component_ref idref="oc-b4"/>
      </symbol>
      <symbol id="sm-342">
         <name>_minit</name>
         <value>0x12b37</value>
         <object_component_ref idref="oc-b4"/>
      </symbol>
      <symbol id="sm-34c">
         <name>__mpyd</name>
         <value>0x14000</value>
         <object_component_ref idref="oc-bb"/>
      </symbol>
      <symbol id="sm-356">
         <name>__negd</name>
         <value>0x14e6e</value>
         <object_component_ref idref="oc-bf"/>
      </symbol>
      <symbol id="sm-360">
         <name>__remli</name>
         <value>0x14c60</value>
         <object_component_ref idref="oc-c3"/>
      </symbol>
      <symbol id="sm-36b">
         <name>__remul</name>
         <value>0x14954</value>
         <object_component_ref idref="oc-c7"/>
      </symbol>
      <symbol id="sm-375">
         <name>__subd</name>
         <value>0x14e35</value>
         <object_component_ref idref="oc-cb"/>
      </symbol>
      <symbol id="sm-37d">
         <name>__remu</name>
         <value>0x14de3</value>
         <object_component_ref idref="oc-cf"/>
      </symbol>
      <symbol id="sm-37e">
         <name>__divu</name>
         <value>0x14dce</value>
         <object_component_ref idref="oc-cf"/>
      </symbol>
      <symbol id="sm-37f">
         <name>I$$UMOD</name>
         <value>0x14de3</value>
         <object_component_ref idref="oc-cf"/>
      </symbol>
      <symbol id="sm-380">
         <name>I$$UDIV</name>
         <value>0x14dce</value>
         <object_component_ref idref="oc-cf"/>
      </symbol>
      <symbol id="sm-38a">
         <name>__addd</name>
         <value>0x137c9</value>
         <object_component_ref idref="oc-d3"/>
      </symbol>
      <symbol id="sm-394">
         <name>__divli</name>
         <value>0x14cab</value>
         <object_component_ref idref="oc-d7"/>
      </symbol>
      <symbol id="sm-39e">
         <name>_fclose</name>
         <value>0x147f0</value>
         <object_component_ref idref="oc-db"/>
      </symbol>
      <symbol id="sm-3a8">
         <name>__frcmpyd</name>
         <value>0x1486b</value>
         <object_component_ref idref="oc-df"/>
      </symbol>
      <symbol id="sm-3b2">
         <name>_remove</name>
         <value>0x14e7e</value>
         <object_component_ref idref="oc-e3"/>
      </symbol>
      <symbol id="sm-3da">
         <name>_USBSTK5515_I2C_reset</name>
         <value>0x14174</value>
         <object_component_ref idref="oc-e7"/>
      </symbol>
      <symbol id="sm-3db">
         <name>_USBSTK5515_I2C_read</name>
         <value>0x14211</value>
         <object_component_ref idref="oc-e7"/>
      </symbol>
      <symbol id="sm-3dc">
         <name>_USBSTK5515_I2C_write</name>
         <value>0x14182</value>
         <object_component_ref idref="oc-e7"/>
      </symbol>
      <symbol id="sm-3dd">
         <name>_USBSTK5515_I2C_close</name>
         <value>0x1416b</value>
         <object_component_ref idref="oc-e7"/>
      </symbol>
      <symbol id="sm-3de">
         <name>_i2c_timeout</name>
         <value>0xb67a</value>
         <object_component_ref idref="oc-e8"/>
      </symbol>
      <symbol id="sm-3df">
         <name>_USBSTK5515_I2C_init</name>
         <value>0x1414c</value>
         <object_component_ref idref="oc-e7"/>
      </symbol>
      <symbol id="sm-3f3">
         <name>_USBSTK5515_GPIO_setDirection</name>
         <value>0x13d74</value>
         <object_component_ref idref="oc-ee"/>
      </symbol>
      <symbol id="sm-3f4">
         <name>_USBSTK5515_GPIO_getInput</name>
         <value>0x13e6e</value>
         <object_component_ref idref="oc-ee"/>
      </symbol>
      <symbol id="sm-3f5">
         <name>_USBSTK5515_GPIO_init</name>
         <value>0x13d70</value>
         <object_component_ref idref="oc-ee"/>
      </symbol>
      <symbol id="sm-3f6">
         <name>_USBSTK5515_GPIO_setOutput</name>
         <value>0x13df1</value>
         <object_component_ref idref="oc-ee"/>
      </symbol>
      <symbol id="sm-404">
         <name>_USBSTK5515_wait</name>
         <value>0x14b74</value>
         <object_component_ref idref="oc-f3"/>
      </symbol>
      <symbol id="sm-405">
         <name>_USBSTK5515_init</name>
         <value>0x14bba</value>
         <object_component_ref idref="oc-f3"/>
      </symbol>
      <symbol id="sm-406">
         <name>_USBSTK5515_waitusec</name>
         <value>0x14ba8</value>
         <object_component_ref idref="oc-f3"/>
      </symbol>
   </symbol_table>
</link_info>
