<?xml version="1.0"?>
<link_info>
   <banner>TMS320C55x Linker PC v4.4.1</banner>
   <copyright>Copyright (c) 1996-2012 Texas Instruments Incorporated</copyright>
   <link_time>0x58e9c7e3</link_time>
   <output_file>char_reciever.out</output_file>
   <entry_point>
      <name>_c_int00</name>
      <address>0x14a07</address>
   </entry_point>
   <input_file_list>
      <input_file id="fl-2">
         <path>.\</path>
         <kind>object</kind>
         <file>char_receiver.obj</file>
         <name>char_receiver.obj</name>
      </input_file>
      <input_file id="fl-8">
         <path>C:\ti\ccsv7\tools\compiler\c5500_4.4.1\lib\</path>
         <kind>archive</kind>
         <file>rts55x.lib</file>
         <name>boot.obj</name>
      </input_file>
      <input_file id="fl-9">
         <path>C:\ti\ccsv7\tools\compiler\c5500_4.4.1\lib\</path>
         <kind>archive</kind>
         <file>rts55x.lib</file>
         <name>defs.obj</name>
      </input_file>
      <input_file id="fl-a">
         <path>C:\ti\ccsv7\tools\compiler\c5500_4.4.1\lib\</path>
         <kind>archive</kind>
         <file>rts55x.lib</file>
         <name>exit.obj</name>
      </input_file>
      <input_file id="fl-b">
         <path>C:\ti\ccsv7\tools\compiler\c5500_4.4.1\lib\</path>
         <kind>archive</kind>
         <file>rts55x.lib</file>
         <name>fgetc.obj</name>
      </input_file>
      <input_file id="fl-c">
         <path>C:\ti\ccsv7\tools\compiler\c5500_4.4.1\lib\</path>
         <kind>archive</kind>
         <file>rts55x.lib</file>
         <name>fputc.obj</name>
      </input_file>
      <input_file id="fl-d">
         <path>C:\ti\ccsv7\tools\compiler\c5500_4.4.1\lib\</path>
         <kind>archive</kind>
         <file>rts55x.lib</file>
         <name>lowlev.obj</name>
      </input_file>
      <input_file id="fl-e">
         <path>C:\ti\ccsv7\tools\compiler\c5500_4.4.1\lib\</path>
         <kind>archive</kind>
         <file>rts55x.lib</file>
         <name>printf.obj</name>
      </input_file>
      <input_file id="fl-f">
         <path>C:\ti\ccsv7\tools\compiler\c5500_4.4.1\lib\</path>
         <kind>archive</kind>
         <file>rts55x.lib</file>
         <name>setvbuf.obj</name>
      </input_file>
      <input_file id="fl-10">
         <path>C:\ti\ccsv7\tools\compiler\c5500_4.4.1\lib\</path>
         <kind>archive</kind>
         <file>rts55x.lib</file>
         <name>strcat.obj</name>
      </input_file>
      <input_file id="fl-11">
         <path>C:\ti\ccsv7\tools\compiler\c5500_4.4.1\lib\</path>
         <kind>archive</kind>
         <file>rts55x.lib</file>
         <name>trgdrv.obj</name>
      </input_file>
      <input_file id="fl-12">
         <path>C:\ti\ccsv7\tools\compiler\c5500_4.4.1\lib\</path>
         <kind>archive</kind>
         <file>rts55x.lib</file>
         <name>trgmsg.obj</name>
      </input_file>
      <input_file id="fl-13">
         <path>C:\ti\ccsv7\tools\compiler\c5500_4.4.1\lib\</path>
         <kind>archive</kind>
         <file>rts55x.lib</file>
         <name>vectors.obj</name>
      </input_file>
      <input_file id="fl-14">
         <path>C:\ti\ccsv7\tools\compiler\c5500_4.4.1\lib\</path>
         <kind>archive</kind>
         <file>rts55x.lib</file>
         <name>_bufread.obj</name>
      </input_file>
      <input_file id="fl-15">
         <path>C:\ti\ccsv7\tools\compiler\c5500_4.4.1\lib\</path>
         <kind>archive</kind>
         <file>rts55x.lib</file>
         <name>_io_perm.obj</name>
      </input_file>
      <input_file id="fl-16">
         <path>C:\ti\ccsv7\tools\compiler\c5500_4.4.1\lib\</path>
         <kind>archive</kind>
         <file>rts55x.lib</file>
         <name>_lock.obj</name>
      </input_file>
      <input_file id="fl-17">
         <path>C:\ti\ccsv7\tools\compiler\c5500_4.4.1\lib\</path>
         <kind>archive</kind>
         <file>rts55x.lib</file>
         <name>_printfi.obj</name>
      </input_file>
      <input_file id="fl-18">
         <path>C:\ti\ccsv7\tools\compiler\c5500_4.4.1\lib\</path>
         <kind>archive</kind>
         <file>rts55x.lib</file>
         <name>args_main.obj</name>
      </input_file>
      <input_file id="fl-19">
         <path>C:\ti\ccsv7\tools\compiler\c5500_4.4.1\lib\</path>
         <kind>archive</kind>
         <file>rts55x.lib</file>
         <name>atoi.obj</name>
      </input_file>
      <input_file id="fl-1a">
         <path>C:\ti\ccsv7\tools\compiler\c5500_4.4.1\lib\</path>
         <kind>archive</kind>
         <file>rts55x.lib</file>
         <name>autoinit.obj</name>
      </input_file>
      <input_file id="fl-1b">
         <path>C:\ti\ccsv7\tools\compiler\c5500_4.4.1\lib\</path>
         <kind>archive</kind>
         <file>rts55x.lib</file>
         <name>cmpd.obj</name>
      </input_file>
      <input_file id="fl-1c">
         <path>C:\ti\ccsv7\tools\compiler\c5500_4.4.1\lib\</path>
         <kind>archive</kind>
         <file>rts55x.lib</file>
         <name>ctype.obj</name>
      </input_file>
      <input_file id="fl-1d">
         <path>C:\ti\ccsv7\tools\compiler\c5500_4.4.1\lib\</path>
         <kind>archive</kind>
         <file>rts55x.lib</file>
         <name>divd.obj</name>
      </input_file>
      <input_file id="fl-1e">
         <path>C:\ti\ccsv7\tools\compiler\c5500_4.4.1\lib\</path>
         <kind>archive</kind>
         <file>rts55x.lib</file>
         <name>divul.obj</name>
      </input_file>
      <input_file id="fl-1f">
         <path>C:\ti\ccsv7\tools\compiler\c5500_4.4.1\lib\</path>
         <kind>archive</kind>
         <file>rts55x.lib</file>
         <name>fflush.obj</name>
      </input_file>
      <input_file id="fl-20">
         <path>C:\ti\ccsv7\tools\compiler\c5500_4.4.1\lib\</path>
         <kind>archive</kind>
         <file>rts55x.lib</file>
         <name>fixdi.obj</name>
      </input_file>
      <input_file id="fl-21">
         <path>C:\ti\ccsv7\tools\compiler\c5500_4.4.1\lib\</path>
         <kind>archive</kind>
         <file>rts55x.lib</file>
         <name>fixdli.obj</name>
      </input_file>
      <input_file id="fl-22">
         <path>C:\ti\ccsv7\tools\compiler\c5500_4.4.1\lib\</path>
         <kind>archive</kind>
         <file>rts55x.lib</file>
         <name>fltlid.obj</name>
      </input_file>
      <input_file id="fl-23">
         <path>C:\ti\ccsv7\tools\compiler\c5500_4.4.1\lib\</path>
         <kind>archive</kind>
         <file>rts55x.lib</file>
         <name>fopen.obj</name>
      </input_file>
      <input_file id="fl-24">
         <path>C:\ti\ccsv7\tools\compiler\c5500_4.4.1\lib\</path>
         <kind>archive</kind>
         <file>rts55x.lib</file>
         <name>fputs.obj</name>
      </input_file>
      <input_file id="fl-25">
         <path>C:\ti\ccsv7\tools\compiler\c5500_4.4.1\lib\</path>
         <kind>archive</kind>
         <file>rts55x.lib</file>
         <name>frcmpyd_div.obj</name>
      </input_file>
      <input_file id="fl-26">
         <path>C:\ti\ccsv7\tools\compiler\c5500_4.4.1\lib\</path>
         <kind>archive</kind>
         <file>rts55x.lib</file>
         <name>fseek.obj</name>
      </input_file>
      <input_file id="fl-27">
         <path>C:\ti\ccsv7\tools\compiler\c5500_4.4.1\lib\</path>
         <kind>archive</kind>
         <file>rts55x.lib</file>
         <name>isinf.obj</name>
      </input_file>
      <input_file id="fl-28">
         <path>C:\ti\ccsv7\tools\compiler\c5500_4.4.1\lib\</path>
         <kind>archive</kind>
         <file>rts55x.lib</file>
         <name>llmpy.obj</name>
      </input_file>
      <input_file id="fl-29">
         <path>C:\ti\ccsv7\tools\compiler\c5500_4.4.1\lib\</path>
         <kind>archive</kind>
         <file>rts55x.lib</file>
         <name>lmpy.obj</name>
      </input_file>
      <input_file id="fl-2a">
         <path>C:\ti\ccsv7\tools\compiler\c5500_4.4.1\lib\</path>
         <kind>archive</kind>
         <file>rts55x.lib</file>
         <name>ltoa.obj</name>
      </input_file>
      <input_file id="fl-2b">
         <path>C:\ti\ccsv7\tools\compiler\c5500_4.4.1\lib\</path>
         <kind>archive</kind>
         <file>rts55x.lib</file>
         <name>memccpy.obj</name>
      </input_file>
      <input_file id="fl-2c">
         <path>C:\ti\ccsv7\tools\compiler\c5500_4.4.1\lib\</path>
         <kind>archive</kind>
         <file>rts55x.lib</file>
         <name>memcpy.obj</name>
      </input_file>
      <input_file id="fl-2d">
         <path>C:\ti\ccsv7\tools\compiler\c5500_4.4.1\lib\</path>
         <kind>archive</kind>
         <file>rts55x.lib</file>
         <name>memory.obj</name>
      </input_file>
      <input_file id="fl-2e">
         <path>C:\ti\ccsv7\tools\compiler\c5500_4.4.1\lib\</path>
         <kind>archive</kind>
         <file>rts55x.lib</file>
         <name>mpyd.obj</name>
      </input_file>
      <input_file id="fl-2f">
         <path>C:\ti\ccsv7\tools\compiler\c5500_4.4.1\lib\</path>
         <kind>archive</kind>
         <file>rts55x.lib</file>
         <name>negd.obj</name>
      </input_file>
      <input_file id="fl-30">
         <path>C:\ti\ccsv7\tools\compiler\c5500_4.4.1\lib\</path>
         <kind>archive</kind>
         <file>rts55x.lib</file>
         <name>remli.obj</name>
      </input_file>
      <input_file id="fl-31">
         <path>C:\ti\ccsv7\tools\compiler\c5500_4.4.1\lib\</path>
         <kind>archive</kind>
         <file>rts55x.lib</file>
         <name>remul.obj</name>
      </input_file>
      <input_file id="fl-32">
         <path>C:\ti\ccsv7\tools\compiler\c5500_4.4.1\lib\</path>
         <kind>archive</kind>
         <file>rts55x.lib</file>
         <name>subd.obj</name>
      </input_file>
      <input_file id="fl-33">
         <path>C:\ti\ccsv7\tools\compiler\c5500_4.4.1\lib\</path>
         <kind>archive</kind>
         <file>rts55x.lib</file>
         <name>udiv.obj</name>
      </input_file>
      <input_file id="fl-34">
         <path>C:\ti\ccsv7\tools\compiler\c5500_4.4.1\lib\</path>
         <kind>archive</kind>
         <file>rts55x.lib</file>
         <name>addd.obj</name>
      </input_file>
      <input_file id="fl-35">
         <path>C:\ti\ccsv7\tools\compiler\c5500_4.4.1\lib\</path>
         <kind>archive</kind>
         <file>rts55x.lib</file>
         <name>divli.obj</name>
      </input_file>
      <input_file id="fl-36">
         <path>C:\ti\ccsv7\tools\compiler\c5500_4.4.1\lib\</path>
         <kind>archive</kind>
         <file>rts55x.lib</file>
         <name>fclose.obj</name>
      </input_file>
      <input_file id="fl-37">
         <path>C:\ti\ccsv7\tools\compiler\c5500_4.4.1\lib\</path>
         <kind>archive</kind>
         <file>rts55x.lib</file>
         <name>frcmpyd.obj</name>
      </input_file>
      <input_file id="fl-38">
         <path>C:\ti\ccsv7\tools\compiler\c5500_4.4.1\lib\</path>
         <kind>archive</kind>
         <file>rts55x.lib</file>
         <name>remove.obj</name>
      </input_file>
      <input_file id="fl-39">
         <path>C:\Program Files (x86)\Texas Instruments\ccsv4\emulation\boards\usbstk5515_v1\lib\</path>
         <kind>archive</kind>
         <file>usbstk5515bsl.lib</file>
         <name>usbstk5515_i2c.obj</name>
      </input_file>
      <input_file id="fl-3a">
         <path>C:\Program Files (x86)\Texas Instruments\ccsv4\emulation\boards\usbstk5515_v1\lib\</path>
         <kind>archive</kind>
         <file>usbstk5515bsl.lib</file>
         <name>usbstk5515_gpio.obj</name>
      </input_file>
      <input_file id="fl-3b">
         <path>C:\Program Files (x86)\Texas Instruments\ccsv4\emulation\boards\usbstk5515_v1\lib\</path>
         <kind>archive</kind>
         <file>usbstk5515bsl.lib</file>
         <name>usbstk5515.obj</name>
      </input_file>
   </input_file_list>
   <object_component_list>
      <object_component id="oc-4a">
         <name>vectors</name>
         <load_address>0xffff00</load_address>
         <run_address>0xffff00</run_address>
         <size>0x100</size>
         <input_file_ref idref="fl-13"/>
      </object_component>
      <object_component id="oc-2f">
         <name>.cinit</name>
         <load_address>0x988</load_address>
         <run_address>0x988</run_address>
         <size>0x5a</size>
         <input_file_ref idref="fl-d"/>
      </object_component>
      <object_component id="oc-1b">
         <name>.cinit</name>
         <load_address>0x9e2</load_address>
         <run_address>0x9e2</run_address>
         <size>0x54</size>
         <input_file_ref idref="fl-9"/>
      </object_component>
      <object_component id="oc-10">
         <name>.cinit</name>
         <load_address>0xa36</load_address>
         <run_address>0xa36</run_address>
         <size>0x46</size>
         <input_file_ref idref="fl-2"/>
      </object_component>
      <object_component id="oc-59">
         <name>.cinit</name>
         <load_address>0xa7c</load_address>
         <run_address>0xa7c</run_address>
         <size>0x14</size>
         <input_file_ref idref="fl-16"/>
      </object_component>
      <object_component id="oc-20">
         <name>.cinit</name>
         <load_address>0xa90</load_address>
         <run_address>0xa90</run_address>
         <size>0x14</size>
         <input_file_ref idref="fl-a"/>
      </object_component>
      <object_component id="oc-90">
         <name>.cinit</name>
         <load_address>0xaa4</load_address>
         <run_address>0xaa4</run_address>
         <size>0x8</size>
         <input_file_ref idref="fl-23"/>
      </object_component>
      <object_component id="oc-bb">
         <name>.cinit</name>
         <load_address>0xaac</load_address>
         <run_address>0xaac</run_address>
         <size>0x8</size>
         <input_file_ref idref="fl-2d"/>
      </object_component>
      <object_component id="oc-ee">
         <name>.cinit</name>
         <load_address>0xab4</load_address>
         <run_address>0xab4</run_address>
         <size>0x8</size>
         <input_file_ref idref="fl-39"/>
      </object_component>
      <object_component id="oc-5c">
         <name>.text</name>
         <load_address>0x10000</load_address>
         <run_address>0x10000</run_address>
         <size>0x15a4</size>
         <input_file_ref idref="fl-17"/>
      </object_component>
      <object_component id="oc-d">
         <name>.text</name>
         <load_address>0x115a4</load_address>
         <run_address>0x115a4</run_address>
         <size>0x68a</size>
         <input_file_ref idref="fl-2"/>
      </object_component>
      <object_component id="oc-74">
         <name>.text</name>
         <load_address>0x11c2e</load_address>
         <run_address>0x11c2e</run_address>
         <size>0x3cc</size>
         <input_file_ref idref="fl-1d"/>
      </object_component>
      <object_component id="oc-49">
         <name>.text</name>
         <load_address>0x11ffa</load_address>
         <run_address>0x11ffa</run_address>
         <size>0x2</size>
         <input_file_ref idref="fl-13"/>
      </object_component>
      <object_component id="oc-2c">
         <name>.text</name>
         <load_address>0x12000</load_address>
         <run_address>0x12000</run_address>
         <size>0x543</size>
         <input_file_ref idref="fl-d"/>
      </object_component>
      <object_component id="oc-3e">
         <name>.text</name>
         <load_address>0x12543</load_address>
         <run_address>0x12543</run_address>
         <size>0x528</size>
         <input_file_ref idref="fl-11"/>
      </object_component>
      <object_component id="oc-b8">
         <name>.text</name>
         <load_address>0x12a6b</load_address>
         <run_address>0x12a6b</run_address>
         <size>0x4b5</size>
         <input_file_ref idref="fl-2d"/>
      </object_component>
      <object_component id="oc-8d">
         <name>.text</name>
         <load_address>0x12f20</load_address>
         <run_address>0x12f20</run_address>
         <size>0x27f</size>
         <input_file_ref idref="fl-23"/>
      </object_component>
      <object_component id="oc-a4">
         <name>.text</name>
         <load_address>0x1319f</load_address>
         <run_address>0x1319f</run_address>
         <size>0x25e</size>
         <input_file_ref idref="fl-28"/>
      </object_component>
      <object_component id="oc-d7">
         <name>.text</name>
         <load_address>0x133fd</load_address>
         <run_address>0x133fd</run_address>
         <size>0x25a</size>
         <input_file_ref idref="fl-34"/>
      </object_component>
      <object_component id="oc-6e">
         <name>.text</name>
         <load_address>0x13657</load_address>
         <run_address>0x13657</run_address>
         <size>0x1ea</size>
         <input_file_ref idref="fl-1b"/>
      </object_component>
      <object_component id="oc-93">
         <name>.text</name>
         <load_address>0x13841</load_address>
         <run_address>0x13841</run_address>
         <size>0x163</size>
         <input_file_ref idref="fl-24"/>
      </object_component>
      <object_component id="oc-f2">
         <name>.text</name>
         <load_address>0x139a4</load_address>
         <run_address>0x139a4</run_address>
         <size>0x156</size>
         <input_file_ref idref="fl-3a"/>
      </object_component>
      <object_component id="oc-bf">
         <name>.text</name>
         <load_address>0x13afa</load_address>
         <run_address>0x13afa</run_address>
         <size>0x14c</size>
         <input_file_ref idref="fl-2e"/>
      </object_component>
      <object_component id="oc-eb">
         <name>.text</name>
         <load_address>0x13c46</load_address>
         <run_address>0x13c46</run_address>
         <size>0x13e</size>
         <input_file_ref idref="fl-39"/>
      </object_component>
      <object_component id="oc-36">
         <name>.text</name>
         <load_address>0x13d84</load_address>
         <run_address>0x13d84</run_address>
         <size>0xe6</size>
         <input_file_ref idref="fl-f"/>
      </object_component>
      <object_component id="oc-52">
         <name>.text</name>
         <load_address>0x13e6a</load_address>
         <run_address>0x13e6a</run_address>
         <size>0xdd</size>
         <input_file_ref idref="fl-15"/>
      </object_component>
      <object_component id="oc-4e">
         <name>.text</name>
         <load_address>0x13f47</load_address>
         <run_address>0x13f47</run_address>
         <size>0xae</size>
         <input_file_ref idref="fl-14"/>
      </object_component>
      <object_component id="oc-e7">
         <name>.text</name>
         <load_address>0x13ff5</load_address>
         <run_address>0x13ff5</run_address>
         <size>0xa</size>
         <input_file_ref idref="fl-38"/>
      </object_component>
      <object_component id="oc-7c">
         <name>.text</name>
         <load_address>0x14000</load_address>
         <run_address>0x14000</run_address>
         <size>0xc2</size>
         <input_file_ref idref="fl-1f"/>
      </object_component>
      <object_component id="oc-46">
         <name>.text:CIO_breakpoint</name>
         <load_address>0x140c2</load_address>
         <run_address>0x140c2</run_address>
         <size>0xba</size>
         <input_file_ref idref="fl-12"/>
      </object_component>
      <object_component id="oc-28">
         <name>.text</name>
         <load_address>0x1417c</load_address>
         <run_address>0x1417c</run_address>
         <size>0xa6</size>
         <input_file_ref idref="fl-c"/>
      </object_component>
      <object_component id="oc-78">
         <name>.text</name>
         <load_address>0x14222</load_address>
         <run_address>0x14222</run_address>
         <size>0xa1</size>
         <input_file_ref idref="fl-1e"/>
      </object_component>
      <object_component id="oc-24">
         <name>.text</name>
         <load_address>0x142c3</load_address>
         <run_address>0x142c3</run_address>
         <size>0x9b</size>
         <input_file_ref idref="fl-b"/>
      </object_component>
      <object_component id="oc-ac">
         <name>.text</name>
         <load_address>0x1435e</load_address>
         <run_address>0x1435e</run_address>
         <size>0x7d</size>
         <input_file_ref idref="fl-2a"/>
      </object_component>
      <object_component id="oc-df">
         <name>.text</name>
         <load_address>0x143db</load_address>
         <run_address>0x143db</run_address>
         <size>0x7b</size>
         <input_file_ref idref="fl-36"/>
      </object_component>
      <object_component id="oc-e3">
         <name>.text</name>
         <load_address>0x14456</load_address>
         <run_address>0x14456</run_address>
         <size>0x76</size>
         <input_file_ref idref="fl-37"/>
      </object_component>
      <object_component id="oc-98">
         <name>.text</name>
         <load_address>0x144cc</load_address>
         <run_address>0x144cc</run_address>
         <size>0x73</size>
         <input_file_ref idref="fl-25"/>
      </object_component>
      <object_component id="oc-cb">
         <name>.text</name>
         <load_address>0x1453f</load_address>
         <run_address>0x1453f</run_address>
         <size>0x72</size>
         <input_file_ref idref="fl-31"/>
      </object_component>
      <object_component id="oc-84">
         <name>.text</name>
         <load_address>0x145b1</load_address>
         <run_address>0x145b1</run_address>
         <size>0x6f</size>
         <input_file_ref idref="fl-21"/>
      </object_component>
      <object_component id="oc-43">
         <name>.text</name>
         <load_address>0x14620</load_address>
         <run_address>0x14620</run_address>
         <size>0x6d</size>
         <input_file_ref idref="fl-12"/>
      </object_component>
      <object_component id="oc-9c">
         <name>.text</name>
         <load_address>0x1468d</load_address>
         <run_address>0x1468d</run_address>
         <size>0x6b</size>
         <input_file_ref idref="fl-26"/>
      </object_component>
      <object_component id="oc-88">
         <name>.text</name>
         <load_address>0x146f8</load_address>
         <run_address>0x146f8</run_address>
         <size>0x67</size>
         <input_file_ref idref="fl-22"/>
      </object_component>
      <object_component id="oc-66">
         <name>.text</name>
         <load_address>0x1475f</load_address>
         <run_address>0x1475f</run_address>
         <size>0x5c</size>
         <input_file_ref idref="fl-19"/>
      </object_component>
      <object_component id="oc-f7">
         <name>.text</name>
         <load_address>0x147bb</load_address>
         <run_address>0x147bb</run_address>
         <size>0x54</size>
         <input_file_ref idref="fl-3b"/>
      </object_component>
      <object_component id="oc-32">
         <name>.text</name>
         <load_address>0x1480f</load_address>
         <run_address>0x1480f</run_address>
         <size>0x50</size>
         <input_file_ref idref="fl-e"/>
      </object_component>
      <object_component id="oc-6a">
         <name>.text</name>
         <load_address>0x1485f</load_address>
         <run_address>0x1485f</run_address>
         <size>0x4d</size>
         <input_file_ref idref="fl-1a"/>
      </object_component>
      <object_component id="oc-62">
         <name>.text</name>
         <load_address>0x148ac</load_address>
         <run_address>0x148ac</run_address>
         <size>0x4b</size>
         <input_file_ref idref="fl-18"/>
      </object_component>
      <object_component id="oc-c7">
         <name>.text</name>
         <load_address>0x148f7</load_address>
         <run_address>0x148f7</run_address>
         <size>0x4b</size>
         <input_file_ref idref="fl-30"/>
      </object_component>
      <object_component id="oc-db">
         <name>.text</name>
         <load_address>0x14942</load_address>
         <run_address>0x14942</run_address>
         <size>0x48</size>
         <input_file_ref idref="fl-35"/>
      </object_component>
      <object_component id="oc-b4">
         <name>.text</name>
         <load_address>0x1498a</load_address>
         <run_address>0x1498a</run_address>
         <size>0x3f</size>
         <input_file_ref idref="fl-2c"/>
      </object_component>
      <object_component id="oc-1d">
         <name>.text</name>
         <load_address>0x149c9</load_address>
         <run_address>0x149c9</run_address>
         <size>0x3e</size>
         <input_file_ref idref="fl-a"/>
      </object_component>
      <object_component id="oc-c">
         <name>.text</name>
         <load_address>0x14a07</load_address>
         <run_address>0x14a07</run_address>
         <size>0x34</size>
         <input_file_ref idref="fl-8"/>
      </object_component>
      <object_component id="oc-80">
         <name>.text</name>
         <load_address>0x14a3b</load_address>
         <run_address>0x14a3b</run_address>
         <size>0x2a</size>
         <input_file_ref idref="fl-20"/>
      </object_component>
      <object_component id="oc-d3">
         <name>.text</name>
         <load_address>0x14a65</load_address>
         <run_address>0x14a65</run_address>
         <size>0x2a</size>
         <input_file_ref idref="fl-33"/>
      </object_component>
      <object_component id="oc-3a">
         <name>.text</name>
         <load_address>0x14a8f</load_address>
         <run_address>0x14a8f</run_address>
         <size>0x29</size>
         <input_file_ref idref="fl-10"/>
      </object_component>
      <object_component id="oc-b0">
         <name>.text</name>
         <load_address>0x14ab8</load_address>
         <run_address>0x14ab8</run_address>
         <size>0x23</size>
         <input_file_ref idref="fl-2b"/>
      </object_component>
      <object_component id="oc-a0">
         <name>.text</name>
         <load_address>0x14adb</load_address>
         <run_address>0x14adb</run_address>
         <size>0x1a</size>
         <input_file_ref idref="fl-27"/>
      </object_component>
      <object_component id="oc-cf">
         <name>.text</name>
         <load_address>0x14af5</load_address>
         <run_address>0x14af5</run_address>
         <size>0x14</size>
         <input_file_ref idref="fl-32"/>
      </object_component>
      <object_component id="oc-a8">
         <name>.text</name>
         <load_address>0x14b09</load_address>
         <run_address>0x14b09</run_address>
         <size>0x13</size>
         <input_file_ref idref="fl-29"/>
      </object_component>
      <object_component id="oc-56">
         <name>.text</name>
         <load_address>0x14b1c</load_address>
         <run_address>0x14b1c</run_address>
         <size>0x12</size>
         <input_file_ref idref="fl-16"/>
      </object_component>
      <object_component id="oc-c3">
         <name>.text</name>
         <load_address>0x14b2e</load_address>
         <run_address>0x14b2e</run_address>
         <size>0x10</size>
         <input_file_ref idref="fl-2f"/>
      </object_component>
      <object_component id="oc-21">
         <name>.text:CIO_breakpoint</name>
         <load_address>0x14b3e</load_address>
         <run_address>0x14b3e</run_address>
         <size>0x7</size>
         <input_file_ref idref="fl-a"/>
      </object_component>
      <object_component id="oc-15">
         <name>.stack</name>
         <uninitialized>true</uninitialized>
         <run_address>0x588</run_address>
         <size>0x0</size>
         <input_file_ref idref="fl-8"/>
      </object_component>
      <object_component id="oc-112">
         <name>.stack</name>
         <uninitialized>true</uninitialized>
         <run_address>0x588</run_address>
         <size>0x0</size>
      </object_component>
      <object_component id="oc-fc">
         <name>.sysstack</name>
         <uninitialized>true</uninitialized>
         <run_address>0x788</run_address>
         <size>0x0</size>
         <input_file_ref idref="fl-8"/>
      </object_component>
      <object_component id="oc-114">
         <name>.sysstack</name>
         <uninitialized>true</uninitialized>
         <run_address>0x788</run_address>
         <size>0x0</size>
      </object_component>
      <object_component id="oc-bc">
         <name>.sysmem</name>
         <uninitialized>true</uninitialized>
         <run_address>0x8000</run_address>
         <size>0x0</size>
         <input_file_ref idref="fl-2d"/>
      </object_component>
      <object_component id="oc-113">
         <name>.sysmem</name>
         <uninitialized>true</uninitialized>
         <run_address>0x8000</run_address>
         <size>0x0</size>
      </object_component>
      <object_component id="oc-45">
         <name>.cio</name>
         <uninitialized>true</uninitialized>
         <run_address>0x348</run_address>
         <size>0x240</size>
         <input_file_ref idref="fl-12"/>
      </object_component>
      <object_component id="oc-e">
         <name>.bss</name>
         <uninitialized>true</uninitialized>
         <run_address>0xa000</run_address>
         <size>0x1030</size>
         <input_file_ref idref="fl-2"/>
      </object_component>
      <object_component id="oc-19">
         <name>.bss</name>
         <uninitialized>true</uninitialized>
         <run_address>0xb030</run_address>
         <size>0x232</size>
         <input_file_ref idref="fl-9"/>
      </object_component>
      <object_component id="oc-1e">
         <name>.bss</name>
         <uninitialized>true</uninitialized>
         <run_address>0xb4fc</run_address>
         <size>0x8</size>
         <input_file_ref idref="fl-a"/>
      </object_component>
      <object_component id="oc-2d">
         <name>.bss</name>
         <uninitialized>true</uninitialized>
         <run_address>0xb404</run_address>
         <size>0xe2</size>
         <input_file_ref idref="fl-d"/>
      </object_component>
      <object_component id="oc-3f">
         <name>.bss</name>
         <uninitialized>true</uninitialized>
         <run_address>0xb262</run_address>
         <size>0x1a0</size>
         <input_file_ref idref="fl-11"/>
      </object_component>
      <object_component id="oc-57">
         <name>.bss</name>
         <uninitialized>true</uninitialized>
         <run_address>0xb4f4</run_address>
         <size>0x8</size>
         <input_file_ref idref="fl-16"/>
      </object_component>
      <object_component id="oc-8e">
         <name>.bss</name>
         <uninitialized>true</uninitialized>
         <run_address>0xb402</run_address>
         <size>0x2</size>
         <input_file_ref idref="fl-23"/>
      </object_component>
      <object_component id="oc-b9">
         <name>.bss</name>
         <uninitialized>true</uninitialized>
         <run_address>0xb4e8</run_address>
         <size>0xc</size>
         <input_file_ref idref="fl-2d"/>
      </object_component>
      <object_component id="oc-ec">
         <name>.bss</name>
         <uninitialized>true</uninitialized>
         <run_address>0xb4e6</run_address>
         <size>0x2</size>
         <input_file_ref idref="fl-39"/>
      </object_component>
      <object_component id="oc-fd">
         <name>.const:__ctypes_</name>
         <load_address>0xc0</load_address>
         <run_address>0xc0</run_address>
         <size>0x202</size>
         <input_file_ref idref="fl-1c"/>
      </object_component>
      <object_component id="oc-5f">
         <name>.const:.string</name>
         <load_address>0x2c4</load_address>
         <run_address>0x2c4</run_address>
         <size>0x48</size>
         <input_file_ref idref="fl-17"/>
      </object_component>
      <object_component id="oc-5e">
         <name>.const</name>
         <load_address>0x30c</load_address>
         <run_address>0x30c</run_address>
         <size>0x18</size>
         <input_file_ref idref="fl-17"/>
      </object_component>
      <object_component id="oc-fe">
         <name>.const:_initial_approx$1</name>
         <load_address>0x324</load_address>
         <run_address>0x324</run_address>
         <size>0x10</size>
         <input_file_ref idref="fl-1d"/>
      </object_component>
      <object_component id="oc-11">
         <name>.const:.string</name>
         <load_address>0x334</load_address>
         <run_address>0x334</run_address>
         <size>0x8</size>
         <input_file_ref idref="fl-2"/>
      </object_component>
      <object_component id="oc-95">
         <name>.const:.string</name>
         <load_address>0x33c</load_address>
         <run_address>0x33c</run_address>
         <size>0x4</size>
         <input_file_ref idref="fl-24"/>
      </object_component>
      <object_component id="oc-8a">
         <name>.const</name>
         <load_address>0x340</load_address>
         <run_address>0x340</run_address>
         <size>0x4</size>
         <input_file_ref idref="fl-22"/>
      </object_component>
      <object_component id="oc-f">
         <name>.debug_info</name>
         <load_address>0x0</load_address>
         <run_address>0x0</run_address>
         <size>0x1806</size>
         <input_file_ref idref="fl-2"/>
      </object_component>
      <object_component id="oc-16">
         <name>.debug_info</name>
         <load_address>0x1806</load_address>
         <run_address>0x1806</run_address>
         <size>0xe8</size>
         <input_file_ref idref="fl-8"/>
      </object_component>
      <object_component id="oc-1a">
         <name>.debug_info</name>
         <load_address>0x18ee</load_address>
         <run_address>0x18ee</run_address>
         <size>0x57e</size>
         <input_file_ref idref="fl-9"/>
      </object_component>
      <object_component id="oc-1f">
         <name>.debug_info</name>
         <load_address>0x1e6c</load_address>
         <run_address>0x1e6c</run_address>
         <size>0x5fb</size>
         <input_file_ref idref="fl-a"/>
      </object_component>
      <object_component id="oc-25">
         <name>.debug_info</name>
         <load_address>0x2467</load_address>
         <run_address>0x2467</run_address>
         <size>0x670</size>
         <input_file_ref idref="fl-b"/>
      </object_component>
      <object_component id="oc-29">
         <name>.debug_info</name>
         <load_address>0x2ad7</load_address>
         <run_address>0x2ad7</run_address>
         <size>0x6aa</size>
         <input_file_ref idref="fl-c"/>
      </object_component>
      <object_component id="oc-2e">
         <name>.debug_info</name>
         <load_address>0x3181</load_address>
         <run_address>0x3181</run_address>
         <size>0x144b</size>
         <input_file_ref idref="fl-d"/>
      </object_component>
      <object_component id="oc-33">
         <name>.debug_info</name>
         <load_address>0x45cc</load_address>
         <run_address>0x45cc</run_address>
         <size>0x76c</size>
         <input_file_ref idref="fl-e"/>
      </object_component>
      <object_component id="oc-37">
         <name>.debug_info</name>
         <load_address>0x4d38</load_address>
         <run_address>0x4d38</run_address>
         <size>0x64a</size>
         <input_file_ref idref="fl-f"/>
      </object_component>
      <object_component id="oc-3b">
         <name>.debug_info</name>
         <load_address>0x5382</load_address>
         <run_address>0x5382</run_address>
         <size>0x600</size>
         <input_file_ref idref="fl-10"/>
      </object_component>
      <object_component id="oc-40">
         <name>.debug_info</name>
         <load_address>0x5982</load_address>
         <run_address>0x5982</run_address>
         <size>0xed4</size>
         <input_file_ref idref="fl-11"/>
      </object_component>
      <object_component id="oc-44">
         <name>.debug_info</name>
         <load_address>0x6856</load_address>
         <run_address>0x6856</run_address>
         <size>0x744</size>
         <input_file_ref idref="fl-12"/>
      </object_component>
      <object_component id="oc-4b">
         <name>.debug_info</name>
         <load_address>0x6f9a</load_address>
         <run_address>0x6f9a</run_address>
         <size>0xbc</size>
         <input_file_ref idref="fl-13"/>
      </object_component>
      <object_component id="oc-4f">
         <name>.debug_info</name>
         <load_address>0x7056</load_address>
         <run_address>0x7056</run_address>
         <size>0x6b8</size>
         <input_file_ref idref="fl-14"/>
      </object_component>
      <object_component id="oc-53">
         <name>.debug_info</name>
         <load_address>0x770e</load_address>
         <run_address>0x770e</run_address>
         <size>0x662</size>
         <input_file_ref idref="fl-15"/>
      </object_component>
      <object_component id="oc-58">
         <name>.debug_info</name>
         <load_address>0x7d70</load_address>
         <run_address>0x7d70</run_address>
         <size>0x5bc</size>
         <input_file_ref idref="fl-16"/>
      </object_component>
      <object_component id="oc-5d">
         <name>.debug_info</name>
         <load_address>0x832c</load_address>
         <run_address>0x832c</run_address>
         <size>0x27bd</size>
         <input_file_ref idref="fl-17"/>
      </object_component>
      <object_component id="oc-63">
         <name>.debug_info</name>
         <load_address>0xaae9</load_address>
         <run_address>0xaae9</run_address>
         <size>0x586</size>
         <input_file_ref idref="fl-18"/>
      </object_component>
      <object_component id="oc-67">
         <name>.debug_info</name>
         <load_address>0xb06f</load_address>
         <run_address>0xb06f</run_address>
         <size>0x5a4</size>
         <input_file_ref idref="fl-19"/>
      </object_component>
      <object_component id="oc-6b">
         <name>.debug_info</name>
         <load_address>0xb613</load_address>
         <run_address>0xb613</run_address>
         <size>0xcd</size>
         <input_file_ref idref="fl-1a"/>
      </object_component>
      <object_component id="oc-6f">
         <name>.debug_info</name>
         <load_address>0xb6e0</load_address>
         <run_address>0xb6e0</run_address>
         <size>0x81f</size>
         <input_file_ref idref="fl-1b"/>
      </object_component>
      <object_component id="oc-72">
         <name>.debug_info</name>
         <load_address>0xbeff</load_address>
         <run_address>0xbeff</run_address>
         <size>0x498</size>
         <input_file_ref idref="fl-1c"/>
      </object_component>
      <object_component id="oc-75">
         <name>.debug_info</name>
         <load_address>0xc397</load_address>
         <run_address>0xc397</run_address>
         <size>0x7e8</size>
         <input_file_ref idref="fl-1d"/>
      </object_component>
      <object_component id="oc-79">
         <name>.debug_info</name>
         <load_address>0xcb7f</load_address>
         <run_address>0xcb7f</run_address>
         <size>0x534</size>
         <input_file_ref idref="fl-1e"/>
      </object_component>
      <object_component id="oc-7d">
         <name>.debug_info</name>
         <load_address>0xd0b3</load_address>
         <run_address>0xd0b3</run_address>
         <size>0x706</size>
         <input_file_ref idref="fl-1f"/>
      </object_component>
      <object_component id="oc-81">
         <name>.debug_info</name>
         <load_address>0xd7b9</load_address>
         <run_address>0xd7b9</run_address>
         <size>0x4cf</size>
         <input_file_ref idref="fl-20"/>
      </object_component>
      <object_component id="oc-85">
         <name>.debug_info</name>
         <load_address>0xdc88</load_address>
         <run_address>0xdc88</run_address>
         <size>0x534</size>
         <input_file_ref idref="fl-21"/>
      </object_component>
      <object_component id="oc-89">
         <name>.debug_info</name>
         <load_address>0xe1bc</load_address>
         <run_address>0xe1bc</run_address>
         <size>0x549</size>
         <input_file_ref idref="fl-22"/>
      </object_component>
      <object_component id="oc-8f">
         <name>.debug_info</name>
         <load_address>0xe705</load_address>
         <run_address>0xe705</run_address>
         <size>0xa1c</size>
         <input_file_ref idref="fl-23"/>
      </object_component>
      <object_component id="oc-94">
         <name>.debug_info</name>
         <load_address>0xf121</load_address>
         <run_address>0xf121</run_address>
         <size>0x942</size>
         <input_file_ref idref="fl-24"/>
      </object_component>
      <object_component id="oc-99">
         <name>.debug_info</name>
         <load_address>0xfa63</load_address>
         <run_address>0xfa63</run_address>
         <size>0x53e</size>
         <input_file_ref idref="fl-25"/>
      </object_component>
      <object_component id="oc-9d">
         <name>.debug_info</name>
         <load_address>0xffa1</load_address>
         <run_address>0xffa1</run_address>
         <size>0x5f7</size>
         <input_file_ref idref="fl-26"/>
      </object_component>
      <object_component id="oc-a1">
         <name>.debug_info</name>
         <load_address>0x10598</load_address>
         <run_address>0x10598</run_address>
         <size>0x680</size>
         <input_file_ref idref="fl-27"/>
      </object_component>
      <object_component id="oc-a5">
         <name>.debug_info</name>
         <load_address>0x10c18</load_address>
         <run_address>0x10c18</run_address>
         <size>0x7d4</size>
         <input_file_ref idref="fl-28"/>
      </object_component>
      <object_component id="oc-a9">
         <name>.debug_info</name>
         <load_address>0x113ec</load_address>
         <run_address>0x113ec</run_address>
         <size>0xbd</size>
         <input_file_ref idref="fl-29"/>
      </object_component>
      <object_component id="oc-ad">
         <name>.debug_info</name>
         <load_address>0x114a9</load_address>
         <run_address>0x114a9</run_address>
         <size>0x5ad</size>
         <input_file_ref idref="fl-2a"/>
      </object_component>
      <object_component id="oc-b1">
         <name>.debug_info</name>
         <load_address>0x11a56</load_address>
         <run_address>0x11a56</run_address>
         <size>0x574</size>
         <input_file_ref idref="fl-2b"/>
      </object_component>
      <object_component id="oc-b5">
         <name>.debug_info</name>
         <load_address>0x11fca</load_address>
         <run_address>0x11fca</run_address>
         <size>0xd1</size>
         <input_file_ref idref="fl-2c"/>
      </object_component>
      <object_component id="oc-ba">
         <name>.debug_info</name>
         <load_address>0x1209b</load_address>
         <run_address>0x1209b</run_address>
         <size>0xb97</size>
         <input_file_ref idref="fl-2d"/>
      </object_component>
      <object_component id="oc-c0">
         <name>.debug_info</name>
         <load_address>0x12c32</load_address>
         <run_address>0x12c32</run_address>
         <size>0x55b</size>
         <input_file_ref idref="fl-2e"/>
      </object_component>
      <object_component id="oc-c4">
         <name>.debug_info</name>
         <load_address>0x1318d</load_address>
         <run_address>0x1318d</run_address>
         <size>0x4b7</size>
         <input_file_ref idref="fl-2f"/>
      </object_component>
      <object_component id="oc-c8">
         <name>.debug_info</name>
         <load_address>0x13644</load_address>
         <run_address>0x13644</run_address>
         <size>0x4f2</size>
         <input_file_ref idref="fl-30"/>
      </object_component>
      <object_component id="oc-cc">
         <name>.debug_info</name>
         <load_address>0x13b36</load_address>
         <run_address>0x13b36</run_address>
         <size>0x534</size>
         <input_file_ref idref="fl-31"/>
      </object_component>
      <object_component id="oc-d0">
         <name>.debug_info</name>
         <load_address>0x1406a</load_address>
         <run_address>0x1406a</run_address>
         <size>0x4de</size>
         <input_file_ref idref="fl-32"/>
      </object_component>
      <object_component id="oc-d4">
         <name>.debug_info</name>
         <load_address>0x14548</load_address>
         <run_address>0x14548</run_address>
         <size>0xef</size>
         <input_file_ref idref="fl-33"/>
      </object_component>
      <object_component id="oc-d8">
         <name>.debug_info</name>
         <load_address>0x14637</load_address>
         <run_address>0x14637</run_address>
         <size>0x5ab</size>
         <input_file_ref idref="fl-34"/>
      </object_component>
      <object_component id="oc-dc">
         <name>.debug_info</name>
         <load_address>0x14be2</load_address>
         <run_address>0x14be2</run_address>
         <size>0x4f2</size>
         <input_file_ref idref="fl-35"/>
      </object_component>
      <object_component id="oc-e0">
         <name>.debug_info</name>
         <load_address>0x150d4</load_address>
         <run_address>0x150d4</run_address>
         <size>0x64f</size>
         <input_file_ref idref="fl-36"/>
      </object_component>
      <object_component id="oc-e4">
         <name>.debug_info</name>
         <load_address>0x15723</load_address>
         <run_address>0x15723</run_address>
         <size>0x4d2</size>
         <input_file_ref idref="fl-37"/>
      </object_component>
      <object_component id="oc-e8">
         <name>.debug_info</name>
         <load_address>0x15bf5</load_address>
         <run_address>0x15bf5</run_address>
         <size>0x510</size>
         <input_file_ref idref="fl-38"/>
      </object_component>
      <object_component id="oc-ed">
         <name>.debug_info</name>
         <load_address>0x16105</load_address>
         <run_address>0x16105</run_address>
         <size>0xbd8</size>
         <input_file_ref idref="fl-39"/>
      </object_component>
      <object_component id="oc-f3">
         <name>.debug_info</name>
         <load_address>0x16cdd</load_address>
         <run_address>0x16cdd</run_address>
         <size>0x836</size>
         <input_file_ref idref="fl-3a"/>
      </object_component>
      <object_component id="oc-f8">
         <name>.debug_info</name>
         <load_address>0x17513</load_address>
         <run_address>0x17513</run_address>
         <size>0x69c</size>
         <input_file_ref idref="fl-3b"/>
      </object_component>
      <object_component id="oc-11b">
         <name>.debug_info</name>
         <load_address>0x17baf</load_address>
         <run_address>0x17baf</run_address>
         <size>0x6e</size>
      </object_component>
      <object_component id="oc-12">
         <name>.debug_frame</name>
         <load_address>0x0</load_address>
         <run_address>0x0</run_address>
         <size>0x1aa</size>
         <input_file_ref idref="fl-2"/>
      </object_component>
      <object_component id="oc-ef">
         <name>.debug_frame</name>
         <load_address>0x1aa</load_address>
         <run_address>0x1aa</run_address>
         <size>0x14a</size>
         <input_file_ref idref="fl-39"/>
      </object_component>
      <object_component id="oc-f4">
         <name>.debug_frame</name>
         <load_address>0x2f4</load_address>
         <run_address>0x2f4</run_address>
         <size>0x135</size>
         <input_file_ref idref="fl-3a"/>
      </object_component>
      <object_component id="oc-f9">
         <name>.debug_frame</name>
         <load_address>0x429</load_address>
         <run_address>0x429</run_address>
         <size>0x116</size>
         <input_file_ref idref="fl-3b"/>
      </object_component>
      <object_component id="oc-13">
         <name>.debug_line</name>
         <load_address>0x0</load_address>
         <run_address>0x0</run_address>
         <size>0x373</size>
         <input_file_ref idref="fl-2"/>
      </object_component>
      <object_component id="oc-17">
         <name>.debug_line</name>
         <load_address>0x373</load_address>
         <run_address>0x373</run_address>
         <size>0x54</size>
         <input_file_ref idref="fl-8"/>
      </object_component>
      <object_component id="oc-22">
         <name>.debug_line</name>
         <load_address>0x3c7</load_address>
         <run_address>0x3c7</run_address>
         <size>0x51</size>
         <input_file_ref idref="fl-a"/>
      </object_component>
      <object_component id="oc-26">
         <name>.debug_line</name>
         <load_address>0x418</load_address>
         <run_address>0x418</run_address>
         <size>0x56</size>
         <input_file_ref idref="fl-b"/>
      </object_component>
      <object_component id="oc-2a">
         <name>.debug_line</name>
         <load_address>0x46e</load_address>
         <run_address>0x46e</run_address>
         <size>0x56</size>
         <input_file_ref idref="fl-c"/>
      </object_component>
      <object_component id="oc-30">
         <name>.debug_line</name>
         <load_address>0x4c4</load_address>
         <run_address>0x4c4</run_address>
         <size>0x1b0</size>
         <input_file_ref idref="fl-d"/>
      </object_component>
      <object_component id="oc-34">
         <name>.debug_line</name>
         <load_address>0x674</load_address>
         <run_address>0x674</run_address>
         <size>0x69</size>
         <input_file_ref idref="fl-e"/>
      </object_component>
      <object_component id="oc-38">
         <name>.debug_line</name>
         <load_address>0x6dd</load_address>
         <run_address>0x6dd</run_address>
         <size>0x3f</size>
         <input_file_ref idref="fl-f"/>
      </object_component>
      <object_component id="oc-3c">
         <name>.debug_line</name>
         <load_address>0x71c</load_address>
         <run_address>0x71c</run_address>
         <size>0x57</size>
         <input_file_ref idref="fl-10"/>
      </object_component>
      <object_component id="oc-41">
         <name>.debug_line</name>
         <load_address>0x773</load_address>
         <run_address>0x773</run_address>
         <size>0x15d</size>
         <input_file_ref idref="fl-11"/>
      </object_component>
      <object_component id="oc-47">
         <name>.debug_line</name>
         <load_address>0x8d0</load_address>
         <run_address>0x8d0</run_address>
         <size>0x6a</size>
         <input_file_ref idref="fl-12"/>
      </object_component>
      <object_component id="oc-4c">
         <name>.debug_line</name>
         <load_address>0x93a</load_address>
         <run_address>0x93a</run_address>
         <size>0x37</size>
         <input_file_ref idref="fl-13"/>
      </object_component>
      <object_component id="oc-50">
         <name>.debug_line</name>
         <load_address>0x971</load_address>
         <run_address>0x971</run_address>
         <size>0x4c</size>
         <input_file_ref idref="fl-14"/>
      </object_component>
      <object_component id="oc-54">
         <name>.debug_line</name>
         <load_address>0x9bd</load_address>
         <run_address>0x9bd</run_address>
         <size>0x57</size>
         <input_file_ref idref="fl-15"/>
      </object_component>
      <object_component id="oc-5a">
         <name>.debug_line</name>
         <load_address>0xa14</load_address>
         <run_address>0xa14</run_address>
         <size>0x57</size>
         <input_file_ref idref="fl-16"/>
      </object_component>
      <object_component id="oc-60">
         <name>.debug_line</name>
         <load_address>0xa6b</load_address>
         <run_address>0xa6b</run_address>
         <size>0x328</size>
         <input_file_ref idref="fl-17"/>
      </object_component>
      <object_component id="oc-64">
         <name>.debug_line</name>
         <load_address>0xd93</load_address>
         <run_address>0xd93</run_address>
         <size>0x41</size>
         <input_file_ref idref="fl-18"/>
      </object_component>
      <object_component id="oc-68">
         <name>.debug_line</name>
         <load_address>0xdd4</load_address>
         <run_address>0xdd4</run_address>
         <size>0x46</size>
         <input_file_ref idref="fl-19"/>
      </object_component>
      <object_component id="oc-6c">
         <name>.debug_line</name>
         <load_address>0xe1a</load_address>
         <run_address>0xe1a</run_address>
         <size>0x55</size>
         <input_file_ref idref="fl-1a"/>
      </object_component>
      <object_component id="oc-70">
         <name>.debug_line</name>
         <load_address>0xe6f</load_address>
         <run_address>0xe6f</run_address>
         <size>0xad</size>
         <input_file_ref idref="fl-1b"/>
      </object_component>
      <object_component id="oc-76">
         <name>.debug_line</name>
         <load_address>0xf1c</load_address>
         <run_address>0xf1c</run_address>
         <size>0x5b</size>
         <input_file_ref idref="fl-1d"/>
      </object_component>
      <object_component id="oc-7a">
         <name>.debug_line</name>
         <load_address>0xf77</load_address>
         <run_address>0xf77</run_address>
         <size>0x44</size>
         <input_file_ref idref="fl-1e"/>
      </object_component>
      <object_component id="oc-7e">
         <name>.debug_line</name>
         <load_address>0xfbb</load_address>
         <run_address>0xfbb</run_address>
         <size>0x5b</size>
         <input_file_ref idref="fl-1f"/>
      </object_component>
      <object_component id="oc-82">
         <name>.debug_line</name>
         <load_address>0x1016</load_address>
         <run_address>0x1016</run_address>
         <size>0x3d</size>
         <input_file_ref idref="fl-20"/>
      </object_component>
      <object_component id="oc-86">
         <name>.debug_line</name>
         <load_address>0x1053</load_address>
         <run_address>0x1053</run_address>
         <size>0x3d</size>
         <input_file_ref idref="fl-21"/>
      </object_component>
      <object_component id="oc-8b">
         <name>.debug_line</name>
         <load_address>0x1090</load_address>
         <run_address>0x1090</run_address>
         <size>0x44</size>
         <input_file_ref idref="fl-22"/>
      </object_component>
      <object_component id="oc-91">
         <name>.debug_line</name>
         <load_address>0x10d4</load_address>
         <run_address>0x10d4</run_address>
         <size>0xd7</size>
         <input_file_ref idref="fl-23"/>
      </object_component>
      <object_component id="oc-96">
         <name>.debug_line</name>
         <load_address>0x11ab</load_address>
         <run_address>0x11ab</run_address>
         <size>0xa8</size>
         <input_file_ref idref="fl-24"/>
      </object_component>
      <object_component id="oc-9a">
         <name>.debug_line</name>
         <load_address>0x1253</load_address>
         <run_address>0x1253</run_address>
         <size>0x40</size>
         <input_file_ref idref="fl-25"/>
      </object_component>
      <object_component id="oc-9e">
         <name>.debug_line</name>
         <load_address>0x1293</load_address>
         <run_address>0x1293</run_address>
         <size>0x3c</size>
         <input_file_ref idref="fl-26"/>
      </object_component>
      <object_component id="oc-a2">
         <name>.debug_line</name>
         <load_address>0x12cf</load_address>
         <run_address>0x12cf</run_address>
         <size>0x38</size>
         <input_file_ref idref="fl-27"/>
      </object_component>
      <object_component id="oc-a6">
         <name>.debug_line</name>
         <load_address>0x1307</load_address>
         <run_address>0x1307</run_address>
         <size>0xa8</size>
         <input_file_ref idref="fl-28"/>
      </object_component>
      <object_component id="oc-aa">
         <name>.debug_line</name>
         <load_address>0x13af</load_address>
         <run_address>0x13af</run_address>
         <size>0x3c</size>
         <input_file_ref idref="fl-29"/>
      </object_component>
      <object_component id="oc-ae">
         <name>.debug_line</name>
         <load_address>0x13eb</load_address>
         <run_address>0x13eb</run_address>
         <size>0x40</size>
         <input_file_ref idref="fl-2a"/>
      </object_component>
      <object_component id="oc-b2">
         <name>.debug_line</name>
         <load_address>0x142b</load_address>
         <run_address>0x142b</run_address>
         <size>0x3c</size>
         <input_file_ref idref="fl-2b"/>
      </object_component>
      <object_component id="oc-b6">
         <name>.debug_line</name>
         <load_address>0x1467</load_address>
         <run_address>0x1467</run_address>
         <size>0x4d</size>
         <input_file_ref idref="fl-2c"/>
      </object_component>
      <object_component id="oc-bd">
         <name>.debug_line</name>
         <load_address>0x14b4</load_address>
         <run_address>0x14b4</run_address>
         <size>0x112</size>
         <input_file_ref idref="fl-2d"/>
      </object_component>
      <object_component id="oc-c1">
         <name>.debug_line</name>
         <load_address>0x15c6</load_address>
         <run_address>0x15c6</run_address>
         <size>0x3c</size>
         <input_file_ref idref="fl-2e"/>
      </object_component>
      <object_component id="oc-c5">
         <name>.debug_line</name>
         <load_address>0x1602</load_address>
         <run_address>0x1602</run_address>
         <size>0x37</size>
         <input_file_ref idref="fl-2f"/>
      </object_component>
      <object_component id="oc-c9">
         <name>.debug_line</name>
         <load_address>0x1639</load_address>
         <run_address>0x1639</run_address>
         <size>0x3c</size>
         <input_file_ref idref="fl-30"/>
      </object_component>
      <object_component id="oc-cd">
         <name>.debug_line</name>
         <load_address>0x1675</load_address>
         <run_address>0x1675</run_address>
         <size>0x44</size>
         <input_file_ref idref="fl-31"/>
      </object_component>
      <object_component id="oc-d1">
         <name>.debug_line</name>
         <load_address>0x16b9</load_address>
         <run_address>0x16b9</run_address>
         <size>0x37</size>
         <input_file_ref idref="fl-32"/>
      </object_component>
      <object_component id="oc-d5">
         <name>.debug_line</name>
         <load_address>0x16f0</load_address>
         <run_address>0x16f0</run_address>
         <size>0x58</size>
         <input_file_ref idref="fl-33"/>
      </object_component>
      <object_component id="oc-d9">
         <name>.debug_line</name>
         <load_address>0x1748</load_address>
         <run_address>0x1748</run_address>
         <size>0x5c</size>
         <input_file_ref idref="fl-34"/>
      </object_component>
      <object_component id="oc-dd">
         <name>.debug_line</name>
         <load_address>0x17a4</load_address>
         <run_address>0x17a4</run_address>
         <size>0x3c</size>
         <input_file_ref idref="fl-35"/>
      </object_component>
      <object_component id="oc-e1">
         <name>.debug_line</name>
         <load_address>0x17e0</load_address>
         <run_address>0x17e0</run_address>
         <size>0x3d</size>
         <input_file_ref idref="fl-36"/>
      </object_component>
      <object_component id="oc-e5">
         <name>.debug_line</name>
         <load_address>0x181d</load_address>
         <run_address>0x181d</run_address>
         <size>0x3a</size>
         <input_file_ref idref="fl-37"/>
      </object_component>
      <object_component id="oc-e9">
         <name>.debug_line</name>
         <load_address>0x1857</load_address>
         <run_address>0x1857</run_address>
         <size>0x39</size>
         <input_file_ref idref="fl-38"/>
      </object_component>
      <object_component id="oc-f0">
         <name>.debug_line</name>
         <load_address>0x1890</load_address>
         <run_address>0x1890</run_address>
         <size>0x16c</size>
         <input_file_ref idref="fl-39"/>
      </object_component>
      <object_component id="oc-f5">
         <name>.debug_line</name>
         <load_address>0x19fc</load_address>
         <run_address>0x19fc</run_address>
         <size>0xdf</size>
         <input_file_ref idref="fl-3a"/>
      </object_component>
      <object_component id="oc-fa">
         <name>.debug_line</name>
         <load_address>0x1adb</load_address>
         <run_address>0x1adb</run_address>
         <size>0x84</size>
         <input_file_ref idref="fl-3b"/>
      </object_component>
      <object_component id="oc-14">
         <name>.debug_abbrev</name>
         <load_address>0x0</load_address>
         <run_address>0x0</run_address>
         <size>0x1c9</size>
         <input_file_ref idref="fl-2"/>
      </object_component>
      <object_component id="oc-18">
         <name>.debug_abbrev</name>
         <load_address>0x1c9</load_address>
         <run_address>0x1c9</run_address>
         <size>0x3a</size>
         <input_file_ref idref="fl-8"/>
      </object_component>
      <object_component id="oc-1c">
         <name>.debug_abbrev</name>
         <load_address>0x203</load_address>
         <run_address>0x203</run_address>
         <size>0x83</size>
         <input_file_ref idref="fl-9"/>
      </object_component>
      <object_component id="oc-23">
         <name>.debug_abbrev</name>
         <load_address>0x286</load_address>
         <run_address>0x286</run_address>
         <size>0xf7</size>
         <input_file_ref idref="fl-a"/>
      </object_component>
      <object_component id="oc-27">
         <name>.debug_abbrev</name>
         <load_address>0x37d</load_address>
         <run_address>0x37d</run_address>
         <size>0x101</size>
         <input_file_ref idref="fl-b"/>
      </object_component>
      <object_component id="oc-2b">
         <name>.debug_abbrev</name>
         <load_address>0x47e</load_address>
         <run_address>0x47e</run_address>
         <size>0x103</size>
         <input_file_ref idref="fl-c"/>
      </object_component>
      <object_component id="oc-31">
         <name>.debug_abbrev</name>
         <load_address>0x581</load_address>
         <run_address>0x581</run_address>
         <size>0x225</size>
         <input_file_ref idref="fl-d"/>
      </object_component>
      <object_component id="oc-35">
         <name>.debug_abbrev</name>
         <load_address>0x7a6</load_address>
         <run_address>0x7a6</run_address>
         <size>0x145</size>
         <input_file_ref idref="fl-e"/>
      </object_component>
      <object_component id="oc-39">
         <name>.debug_abbrev</name>
         <load_address>0x8eb</load_address>
         <run_address>0x8eb</run_address>
         <size>0x10b</size>
         <input_file_ref idref="fl-f"/>
      </object_component>
      <object_component id="oc-3d">
         <name>.debug_abbrev</name>
         <load_address>0x9f6</load_address>
         <run_address>0x9f6</run_address>
         <size>0xb7</size>
         <input_file_ref idref="fl-10"/>
      </object_component>
      <object_component id="oc-42">
         <name>.debug_abbrev</name>
         <load_address>0xaad</load_address>
         <run_address>0xaad</run_address>
         <size>0x15a</size>
         <input_file_ref idref="fl-11"/>
      </object_component>
      <object_component id="oc-48">
         <name>.debug_abbrev</name>
         <load_address>0xc07</load_address>
         <run_address>0xc07</run_address>
         <size>0xde</size>
         <input_file_ref idref="fl-12"/>
      </object_component>
      <object_component id="oc-4d">
         <name>.debug_abbrev</name>
         <load_address>0xce5</load_address>
         <run_address>0xce5</run_address>
         <size>0x26</size>
         <input_file_ref idref="fl-13"/>
      </object_component>
      <object_component id="oc-51">
         <name>.debug_abbrev</name>
         <load_address>0xd0b</load_address>
         <run_address>0xd0b</run_address>
         <size>0x124</size>
         <input_file_ref idref="fl-14"/>
      </object_component>
      <object_component id="oc-55">
         <name>.debug_abbrev</name>
         <load_address>0xe2f</load_address>
         <run_address>0xe2f</run_address>
         <size>0xd1</size>
         <input_file_ref idref="fl-15"/>
      </object_component>
      <object_component id="oc-5b">
         <name>.debug_abbrev</name>
         <load_address>0xf00</load_address>
         <run_address>0xf00</run_address>
         <size>0x9f</size>
         <input_file_ref idref="fl-16"/>
      </object_component>
      <object_component id="oc-61">
         <name>.debug_abbrev</name>
         <load_address>0xf9f</load_address>
         <run_address>0xf9f</run_address>
         <size>0x1f8</size>
         <input_file_ref idref="fl-17"/>
      </object_component>
      <object_component id="oc-65">
         <name>.debug_abbrev</name>
         <load_address>0x1197</load_address>
         <run_address>0x1197</run_address>
         <size>0xec</size>
         <input_file_ref idref="fl-18"/>
      </object_component>
      <object_component id="oc-69">
         <name>.debug_abbrev</name>
         <load_address>0x1283</load_address>
         <run_address>0x1283</run_address>
         <size>0xd5</size>
         <input_file_ref idref="fl-19"/>
      </object_component>
      <object_component id="oc-6d">
         <name>.debug_abbrev</name>
         <load_address>0x1358</load_address>
         <run_address>0x1358</run_address>
         <size>0x44</size>
         <input_file_ref idref="fl-1a"/>
      </object_component>
      <object_component id="oc-71">
         <name>.debug_abbrev</name>
         <load_address>0x139c</load_address>
         <run_address>0x139c</run_address>
         <size>0xb7</size>
         <input_file_ref idref="fl-1b"/>
      </object_component>
      <object_component id="oc-73">
         <name>.debug_abbrev</name>
         <load_address>0x1453</load_address>
         <run_address>0x1453</run_address>
         <size>0x68</size>
         <input_file_ref idref="fl-1c"/>
      </object_component>
      <object_component id="oc-77">
         <name>.debug_abbrev</name>
         <load_address>0x14bb</load_address>
         <run_address>0x14bb</run_address>
         <size>0x112</size>
         <input_file_ref idref="fl-1d"/>
      </object_component>
      <object_component id="oc-7b">
         <name>.debug_abbrev</name>
         <load_address>0x15cd</load_address>
         <run_address>0x15cd</run_address>
         <size>0xb5</size>
         <input_file_ref idref="fl-1e"/>
      </object_component>
      <object_component id="oc-7f">
         <name>.debug_abbrev</name>
         <load_address>0x1682</load_address>
         <run_address>0x1682</run_address>
         <size>0x136</size>
         <input_file_ref idref="fl-1f"/>
      </object_component>
      <object_component id="oc-83">
         <name>.debug_abbrev</name>
         <load_address>0x17b8</load_address>
         <run_address>0x17b8</run_address>
         <size>0x8f</size>
         <input_file_ref idref="fl-20"/>
      </object_component>
      <object_component id="oc-87">
         <name>.debug_abbrev</name>
         <load_address>0x1847</load_address>
         <run_address>0x1847</run_address>
         <size>0xb7</size>
         <input_file_ref idref="fl-21"/>
      </object_component>
      <object_component id="oc-8c">
         <name>.debug_abbrev</name>
         <load_address>0x18fe</load_address>
         <run_address>0x18fe</run_address>
         <size>0xc2</size>
         <input_file_ref idref="fl-22"/>
      </object_component>
      <object_component id="oc-92">
         <name>.debug_abbrev</name>
         <load_address>0x19c0</load_address>
         <run_address>0x19c0</run_address>
         <size>0x1a2</size>
         <input_file_ref idref="fl-23"/>
      </object_component>
      <object_component id="oc-97">
         <name>.debug_abbrev</name>
         <load_address>0x1b62</load_address>
         <run_address>0x1b62</run_address>
         <size>0x140</size>
         <input_file_ref idref="fl-24"/>
      </object_component>
      <object_component id="oc-9b">
         <name>.debug_abbrev</name>
         <load_address>0x1ca2</load_address>
         <run_address>0x1ca2</run_address>
         <size>0x9a</size>
         <input_file_ref idref="fl-25"/>
      </object_component>
      <object_component id="oc-9f">
         <name>.debug_abbrev</name>
         <load_address>0x1d3c</load_address>
         <run_address>0x1d3c</run_address>
         <size>0xd1</size>
         <input_file_ref idref="fl-26"/>
      </object_component>
      <object_component id="oc-a3">
         <name>.debug_abbrev</name>
         <load_address>0x1e0d</load_address>
         <run_address>0x1e0d</run_address>
         <size>0xd0</size>
         <input_file_ref idref="fl-27"/>
      </object_component>
      <object_component id="oc-a7">
         <name>.debug_abbrev</name>
         <load_address>0x1edd</load_address>
         <run_address>0x1edd</run_address>
         <size>0xb7</size>
         <input_file_ref idref="fl-28"/>
      </object_component>
      <object_component id="oc-ab">
         <name>.debug_abbrev</name>
         <load_address>0x1f94</load_address>
         <run_address>0x1f94</run_address>
         <size>0x38</size>
         <input_file_ref idref="fl-29"/>
      </object_component>
      <object_component id="oc-af">
         <name>.debug_abbrev</name>
         <load_address>0x1fcc</load_address>
         <run_address>0x1fcc</run_address>
         <size>0xec</size>
         <input_file_ref idref="fl-2a"/>
      </object_component>
      <object_component id="oc-b3">
         <name>.debug_abbrev</name>
         <load_address>0x20b8</load_address>
         <run_address>0x20b8</run_address>
         <size>0xb7</size>
         <input_file_ref idref="fl-2b"/>
      </object_component>
      <object_component id="oc-b7">
         <name>.debug_abbrev</name>
         <load_address>0x216f</load_address>
         <run_address>0x216f</run_address>
         <size>0x38</size>
         <input_file_ref idref="fl-2c"/>
      </object_component>
      <object_component id="oc-be">
         <name>.debug_abbrev</name>
         <load_address>0x21a7</load_address>
         <run_address>0x21a7</run_address>
         <size>0x1de</size>
         <input_file_ref idref="fl-2d"/>
      </object_component>
      <object_component id="oc-c2">
         <name>.debug_abbrev</name>
         <load_address>0x2385</load_address>
         <run_address>0x2385</run_address>
         <size>0xdc</size>
         <input_file_ref idref="fl-2e"/>
      </object_component>
      <object_component id="oc-c6">
         <name>.debug_abbrev</name>
         <load_address>0x2461</load_address>
         <run_address>0x2461</run_address>
         <size>0x81</size>
         <input_file_ref idref="fl-2f"/>
      </object_component>
      <object_component id="oc-ca">
         <name>.debug_abbrev</name>
         <load_address>0x24e2</load_address>
         <run_address>0x24e2</run_address>
         <size>0xa6</size>
         <input_file_ref idref="fl-30"/>
      </object_component>
      <object_component id="oc-ce">
         <name>.debug_abbrev</name>
         <load_address>0x2588</load_address>
         <run_address>0x2588</run_address>
         <size>0xb5</size>
         <input_file_ref idref="fl-31"/>
      </object_component>
      <object_component id="oc-d2">
         <name>.debug_abbrev</name>
         <load_address>0x263d</load_address>
         <run_address>0x263d</run_address>
         <size>0x8f</size>
         <input_file_ref idref="fl-32"/>
      </object_component>
      <object_component id="oc-d6">
         <name>.debug_abbrev</name>
         <load_address>0x26cc</load_address>
         <run_address>0x26cc</run_address>
         <size>0x38</size>
         <input_file_ref idref="fl-33"/>
      </object_component>
      <object_component id="oc-da">
         <name>.debug_abbrev</name>
         <load_address>0x2704</load_address>
         <run_address>0x2704</run_address>
         <size>0xd4</size>
         <input_file_ref idref="fl-34"/>
      </object_component>
      <object_component id="oc-de">
         <name>.debug_abbrev</name>
         <load_address>0x27d8</load_address>
         <run_address>0x27d8</run_address>
         <size>0xa6</size>
         <input_file_ref idref="fl-35"/>
      </object_component>
      <object_component id="oc-e2">
         <name>.debug_abbrev</name>
         <load_address>0x287e</load_address>
         <run_address>0x287e</run_address>
         <size>0x118</size>
         <input_file_ref idref="fl-36"/>
      </object_component>
      <object_component id="oc-e6">
         <name>.debug_abbrev</name>
         <load_address>0x2996</load_address>
         <run_address>0x2996</run_address>
         <size>0x81</size>
         <input_file_ref idref="fl-37"/>
      </object_component>
      <object_component id="oc-ea">
         <name>.debug_abbrev</name>
         <load_address>0x2a17</load_address>
         <run_address>0x2a17</run_address>
         <size>0xbf</size>
         <input_file_ref idref="fl-38"/>
      </object_component>
      <object_component id="oc-f1">
         <name>.debug_abbrev</name>
         <load_address>0x2ad6</load_address>
         <run_address>0x2ad6</run_address>
         <size>0x108</size>
         <input_file_ref idref="fl-39"/>
      </object_component>
      <object_component id="oc-f6">
         <name>.debug_abbrev</name>
         <load_address>0x2bde</load_address>
         <run_address>0x2bde</run_address>
         <size>0x8d</size>
         <input_file_ref idref="fl-3a"/>
      </object_component>
      <object_component id="oc-fb">
         <name>.debug_abbrev</name>
         <load_address>0x2c6b</load_address>
         <run_address>0x2c6b</run_address>
         <size>0xf3</size>
         <input_file_ref idref="fl-3b"/>
      </object_component>
      <object_component id="oc-11c">
         <name>.debug_abbrev</name>
         <load_address>0x2d5e</load_address>
         <run_address>0x2d5e</run_address>
         <size>0xd</size>
      </object_component>
   </object_component_list>
   <logical_group_list>
      <logical_group id="lg-2">
         <name>vectors</name>
         <load_address>0xffff00</load_address>
         <run_address>0xffff00</run_address>
         <size>0x100</size>
         <contents>
            <object_component_ref idref="oc-4a"/>
         </contents>
      </logical_group>
      <logical_group id="lg-3">
         <name>.cinit</name>
         <load_address>0x988</load_address>
         <run_address>0x988</run_address>
         <size>0x136</size>
         <contents>
            <object_component_ref idref="oc-2f"/>
            <object_component_ref idref="oc-1b"/>
            <object_component_ref idref="oc-10"/>
            <object_component_ref idref="oc-59"/>
            <object_component_ref idref="oc-20"/>
            <object_component_ref idref="oc-90"/>
            <object_component_ref idref="oc-bb"/>
            <object_component_ref idref="oc-ee"/>
         </contents>
      </logical_group>
      <logical_group id="lg-118">
         <name>.text.1</name>
         <load_address>0x10000</load_address>
         <run_address>0x10000</run_address>
         <size>0x1ffd</size>
         <contents>
            <object_component_ref idref="oc-5c"/>
            <object_component_ref idref="oc-d"/>
            <object_component_ref idref="oc-74"/>
            <object_component_ref idref="oc-49"/>
         </contents>
      </logical_group>
      <logical_group id="lg-119">
         <name>.text.2</name>
         <load_address>0x12000</load_address>
         <run_address>0x12000</run_address>
         <size>0x2000</size>
         <contents>
            <object_component_ref idref="oc-2c"/>
            <object_component_ref idref="oc-3e"/>
            <object_component_ref idref="oc-b8"/>
            <object_component_ref idref="oc-8d"/>
            <object_component_ref idref="oc-a4"/>
            <object_component_ref idref="oc-d7"/>
            <object_component_ref idref="oc-6e"/>
            <object_component_ref idref="oc-93"/>
            <object_component_ref idref="oc-f2"/>
            <object_component_ref idref="oc-bf"/>
            <object_component_ref idref="oc-eb"/>
            <object_component_ref idref="oc-36"/>
            <object_component_ref idref="oc-52"/>
            <object_component_ref idref="oc-4e"/>
            <object_component_ref idref="oc-e7"/>
         </contents>
      </logical_group>
      <logical_group id="lg-11a">
         <name>.text.3</name>
         <load_address>0x14000</load_address>
         <run_address>0x14000</run_address>
         <size>0xb46</size>
         <contents>
            <object_component_ref idref="oc-7c"/>
            <object_component_ref idref="oc-46"/>
            <object_component_ref idref="oc-28"/>
            <object_component_ref idref="oc-78"/>
            <object_component_ref idref="oc-24"/>
            <object_component_ref idref="oc-ac"/>
            <object_component_ref idref="oc-df"/>
            <object_component_ref idref="oc-e3"/>
            <object_component_ref idref="oc-98"/>
            <object_component_ref idref="oc-cb"/>
            <object_component_ref idref="oc-84"/>
            <object_component_ref idref="oc-43"/>
            <object_component_ref idref="oc-9c"/>
            <object_component_ref idref="oc-88"/>
            <object_component_ref idref="oc-66"/>
            <object_component_ref idref="oc-f7"/>
            <object_component_ref idref="oc-32"/>
            <object_component_ref idref="oc-6a"/>
            <object_component_ref idref="oc-62"/>
            <object_component_ref idref="oc-c7"/>
            <object_component_ref idref="oc-db"/>
            <object_component_ref idref="oc-b4"/>
            <object_component_ref idref="oc-1d"/>
            <object_component_ref idref="oc-c"/>
            <object_component_ref idref="oc-80"/>
            <object_component_ref idref="oc-d3"/>
            <object_component_ref idref="oc-3a"/>
            <object_component_ref idref="oc-b0"/>
            <object_component_ref idref="oc-a0"/>
            <object_component_ref idref="oc-cf"/>
            <object_component_ref idref="oc-a8"/>
            <object_component_ref idref="oc-56"/>
            <object_component_ref idref="oc-c3"/>
            <object_component_ref idref="oc-21"/>
         </contents>
      </logical_group>
      <split_section id="lg-4">
         <name>.text</name>
         <contents>
            <logical_group_ref idref="lg-118"/>
            <logical_group_ref idref="lg-119"/>
            <logical_group_ref idref="lg-11a"/>
         </contents>
      </split_section>
      <logical_group id="lg-5">
         <name>.stack</name>
         <run_address>0x588</run_address>
         <size>0x200</size>
         <contents>
            <object_component_ref idref="oc-15"/>
            <object_component_ref idref="oc-112"/>
         </contents>
      </logical_group>
      <logical_group id="lg-6">
         <name>.sysstack</name>
         <run_address>0x788</run_address>
         <size>0x200</size>
         <contents>
            <object_component_ref idref="oc-fc"/>
            <object_component_ref idref="oc-114"/>
         </contents>
      </logical_group>
      <logical_group id="lg-7">
         <name>.sysmem</name>
         <run_address>0x8000</run_address>
         <size>0x400</size>
         <contents>
            <object_component_ref idref="oc-bc"/>
            <object_component_ref idref="oc-113"/>
         </contents>
      </logical_group>
      <logical_group id="lg-8">
         <name>.data</name>
         <run_address>0x8000</run_address>
         <size>0x0</size>
         <contents>
         </contents>
      </logical_group>
      <logical_group id="lg-9">
         <name>.cio</name>
         <run_address>0x348</run_address>
         <size>0x240</size>
         <contents>
            <object_component_ref idref="oc-45"/>
         </contents>
      </logical_group>
      <logical_group id="lg-a">
         <name>.bss</name>
         <run_address>0xa000</run_address>
         <size>0x1504</size>
         <contents>
            <object_component_ref idref="oc-e"/>
[...]
         <name>_binary_to_integer</name>
         <value>0x11912</value>
         <object_component_ref idref="oc-d"/>
      </symbol>
      <symbol id="sm-f0">
         <name>_data_received</name>
         <value>0xa004</value>
         <object_component_ref idref="oc-e"/>
      </symbol>
      <symbol id="sm-f1">
         <name>_data_ascii</name>
         <value>0xa82a</value>
         <object_component_ref idref="oc-e"/>
      </symbol>
      <symbol id="sm-fd">
         <name>__sysstack</name>
         <value>0x788</value>
         <object_component_ref idref="oc-fc"/>
      </symbol>
      <symbol id="sm-fe">
         <name>_c_int00</name>
         <value>0x14a07</value>
         <object_component_ref idref="oc-c"/>
      </symbol>
      <symbol id="sm-ff">
         <name>__stack</name>
         <value>0x588</value>
         <object_component_ref idref="oc-15"/>
      </symbol>
      <symbol id="sm-109">
         <name>__tmpnams</name>
         <value>0xb120</value>
         <object_component_ref idref="oc-19"/>
      </symbol>
      <symbol id="sm-10a">
         <name>__ft_end</name>
         <value>0xb260</value>
         <object_component_ref idref="oc-19"/>
      </symbol>
      <symbol id="sm-10b">
         <name>__ftable</name>
         <value>0xb030</value>
         <object_component_ref idref="oc-19"/>
      </symbol>
      <symbol id="sm-11b">
         <name>C$$EXIT</name>
         <value>0x14b3f</value>
         <object_component_ref idref="oc-21"/>
      </symbol>
      <symbol id="sm-11c">
         <name>_exit</name>
         <value>0x149c9</value>
         <object_component_ref idref="oc-1d"/>
      </symbol>
      <symbol id="sm-11d">
         <name>_abort</name>
         <value>0x14b3e</value>
         <object_component_ref idref="oc-21"/>
      </symbol>
      <symbol id="sm-11e">
         <name>__cleanup_ptr</name>
         <value>0xb4fc</value>
         <object_component_ref idref="oc-1e"/>
      </symbol>
      <symbol id="sm-11f">
         <name>__dtors_ptr</name>
         <value>0xb500</value>
         <object_component_ref idref="oc-1e"/>
      </symbol>
      <symbol id="sm-129">
         <name>_getchar</name>
         <value>0x1434f</value>
         <object_component_ref idref="oc-24"/>
      </symbol>
      <symbol id="sm-12a">
         <name>_getc</name>
         <value>0x142c3</value>
         <object_component_ref idref="oc-24"/>
      </symbol>
      <symbol id="sm-12b">
         <name>_fgetc</name>
         <value>0x142c3</value>
         <object_component_ref idref="oc-24"/>
      </symbol>
      <symbol id="sm-135">
         <name>_putchar</name>
         <value>0x14213</value>
         <object_component_ref idref="oc-28"/>
      </symbol>
      <symbol id="sm-136">
         <name>_putc</name>
         <value>0x1417c</value>
         <object_component_ref idref="oc-28"/>
      </symbol>
      <symbol id="sm-137">
         <name>_fputc</name>
         <value>0x1417c</value>
         <object_component_ref idref="oc-28"/>
      </symbol>
      <symbol id="sm-149">
         <name>_add_device</name>
         <value>0x12453</value>
         <object_component_ref idref="oc-2c"/>
      </symbol>
      <symbol id="sm-14a">
         <name>_rename</name>
         <value>0x12175</value>
         <object_component_ref idref="oc-2c"/>
      </symbol>
      <symbol id="sm-14b">
         <name>_read</name>
         <value>0x12204</value>
         <object_component_ref idref="oc-2c"/>
      </symbol>
      <symbol id="sm-14c">
         <name>_unlink</name>
         <value>0x12142</value>
         <object_component_ref idref="oc-2c"/>
      </symbol>
      <symbol id="sm-14d">
         <name>_remove_device</name>
         <value>0x121ce</value>
         <object_component_ref idref="oc-2c"/>
      </symbol>
      <symbol id="sm-14e">
         <name>_open</name>
         <value>0x122b2</value>
         <object_component_ref idref="oc-2c"/>
      </symbol>
      <symbol id="sm-14f">
         <name>_find_registered_device</name>
         <value>0x123d7</value>
         <object_component_ref idref="oc-2c"/>
      </symbol>
      <symbol id="sm-150">
         <name>_lseek</name>
         <value>0x12371</value>
         <object_component_ref idref="oc-2c"/>
      </symbol>
      <symbol id="sm-151">
         <name>_close</name>
         <value>0x123e0</value>
         <object_component_ref idref="oc-2c"/>
      </symbol>
      <symbol id="sm-152">
         <name>_write</name>
         <value>0x12000</value>
         <object_component_ref idref="oc-2c"/>
      </symbol>
      <symbol id="sm-15c">
         <name>_printf</name>
         <value>0x1480f</value>
         <object_component_ref idref="oc-32"/>
      </symbol>
      <symbol id="sm-166">
         <name>_setvbuf</name>
         <value>0x13d84</value>
         <object_component_ref idref="oc-36"/>
      </symbol>
      <symbol id="sm-170">
         <name>_strcat</name>
         <value>0x14a8f</value>
         <object_component_ref idref="oc-3a"/>
      </symbol>
      <symbol id="sm-17c">
         <name>_HOSTopen</name>
         <value>0x1284e</value>
         <object_component_ref idref="oc-3e"/>
      </symbol>
      <symbol id="sm-17d">
         <name>_HOSTread</name>
         <value>0x127c1</value>
         <object_component_ref idref="oc-3e"/>
      </symbol>
      <symbol id="sm-17e">
         <name>_HOSTtime</name>
         <value>0x126b5</value>
         <object_component_ref idref="oc-3e"/>
      </symbol>
      <symbol id="sm-17f">
         <name>_getenv</name>
         <value>0x12543</value>
         <object_component_ref idref="oc-3e"/>
      </symbol>
      <symbol id="sm-180">
         <name>_HOSTrename</name>
         <value>0x12713</value>
         <object_component_ref idref="oc-3e"/>
      </symbol>
      <symbol id="sm-181">
         <name>_HOSTclock</name>
         <value>0x12a0d</value>
         <object_component_ref idref="oc-3e"/>
      </symbol>
      <symbol id="sm-182">
         <name>_HOSTwrite</name>
         <value>0x125be</value>
         <object_component_ref idref="oc-3e"/>
      </symbol>
      <symbol id="sm-183">
         <name>_HOSTlseek</name>
         <value>0x128ed</value>
         <object_component_ref idref="oc-3e"/>
      </symbol>
      <symbol id="sm-184">
         <name>_HOSTunlink</name>
         <value>0x1264b</value>
         <object_component_ref idref="oc-3e"/>
      </symbol>
      <symbol id="sm-185">
         <name>_HOSTclose</name>
         <value>0x129a2</value>
         <object_component_ref idref="oc-3e"/>
      </symbol>
      <symbol id="sm-197">
         <name>C$$IO$$</name>
         <value>0x14177</value>
         <object_component_ref idref="oc-46"/>
      </symbol>
      <symbol id="sm-198">
         <name>__CIOBUF_</name>
         <value>0x348</value>
         <object_component_ref idref="oc-45"/>
      </symbol>
      <symbol id="sm-199">
         <name>_readmsg</name>
         <value>0x14620</value>
         <object_component_ref idref="oc-43"/>
      </symbol>
      <symbol id="sm-19a">
         <name>_writemsg</name>
         <value>0x140c2</value>
         <object_component_ref idref="oc-46"/>
      </symbol>
      <symbol id="sm-1a4">
         <name>_Reset</name>
         <value>0xffff00</value>
         <object_component_ref idref="oc-4a"/>
      </symbol>
      <symbol id="sm-1ae">
         <name>__buff_read</name>
         <value>0x13f47</value>
         <object_component_ref idref="oc-4e"/>
      </symbol>
      <symbol id="sm-1b8">
         <name>__rd_ok</name>
         <value>0x13eea</value>
         <object_component_ref idref="oc-52"/>
      </symbol>
      <symbol id="sm-1b9">
         <name>__wrt_ok</name>
         <value>0x13e6a</value>
         <object_component_ref idref="oc-52"/>
      </symbol>
      <symbol id="sm-1c7">
         <name>__unlock</name>
         <value>0xb4f8</value>
         <object_component_ref idref="oc-57"/>
      </symbol>
      <symbol id="sm-1c8">
         <name>__lock</name>
         <value>0xb4f4</value>
         <object_component_ref idref="oc-57"/>
      </symbol>
      <symbol id="sm-1c9">
         <name>__register_lock</name>
         <value>0x14b24</value>
         <object_component_ref idref="oc-56"/>
      </symbol>
      <symbol id="sm-1ca">
         <name>__nop</name>
         <value>0x14b2c</value>
         <object_component_ref idref="oc-56"/>
      </symbol>
      <symbol id="sm-1cb">
         <name>__register_unlock</name>
         <value>0x14b1c</value>
         <object_component_ref idref="oc-56"/>
      </symbol>
      <symbol id="sm-1dd">
         <name>__printfi</name>
         <value>0x11362</value>
         <object_component_ref idref="oc-5c"/>
      </symbol>
      <symbol id="sm-1e7">
         <name>__args_main</name>
         <value>0x148ac</value>
         <object_component_ref idref="oc-62"/>
      </symbol>
      <symbol id="sm-1e8">
         <name>__TI_args_main</name>
         <value>0x1</value>
      </symbol>
      <symbol id="sm-1f2">
         <name>_atoi</name>
         <value>0x1475f</value>
         <object_component_ref idref="oc-66"/>
      </symbol>
      <symbol id="sm-1fa">
         <name>_auto_init</name>
         <value>0x1485f</value>
         <object_component_ref idref="oc-6a"/>
      </symbol>
      <symbol id="sm-204">
         <name>__eqld</name>
         <value>0x137b5</value>
         <object_component_ref idref="oc-6e"/>
      </symbol>
      <symbol id="sm-205">
         <name>__cmpd</name>
         <value>0x137e9</value>
         <object_component_ref idref="oc-6e"/>
      </symbol>
      <symbol id="sm-206">
         <name>__neqd</name>
         <value>0x13657</value>
         <object_component_ref idref="oc-6e"/>
      </symbol>
      <symbol id="sm-207">
         <name>__gtrd</name>
         <value>0x13720</value>
         <object_component_ref idref="oc-6e"/>
      </symbol>
      <symbol id="sm-208">
         <name>__geqd</name>
         <value>0x1376b</value>
         <object_component_ref idref="oc-6e"/>
      </symbol>
      <symbol id="sm-209">
         <name>__leqd</name>
         <value>0x136d3</value>
         <object_component_ref idref="oc-6e"/>
      </symbol>
      <symbol id="sm-20a">
         <name>__lssd</name>
         <value>0x1368b</value>
         <object_component_ref idref="oc-6e"/>
      </symbol>
      <symbol id="sm-212">
         <name>__ctypes_</name>
         <value>0xc0</value>
         <object_component_ref idref="oc-fd"/>
      </symbol>
      <symbol id="sm-21e">
         <name>__divd</name>
         <value>0x11c2e</value>
         <object_component_ref idref="oc-74"/>
      </symbol>
      <symbol id="sm-229">
         <name>__divul</name>
         <value>0x14222</value>
         <object_component_ref idref="oc-78"/>
      </symbol>
      <symbol id="sm-233">
         <name>__doflush</name>
         <value>0x14000</value>
         <object_component_ref idref="oc-7c"/>
      </symbol>
      <symbol id="sm-234">
         <name>_fflush</name>
         <value>0x14069</value>
         <object_component_ref idref="oc-7c"/>
      </symbol>
      <symbol id="sm-23e">
         <name>__fixdi</name>
         <value>0x14a3b</value>
         <object_component_ref idref="oc-80"/>
      </symbol>
      <symbol id="sm-248">
         <name>__fixdli</name>
         <value>0x145b1</value>
         <object_component_ref idref="oc-84"/>
      </symbol>
      <symbol id="sm-254">
         <name>__fltlid</name>
         <value>0x146f8</value>
         <object_component_ref idref="oc-88"/>
      </symbol>
      <symbol id="sm-263">
         <name>__cleanup</name>
         <value>0x13041</value>
         <object_component_ref idref="oc-8d"/>
      </symbol>
      <symbol id="sm-264">
         <name>_fopen</name>
         <value>0x13164</value>
         <object_component_ref idref="oc-8d"/>
      </symbol>
      <symbol id="sm-265">
         <name>_freopen</name>
         <value>0x1309b</value>
         <object_component_ref idref="oc-8d"/>
      </symbol>
      <symbol id="sm-273">
         <name>_puts</name>
         <value>0x13976</value>
         <object_component_ref idref="oc-93"/>
      </symbol>
      <symbol id="sm-274">
         <name>_fputs</name>
         <value>0x13841</value>
         <object_component_ref idref="oc-93"/>
      </symbol>
      <symbol id="sm-27e">
         <name>__frcmpyd_div</name>
         <value>0x144cc</value>
         <object_component_ref idref="oc-98"/>
      </symbol>
      <symbol id="sm-288">
         <name>_fseek</name>
         <value>0x1468d</value>
         <object_component_ref idref="oc-9c"/>
      </symbol>
      <symbol id="sm-292">
         <name>___isinf</name>
         <value>0x14adb</value>
         <object_component_ref idref="oc-a0"/>
      </symbol>
      <symbol id="sm-29c">
         <name>__divull</name>
         <value>0x132d4</value>
         <object_component_ref idref="oc-a4"/>
      </symbol>
      <symbol id="sm-29d">
         <name>__mpylli</name>
         <value>0x1321c</value>
         <object_component_ref idref="oc-a4"/>
      </symbol>
      <symbol id="sm-29e">
         <name>__remlli</name>
         <value>0x131ed</value>
         <object_component_ref idref="oc-a4"/>
      </symbol>
      <symbol id="sm-29f">
         <name>__divlli</name>
         <value>0x133c8</value>
         <object_component_ref idref="oc-a4"/>
      </symbol>
      <symbol id="sm-2a0">
         <name>__remull</name>
         <value>0x1319f</value>
         <object_component_ref idref="oc-a4"/>
      </symbol>
      <symbol id="sm-2a8">
         <name>__mpyli</name>
         <value>0x14b09</value>
         <object_component_ref idref="oc-a8"/>
      </symbol>
      <symbol id="sm-2a9">
         <name>I$$LMPY</name>
         <value>0x14b09</value>
         <object_component_ref idref="oc-a8"/>
      </symbol>
      <symbol id="sm-2b3">
         <name>_ltoa</name>
         <value>0x1435e</value>
         <object_component_ref idref="oc-ac"/>
      </symbol>
      <symbol id="sm-2be">
         <name>_memccpy</name>
         <value>0x14ab8</value>
         <object_component_ref idref="oc-b0"/>
      </symbol>
      <symbol id="sm-2c6">
         <name>_memcpy</name>
         <value>0x1498a</value>
         <object_component_ref idref="oc-b4"/>
      </symbol>
      <symbol id="sm-2d6">
         <name>__sys_memory</name>
         <value>0x8000</value>
         <object_component_ref idref="oc-bc"/>
      </symbol>
      <symbol id="sm-2d7">
         <name>_chkheap</name>
         <value>0x12ef2</value>
         <object_component_ref idref="oc-b8"/>
      </symbol>
      <symbol id="sm-2d8">
         <name>_realloc</name>
         <value>0x12c91</value>
         <object_component_ref idref="oc-b8"/>
      </symbol>
      <symbol id="sm-2d9">
         <name>_free_memory</name>
         <value>0x12e9c</value>
         <object_component_ref idref="oc-b8"/>
      </symbol>
      <symbol id="sm-2da">
         <name>_max_free</name>
         <value>0x12e42</value>
         <object_component_ref idref="oc-b8"/>
      </symbol>
      <symbol id="sm-2db">
         <name>_free</name>
         <value>0x12a6b</value>
         <object_component_ref idref="oc-b8"/>
      </symbol>
      <symbol id="sm-2dc">
         <name>_calloc</name>
         <value>0x12efa</value>
         <object_component_ref idref="oc-b8"/>
      </symbol>
      <symbol id="sm-2dd">
         <name>_malloc</name>
         <value>0x12b9c</value>
         <object_component_ref idref="oc-b8"/>
      </symbol>
      <symbol id="sm-2de">
         <name>_minit</name>
         <value>0x12b37</value>
         <object_component_ref idref="oc-b8"/>
      </symbol>
      <symbol id="sm-2e8">
         <name>__mpyd</name>
         <value>0x13afa</value>
         <object_component_ref idref="oc-bf"/>
      </symbol>
      <symbol id="sm-2f2">
         <name>__negd</name>
         <value>0x14b2e</value>
         <object_component_ref idref="oc-c3"/>
      </symbol>
      <symbol id="sm-2fc">
         <name>__remli</name>
         <value>0x148f7</value>
         <object_component_ref idref="oc-c7"/>
      </symbol>
      <symbol id="sm-307">
         <name>__remul</name>
         <value>0x1453f</value>
         <object_component_ref idref="oc-cb"/>
      </symbol>
      <symbol id="sm-311">
         <name>__subd</name>
         <value>0x14af5</value>
         <object_component_ref idref="oc-cf"/>
      </symbol>
      <symbol id="sm-319">
         <name>__remu</name>
         <value>0x14a7a</value>
         <object_component_ref idref="oc-d3"/>
      </symbol>
      <symbol id="sm-31a">
         <name>__divu</name>
         <value>0x14a65</value>
         <object_component_ref idref="oc-d3"/>
      </symbol>
      <symbol id="sm-31b">
         <name>I$$UMOD</name>
         <value>0x14a7a</value>
         <object_component_ref idref="oc-d3"/>
      </symbol>
      <symbol id="sm-31c">
         <name>I$$UDIV</name>
         <value>0x14a65</value>
         <object_component_ref idref="oc-d3"/>
      </symbol>
      <symbol id="sm-326">
         <name>__addd</name>
         <value>0x133fd</value>
         <object_component_ref idref="oc-d7"/>
      </symbol>
      <symbol id="sm-330">
         <name>__divli</name>
         <value>0x14942</value>
         <object_component_ref idref="oc-db"/>
      </symbol>
      <symbol id="sm-33a">
         <name>_fclose</name>
         <value>0x143db</value>
         <object_component_ref idref="oc-df"/>
      </symbol>
      <symbol id="sm-344">
         <name>__frcmpyd</name>
         <value>0x14456</value>
         <object_component_ref idref="oc-e3"/>
      </symbol>
      <symbol id="sm-34e">
         <name>_remove</name>
         <value>0x13ff5</value>
         <object_component_ref idref="oc-e7"/>
      </symbol>
      <symbol id="sm-376">
         <name>_USBSTK5515_I2C_reset</name>
         <value>0x13c6e</value>
         <object_component_ref idref="oc-eb"/>
      </symbol>
      <symbol id="sm-377">
         <name>_USBSTK5515_I2C_read</name>
         <value>0x13d0b</value>
         <object_component_ref idref="oc-eb"/>
      </symbol>
      <symbol id="sm-378">
         <name>_USBSTK5515_I2C_write</name>
         <value>0x13c7c</value>
         <object_component_ref idref="oc-eb"/>
      </symbol>
      <symbol id="sm-379">
         <name>_USBSTK5515_I2C_close</name>
         <value>0x13c65</value>
         <object_component_ref idref="oc-eb"/>
      </symbol>
      <symbol id="sm-37a">
         <name>_i2c_timeout</name>
         <value>0xb4e6</value>
         <object_component_ref idref="oc-ec"/>
      </symbol>
      <symbol id="sm-37b">
         <name>_USBSTK5515_I2C_init</name>
         <value>0x13c46</value>
         <object_component_ref idref="oc-eb"/>
      </symbol>
      <symbol id="sm-38f">
         <name>_USBSTK5515_GPIO_setDirection</name>
         <value>0x139a8</value>
         <object_component_ref idref="oc-f2"/>
      </symbol>
      <symbol id="sm-390">
         <name>_USBSTK5515_GPIO_getInput</name>
         <value>0x13aa2</value>
         <object_component_ref idref="oc-f2"/>
      </symbol>
      <symbol id="sm-391">
         <name>_USBSTK5515_GPIO_init</name>
         <value>0x139a4</value>
         <object_component_ref idref="oc-f2"/>
      </symbol>
      <symbol id="sm-392">
         <name>_USBSTK5515_GPIO_setOutput</name>
         <value>0x13a25</value>
         <object_component_ref idref="oc-f2"/>
      </symbol>
      <symbol id="sm-3a0">
         <name>_USBSTK5515_wait</name>
         <value>0x147bb</value>
         <object_component_ref idref="oc-f7"/>
      </symbol>
      <symbol id="sm-3a1">
         <name>_USBSTK5515_init</name>
         <value>0x14801</value>
         <object_component_ref idref="oc-f7"/>
      </symbol>
      <symbol id="sm-3a2">
         <name>_USBSTK5515_waitusec</name>
         <value>0x147ef</value>
         <object_component_ref idref="oc-f7"/>
      </symbol>
   </symbol_table>
</link_info>
